<testsuites id="" name="" tests="35" failures="28" skipped="0" errors="0" time="627.355096">
<testsuite name="accessibility.spec.ts" timestamp="2025-10-28T21:16:54.206Z" hostname="chromium" tests="7" failures="4" skipped="0" time="211.407" errors="0">
<testcase name="Accessibility Tests › Homepage should be accessible" classname="accessibility.spec.ts" time="56.812">
<failure message="accessibility.spec.ts:5:7 Homepage should be accessible" type="FAILURE">
<![CDATA[  [chromium] › accessibility.spec.ts:5:7 › Accessibility Tests › Homepage should be accessible ─────

    Test timeout of 30000ms exceeded.

    Error: frame.evaluate: Test timeout of 30000ms exceeded.

       7 |     
       8 |     // Check for basic accessibility issues
    >  9 |     const accessibilityScanResults = await new AxeBuilder({ page }).analyze();
         |                                      ^
      10 |     
      11 |     expect(accessibilityScanResults.violations).toEqual([]);
      12 |   });
        at AxeBuilder.runPartialRecursive (/Users/asithalakmal/Documents/web/SmartHotel/node_modules/@axe-core/playwright/dist/index.js:318:34)
        at AxeBuilder.analyze (/Users/asithalakmal/Documents/web/SmartHotel/node_modules/@axe-core/playwright/dist/index.js:245:28)
        at /Users/asithalakmal/Documents/web/SmartHotel/tests/e2e/accessibility.spec.ts:9:38

    attachment #1: video (video/webm) ──────────────────────────────────────────────────────────────
    ../../test-results/accessibility-Accessibilit-1c1c4-mepage-should-be-accessible-chromium/video.webm
    ────────────────────────────────────────────────────────────────────────────────────────────────

    Error Context: ../../test-results/accessibility-Accessibilit-1c1c4-mepage-should-be-accessible-chromium/error-context.md
]]>
</failure>
<system-out>
<![CDATA[
[[ATTACHMENT|accessibility-Accessibilit-1c1c4-mepage-should-be-accessible-chromium/video.webm]]

[[ATTACHMENT|accessibility-Accessibilit-1c1c4-mepage-should-be-accessible-chromium/error-context.md]]
]]>
</system-out>
</testcase>
<testcase name="Accessibility Tests › Booking page should be accessible" classname="accessibility.spec.ts" time="55.162">
<failure message="accessibility.spec.ts:14:7 Booking page should be accessible" type="FAILURE">
<![CDATA[  [chromium] › accessibility.spec.ts:14:7 › Accessibility Tests › Booking page should be accessible 

    Test timeout of 30000ms exceeded.

    Error: page.evaluate: Target page, context or browser has been closed
     Please check out https://github.com/dequelabs/axe-core-npm/blob/develop/packages/playwright/error-handling.md

      15 |     await page.goto('/booking');
      16 |     
    > 17 |     const accessibilityScanResults = await new AxeBuilder({ page }).analyze();
         |                                      ^
      18 |     
      19 |     expect(accessibilityScanResults.violations).toEqual([]);
      20 |   });
        at AxeBuilder.analyze (/Users/asithalakmal/Documents/web/SmartHotel/node_modules/@axe-core/playwright/dist/index.js:253:13)
        at /Users/asithalakmal/Documents/web/SmartHotel/tests/e2e/accessibility.spec.ts:17:38

    attachment #1: screenshot (image/png) ──────────────────────────────────────────────────────────
    ../../test-results/accessibility-Accessibilit-fc392-g-page-should-be-accessible-chromium/test-failed-1.png
    ────────────────────────────────────────────────────────────────────────────────────────────────

    attachment #2: video (video/webm) ──────────────────────────────────────────────────────────────
    ../../test-results/accessibility-Accessibilit-fc392-g-page-should-be-accessible-chromium/video-1.webm
    ────────────────────────────────────────────────────────────────────────────────────────────────

    attachment #3: video (video/webm) ──────────────────────────────────────────────────────────────
    ../../test-results/accessibility-Accessibilit-fc392-g-page-should-be-accessible-chromium/video.webm
    ────────────────────────────────────────────────────────────────────────────────────────────────

    Error Context: ../../test-results/accessibility-Accessibilit-fc392-g-page-should-be-accessible-chromium/error-context.md
]]>
</failure>
<system-out>
<![CDATA[
[[ATTACHMENT|accessibility-Accessibilit-fc392-g-page-should-be-accessible-chromium/test-failed-1.png]]

[[ATTACHMENT|accessibility-Accessibilit-fc392-g-page-should-be-accessible-chromium/video-1.webm]]

[[ATTACHMENT|accessibility-Accessibilit-fc392-g-page-should-be-accessible-chromium/video.webm]]

[[ATTACHMENT|accessibility-Accessibilit-fc392-g-page-should-be-accessible-chromium/error-context.md]]
]]>
</system-out>
</testcase>
<testcase name="Accessibility Tests › Contact page should be accessible" classname="accessibility.spec.ts" time="36.06">
<failure message="accessibility.spec.ts:22:7 Contact page should be accessible" type="FAILURE">
<![CDATA[  [chromium] › accessibility.spec.ts:22:7 › Accessibility Tests › Contact page should be accessible 

    Test timeout of 30000ms exceeded.

    Error: browserContext.newPage: Test timeout of 30000ms exceeded.
     Please check out https://github.com/dequelabs/axe-core-npm/blob/develop/packages/playwright/error-handling.md

      23 |     await page.goto('/contact');
      24 |     
    > 25 |     const accessibilityScanResults = await new AxeBuilder({ page }).analyze();
         |                                      ^
      26 |     
      27 |     expect(accessibilityScanResults.violations).toEqual([]);
      28 |   });
        at AxeBuilder.analyze (/Users/asithalakmal/Documents/web/SmartHotel/node_modules/@axe-core/playwright/dist/index.js:253:13)
        at /Users/asithalakmal/Documents/web/SmartHotel/tests/e2e/accessibility.spec.ts:25:38

    attachment #1: screenshot (image/png) ──────────────────────────────────────────────────────────
    ../../test-results/accessibility-Accessibilit-b4625-t-page-should-be-accessible-chromium/test-failed-1.png
    ────────────────────────────────────────────────────────────────────────────────────────────────

    attachment #2: video (video/webm) ──────────────────────────────────────────────────────────────
    ../../test-results/accessibility-Accessibilit-b4625-t-page-should-be-accessible-chromium/video.webm
    ────────────────────────────────────────────────────────────────────────────────────────────────

    Error Context: ../../test-results/accessibility-Accessibilit-b4625-t-page-should-be-accessible-chromium/error-context.md
]]>
</failure>
<system-out>
<![CDATA[
[[ATTACHMENT|accessibility-Accessibilit-b4625-t-page-should-be-accessible-chromium/test-failed-1.png]]

[[ATTACHMENT|accessibility-Accessibilit-b4625-t-page-should-be-accessible-chromium/video.webm]]

[[ATTACHMENT|accessibility-Accessibilit-b4625-t-page-should-be-accessible-chromium/error-context.md]]
]]>
</system-out>
</testcase>
<testcase name="Accessibility Tests › Navigation should be keyboard accessible" classname="accessibility.spec.ts" time="32.952">
</testcase>
<testcase name="Accessibility Tests › Forms should have proper labels" classname="accessibility.spec.ts" time="7.126">
</testcase>
<testcase name="Accessibility Tests › Images should have alt text" classname="accessibility.spec.ts" time="8.074">
</testcase>
<testcase name="Accessibility Tests › Color contrast should meet WCAG standards" classname="accessibility.spec.ts" time="15.221">
<failure message="accessibility.spec.ts:67:7 Color contrast should meet WCAG standards" type="FAILURE">
<![CDATA[  [chromium] › accessibility.spec.ts:67:7 › Accessibility Tests › Color contrast should meet WCAG standards 

    Error: expect(received).toEqual(expected) // deep equality

    - Expected  -   1
    + Received  + 800

    - Array []
    + Array [
    +   Object {
    +     "description": "Ensure the contrast between foreground and background colors meets WCAG 2 AA minimum contrast ratio thresholds",
    +     "help": "Elements must meet minimum color contrast ratio thresholds",
    +     "helpUrl": "https://dequeuniversity.com/rules/axe/4.10/color-contrast?application=playwright",
    +     "id": "color-contrast",
    +     "impact": "serious",
    +     "nodes": Array [
    +       Object {
    +         "all": Array [],
    +         "any": Array [
    +           Object {
    +             "data": Object {
    +               "bgColor": "#d97706",
    +               "contrastRatio": 3.18,
    +               "expectedContrastRatio": "4.5:1",
    +               "fgColor": "#ffffff",
    +               "fontSize": "10.5pt (14px)",
    +               "fontWeight": "normal",
    +               "messageKey": null,
    +             },
    +             "id": "color-contrast",
    +             "impact": "serious",
    +             "message": "Element has insufficient color contrast of 3.18 (foreground color: #ffffff, background color: #d97706, font size: 10.5pt (14px), font weight: normal). Expected contrast ratio of 4.5:1",
    +             "relatedNodes": Array [
    +               Object {
    +                 "html": "<div class=\"bg-amber-600 text-white py-2\">",
    +                 "target": Array [
    +                   "body > .py-2.bg-amber-600.text-white",
    +                 ],
    +               },
    +             ],
    +           },
    +         ],
    +         "failureSummary": "Fix any of the following:
    +   Element has insufficient color contrast of 3.18 (foreground color: #ffffff, background color: #d97706, font size: 10.5pt (14px), font weight: normal). Expected contrast ratio of 4.5:1",
    +         "html": "<span>+1 (212) 555-0123</span>",
    +         "impact": "serious",
    +         "none": Array [],
    +         "target": Array [
    +           ".gap-2.items-center.flex:nth-child(1) > span",
    +         ],
    +       },
    +       Object {
    +         "all": Array [],
    +         "any": Array [
    +           Object {
    +             "data": Object {
    +               "bgColor": "#d97706",
    +               "contrastRatio": 3.18,
    +               "expectedContrastRatio": "4.5:1",
    +               "fgColor": "#ffffff",
    +               "fontSize": "10.5pt (14px)",
    +               "fontWeight": "normal",
    +               "messageKey": null,
    +             },
    +             "id": "color-contrast",
    +             "impact": "serious",
    +             "message": "Element has insufficient color contrast of 3.18 (foreground color: #ffffff, background color: #d97706, font size: 10.5pt (14px), font weight: normal). Expected contrast ratio of 4.5:1",
    +             "relatedNodes": Array [
    +               Object {
    +                 "html": "<div class=\"bg-amber-600 text-white py-2\">",
    +                 "target": Array [
    +                   "body > .py-2.bg-amber-600.text-white",
    +                 ],
    +               },
    +             ],
    +           },
    +         ],
    +         "failureSummary": "Fix any of the following:
    +   Element has insufficient color contrast of 3.18 (foreground color: #ffffff, background color: #d97706, font size: 10.5pt (14px), font weight: normal). Expected contrast ratio of 4.5:1",
    +         "html": "<span>reservations@grandpalacehotel.com</span>",
    +         "impact": "serious",
    +         "none": Array [],
    +         "target": Array [
    +           ".sm\\:mb-0 > .gap-2.items-center.flex:nth-child(2) > span",
    +         ],
    +       },
    +       Object {
    +         "all": Array [],
    +         "any": Array [
    +           Object {
    +             "data": Object {
    +               "bgColor": "#d97706",
    +               "contrastRatio": 3.18,
    +               "expectedContrastRatio": "4.5:1",
    +               "fgColor": "#ffffff",
    +               "fontSize": "10.5pt (14px)",
    +               "fontWeight": "normal",
    +               "messageKey": null,
    +             },
    +             "id": "color-contrast",
    +             "impact": "serious",
    +             "message": "Element has insufficient color contrast of 3.18 (foreground color: #ffffff, background color: #d97706, font size: 10.5pt (14px), font weight: normal). Expected contrast ratio of 4.5:1",
    +             "relatedNodes": Array [
    +               Object {
    +                 "html": "<div class=\"bg-amber-600 text-white py-2\">",
    +                 "target": Array [
    +                   "body > .py-2.bg-amber-600.text-white",
    +                 ],
    +               },
    +             ],
    +           },
    +         ],
    +         "failureSummary": "Fix any of the following:
    +   Element has insufficient color contrast of 3.18 (foreground color: #ffffff, background color: #d97706, font size: 10.5pt (14px), font weight: normal). Expected contrast ratio of 4.5:1",
    +         "html": "<span>1235 Park Avenue, New York, NY 10029</span>",
    +         "impact": "serious",
    +         "none": Array [],
    +         "target": Array [
    +           ".sm\\:flex-row.flex-col.justify-between > .gap-2.items-center.flex > span",
    +         ],
    +       },
    +       Object {
    +         "all": Array [],
    +         "any": Array [
    +           Object {
    +             "data": Object {
    +               "bgColor": "#d97706",
    +               "contrastRatio": 3.18,
    +               "expectedContrastRatio": "4.5:1",
    +               "fgColor": "#ffffff",
    +               "fontSize": "12.0pt (16px)",
    +               "fontWeight": "normal",
    +               "messageKey": null,
    +             },
    +             "id": "color-contrast",
    +             "impact": "serious",
    +             "message": "Element has insufficient color contrast of 3.18 (foreground color: #ffffff, background color: #d97706, font size: 12.0pt (16px), font weight: normal). Expected contrast ratio of 4.5:1",
    +             "relatedNodes": Array [
    +               Object {
    +                 "html": "<a class=\"bg-amber-600 hover:bg-amber-700 text-white px-6 py-2 rounded-lg font-medium transition-colors\" href=\"/booking\">Book Now</a>",
    +                 "target": Array [
    +                   ".px-6",
    +                 ],
    +               },
    +             ],
    +           },
    +         ],
    +         "failureSummary": "Fix any of the following:
    +   Element has insufficient color contrast of 3.18 (foreground color: #ffffff, background color: #d97706, font size: 12.0pt (16px), font weight: normal). Expected contrast ratio of 4.5:1",
    +         "html": "<a class=\"bg-amber-600 hover:bg-amber-700 text-white px-6 py-2 rounded-lg font-medium transition-colors\" href=\"/booking\">Book Now</a>",
    +         "impact": "serious",
    +         "none": Array [],
    +         "target": Array [
    +           ".px-6",
    +         ],
    +       },
    +       Object {
    +         "all": Array [],
    +         "any": Array [
    +           Object {
    +             "data": Object {
    +               "bgColor": "#d97706",
    +               "contrastRatio": 3.18,
    +               "expectedContrastRatio": "4.5:1",
    +               "fgColor": "#ffffff",
    +               "fontSize": "13.5pt (18px)",
    +               "fontWeight": "normal",
    +               "messageKey": null,
    +             },
    +             "id": "color-contrast",
    +             "impact": "serious",
    +             "message": "Element has insufficient color contrast of 3.18 (foreground color: #ffffff, background color: #d97706, font size: 13.5pt (18px), font weight: normal). Expected contrast ratio of 4.5:1",
    +             "relatedNodes": Array [
    +               Object {
    +                 "html": "<button class=\"inline-flex items-center justify-center transition-colors focus-visible:outline-none focus-visible:ring-2 focus-visible:ring-ring focus-visible:ring-offset-2 disabled:opacity-50 disabled:pointer-events-none ring-offset-background h-11 rounded-md bg-amber-600 hover:bg-amber-700 text-white px-8 py-4 text-lg font-semibold\">",
    +                 "target": Array [
    +                   "a[href$=\"booking\"] > .h-11.focus-visible\\:outline-none.focus-visible\\:ring-2",
    +                 ],
    +               },
    +             ],
    +           },
    +         ],
    +         "failureSummary": "Fix any of the following:
    +   Element has insufficient color contrast of 3.18 (foreground color: #ffffff, background color: #d97706, font size: 13.5pt (18px), font weight: normal). Expected contrast ratio of 4.5:1",
    +         "html": "<button class=\"inline-flex items-center justify-center transition-colors focus-visible:outline-none focus-visible:ring-2 focus-visible:ring-ring focus-visible:ring-offset-2 disabled:opacity-50 disabled:pointer-events-none ring-offset-background h-11 rounded-md bg-amber-600 hover:bg-amber-700 text-white px-8 py-4 text-lg font-semibold\">",
    +         "impact": "serious",
    +         "none": Array [],
    +         "target": Array [
    +           "a[href$=\"booking\"] > .h-11.focus-visible\\:outline-none.focus-visible\\:ring-2",
    +         ],
    +       },
    +       Object {
    +         "all": Array [],
    +         "any": Array [
    +           Object {
    +             "data": Object {
    +               "bgColor": "#d97706",
    +               "contrastRatio": 3.18,
    +               "expectedContrastRatio": "4.5:1",
    +               "fgColor": "#ffffff",
    +               "fontSize": "12.0pt (16px)",
    +               "fontWeight": "normal",
    +               "messageKey": null,
    +             },
    +             "id": "color-contrast",
    +             "impact": "serious",
    +             "message": "Element has insufficient color contrast of 3.18 (foreground color: #ffffff, background color: #d97706, font size: 12.0pt (16px), font weight: normal). Expected contrast ratio of 4.5:1",
    +             "relatedNodes": Array [
    +               Object {
    +                 "html": "<a class=\"inline-flex items-center gap-2 bg-amber-600 hover:bg-amber-700 text-white px-8 py-4 rounded-lg font-medium transition-colors\" href=\"/rooms\">",
    +                 "target": Array [
    +                   ".inline-flex.gap-2[href$=\"rooms\"]",
    +                 ],
    +               },
    +             ],
    +           },
    +         ],
    +         "failureSummary": "Fix any of the following:
    +   Element has insufficient color contrast of 3.18 (foreground color: #ffffff, background color: #d97706, font size: 12.0pt (16px), font weight: normal). Expected contrast ratio of 4.5:1",
    +         "html": "<a class=\"inline-flex items-center gap-2 bg-amber-600 hover:bg-amber-700 text-white px-8 py-4 rounded-lg font-medium transition-colors\" href=\"/rooms\">",
    +         "impact": "serious",
    +         "none": Array [],
    +         "target": Array [
    +           ".inline-flex.gap-2[href$=\"rooms\"]",
    +         ],
    +       },
    +       Object {
    +         "all": Array [],
    +         "any": Array [
    +           Object {
    +             "data": Object {
    +               "bgColor": "#d97706",
    +               "contrastRatio": 3.18,
    +               "expectedContrastRatio": "4.5:1",
    +               "fgColor": "#ffffff",
    +               "fontSize": "12.0pt (16px)",
    +               "fontWeight": "normal",
    +               "messageKey": null,
    +             },
    +             "id": "color-contrast",
    +             "impact": "serious",
    +             "message": "Element has insufficient color contrast of 3.18 (foreground color: #ffffff, background color: #d97706, font size: 12.0pt (16px), font weight: normal). Expected contrast ratio of 4.5:1",
    +             "relatedNodes": Array [
    +               Object {
    +                 "html": "<a class=\"inline-flex items-center gap-2 bg-amber-600 hover:bg-amber-700 text-white px-8 py-4 rounded-lg font-medium transition-colors\" href=\"/order\">",
    +                 "target": Array [
    +                   ".inline-flex.gap-2[href$=\"order\"]",
    +                 ],
    +               },
    +             ],
    +           },
    +         ],
    +         "failureSummary": "Fix any of the following:
    +   Element has insufficient color contrast of 3.18 (foreground color: #ffffff, background color: #d97706, font size: 12.0pt (16px), font weight: normal). Expected contrast ratio of 4.5:1",
    +         "html": "<a class=\"inline-flex items-center gap-2 bg-amber-600 hover:bg-amber-700 text-white px-8 py-4 rounded-lg font-medium transition-colors\" href=\"/order\">",
    +         "impact": "serious",
    +         "none": Array [],
    +         "target": Array [
    +           ".inline-flex.gap-2[href$=\"order\"]",
    +         ],
    +       },
    +       Object {
    +         "all": Array [],
    +         "any": Array [
    +           Object {
    +             "data": Object {
    +               "bgColor": "#ffffff",
    +               "contrastRatio": 3.18,
    +               "expectedContrastRatio": "4.5:1",
    +               "fgColor": "#d97706",
    +               "fontSize": "12.0pt (16px)",
    +               "fontWeight": "normal",
    +               "messageKey": null,
    +             },
    +             "id": "color-contrast",
    +             "impact": "serious",
    +             "message": "Element has insufficient color contrast of 3.18 (foreground color: #d97706, background color: #ffffff, font size: 12.0pt (16px), font weight: normal). Expected contrast ratio of 4.5:1",
    +             "relatedNodes": Array [
    +               Object {
    +                 "html": "<a class=\"bg-white text-amber-600 hover:bg-gray-100 px-8 py-4 rounded-lg font-medium transition-colors\" href=\"/booking\">Book Now</a>",
    +                 "target": Array [
    +                   ".hover\\:bg-gray-100",
    +                 ],
    +               },
    +             ],
    +           },
    +         ],
    +         "failureSummary": "Fix any of the following:
    +   Element has insufficient color contrast of 3.18 (foreground color: #d97706, background color: #ffffff, font size: 12.0pt (16px), font weight: normal). Expected contrast ratio of 4.5:1",
    +         "html": "<a class=\"bg-white text-amber-600 hover:bg-gray-100 px-8 py-4 rounded-lg font-medium transition-colors\" href=\"/booking\">Book Now</a>",
    +         "impact": "serious",
    +         "none": Array [],
    +         "target": Array [
    +           ".hover\\:bg-gray-100",
    +         ],
    +       },
    +     ],
    +     "tags": Array [
    +       "cat.color",
    +       "wcag2aa",
    +       "wcag143",
    +       "TTv5",
    +       "TT13.c",
    +       "EN-301-549",
    +       "EN-9.1.4.3",
    +       "ACT",
    +     ],
    +   },
    +   Object {
    +     "description": "Ensure every form element has a label",
    +     "help": "Form elements must have labels",
    +     "helpUrl": "https://dequeuniversity.com/rules/axe/4.10/label?application=playwright",
    +     "id": "label",
    +     "impact": "critical",
    +     "nodes": Array [
    +       Object {
    +         "all": Array [],
    +         "any": Array [
    +           Object {
    +             "data": null,
    +             "id": "implicit-label",
    +             "impact": "critical",
    +             "message": "Element does not have an implicit (wrapped) <label>",
    +             "relatedNodes": Array [],
    +           },
    +           Object {
    +             "data": null,
    +             "id": "explicit-label",
    +             "impact": "critical",
    +             "message": "Element does not have an explicit <label>",
    +             "relatedNodes": Array [],
    +           },
    +           Object {
    +             "data": null,
    +             "id": "aria-label",
    +             "impact": "critical",
    +             "message": "aria-label attribute does not exist or is empty",
    +             "relatedNodes": Array [],
    +           },
    +           Object {
    +             "data": null,
    +             "id": "aria-labelledby",
    +             "impact": "critical",
    +             "message": "aria-labelledby attribute does not exist, references elements that do not exist or references elements that are empty",
    +             "relatedNodes": Array [],
    +           },
    +           Object {
    +             "data": Object {
    +               "messageKey": "noAttr",
    +             },
    +             "id": "non-empty-title",
    +             "impact": "critical",
    +             "message": "Element has no title attribute",
    +             "relatedNodes": Array [],
    +           },
    +           Object {
    +             "data": Object {
    +               "messageKey": "noAttr",
    +             },
    +             "id": "non-empty-placeholder",
    +             "impact": "critical",
    +             "message": "Element has no placeholder attribute",
    +             "relatedNodes": Array [],
    +           },
    +           Object {
    +             "data": null,
    +             "id": "presentational-role",
    +             "impact": "critical",
    +             "message": "Element's default semantics were not overridden with role=\"none\" or role=\"presentation\"",
    +             "relatedNodes": Array [],
    +           },
    +         ],
    +         "failureSummary": "Fix any of the following:
    +   Element does not have an implicit (wrapped) <label>
    +   Element does not have an explicit <label>
    +   aria-label attribute does not exist or is empty
    +   aria-labelledby attribute does not exist, references elements that do not exist or references elements that are empty
    +   Element has no title attribute
    +   Element has no placeholder attribute
    +   Element's default semantics were not overridden with role=\"none\" or role=\"presentation\"",
    +         "html": "<input type=\"date\" class=\"w-full px-4 py-3 border border-gray-300 rounded-lg focus:ring-2 focus:ring-amber-500 focus:border-transparent\" value=\"\">",
    +         "impact": "critical",
    +         "none": Array [],
    +         "target": Array [
    +           "div:nth-child(1) > input",
    +         ],
    +       },
    +       Object {
    +         "all": Array [],
    +         "any": Array [
    +           Object {
    +             "data": null,
    +             "id": "implicit-label",
    +             "impact": "critical",
    +             "message": "Element does not have an implicit (wrapped) <label>",
    +             "relatedNodes": Array [],
    +           },
    +           Object {
    +             "data": null,
    +             "id": "explicit-label",
    +             "impact": "critical",
    +             "message": "Element does not have an explicit <label>",
    +             "relatedNodes": Array [],
    +           },
    +           Object {
    +             "data": null,
    +             "id": "aria-label",
    +             "impact": "critical",
    +             "message": "aria-label attribute does not exist or is empty",
    +             "relatedNodes": Array [],
    +           },
    +           Object {
    +             "data": null,
    +             "id": "aria-labelledby",
    +             "impact": "critical",
    +             "message": "aria-labelledby attribute does not exist, references elements that do not exist or references elements that are empty",
    +             "relatedNodes": Array [],
    +           },
    +           Object {
    +             "data": Object {
    +               "messageKey": "noAttr",
    +             },
    +             "id": "non-empty-title",
    +             "impact": "critical",
    +             "message": "Element has no title attribute",
    +             "relatedNodes": Array [],
    +           },
    +           Object {
    +             "data": Object {
    +               "messageKey": "noAttr",
    +             },
    +             "id": "non-empty-placeholder",
    +             "impact": "critical",
    +             "message": "Element has no placeholder attribute",
    +             "relatedNodes": Array [],
    +           },
    +           Object {
    +             "data": null,
    +             "id": "presentational-role",
    +             "impact": "critical",
    +             "message": "Element's default semantics were not overridden with role=\"none\" or role=\"presentation\"",
    +             "relatedNodes": Array [],
    +           },
    +         ],
    +         "failureSummary": "Fix any of the following:
    +   Element does not have an implicit (wrapped) <label>
    +   Element does not have an explicit <label>
    +   aria-label attribute does not exist or is empty
    +   aria-labelledby attribute does not exist, references elements that do not exist or references elements that are empty
    +   Element has no title attribute
    +   Element has no placeholder attribute
    +   Element's default semantics were not overridden with role=\"none\" or role=\"presentation\"",
    +         "html": "<input type=\"date\" class=\"w-full px-4 py-3 border border-gray-300 rounded-lg focus:ring-2 focus:ring-amber-500 focus:border-transparent\" value=\"\">",
    +         "impact": "critical",
    +         "none": Array [],
    +         "target": Array [
    +           "div:nth-child(2) > input",
    +         ],
    +       },
    +     ],
    +     "tags": Array [
    +       "cat.forms",
    +       "wcag2a",
    +       "wcag412",
    +       "section508",
    +       "section508.22.n",
    +       "TTv5",
    +       "TT5.c",
    +       "EN-301-549",
    +       "EN-9.4.1.2",
    +       "ACT",
    +     ],
    +   },
    +   Object {
    +     "description": "Ensure links have discernible text",
    +     "help": "Links must have discernible text",
    +     "helpUrl": "https://dequeuniversity.com/rules/axe/4.10/link-name?application=playwright",
    +     "id": "link-name",
    +     "impact": "serious",
    +     "nodes": Array [
    +       Object {
    +         "all": Array [],
    +         "any": Array [
    +           Object {
    +             "data": null,
    +             "id": "has-visible-text",
    +             "impact": "serious",
    +             "message": "Element does not have text that is visible to screen readers",
    +             "relatedNodes": Array [],
    +           },
    +           Object {
    +             "data": null,
    +             "id": "aria-label",
    +             "impact": "serious",
    +             "message": "aria-label attribute does not exist or is empty",
    +             "relatedNodes": Array [],
    +           },
    +           Object {
    +             "data": null,
    +             "id": "aria-labelledby",
    +             "impact": "serious",
    +             "message": "aria-labelledby attribute does not exist, references elements that do not exist or references elements that are empty",
    +             "relatedNodes": Array [],
    +           },
    +           Object {
    +             "data": Object {
    +               "messageKey": "noAttr",
    +             },
    +             "id": "non-empty-title",
    +             "impact": "serious",
    +             "message": "Element has no title attribute",
    +             "relatedNodes": Array [],
    +           },
    +         ],
    +         "failureSummary": "Fix all of the following:
    +   Element is in tab order and does not have accessible text
    +
    + Fix any of the following:
    +   Element does not have text that is visible to screen readers
    +   aria-label attribute does not exist or is empty
    +   aria-labelledby attribute does not exist, references elements that do not exist or references elements that are empty
    +   Element has no title attribute",
    +         "html": "<a href=\"#\" class=\"text-gray-400 hover:text-white transition-colors\">",
    +         "impact": "serious",
    +         "none": Array [
    +           Object {
    +             "data": null,
    +             "id": "focusable-no-name",
    +             "impact": "serious",
    +             "message": "Element is in tab order and does not have accessible text",
    +             "relatedNodes": Array [],
    +           },
    +         ],
    +         "target": Array [
    +           ".hover\\:text-white[href=\"#\"]:nth-child(1)",
    +         ],
    +       },
    +       Object {
    +         "all": Array [],
    +         "any": Array [
    +           Object {
    +             "data": null,
    +             "id": "has-visible-text",
    +             "impact": "serious",
    +             "message": "Element does not have text that is visible to screen readers",
    +             "relatedNodes": Array [],
    +           },
    +           Object {
    +             "data": null,
    +             "id": "aria-label",
    +             "impact": "serious",
    +             "message": "aria-label attribute does not exist or is empty",
    +             "relatedNodes": Array [],
    +           },
    +           Object {
    +             "data": null,
    +             "id": "aria-labelledby",
    +             "impact": "serious",
    +             "message": "aria-labelledby attribute does not exist, references elements that do not exist or references elements that are empty",
    +             "relatedNodes": Array [],
    +           },
    +           Object {
    +             "data": Object {
    +               "messageKey": "noAttr",
    +             },
    +             "id": "non-empty-title",
    +             "impact": "serious",
    +             "message": "Element has no title attribute",
    +             "relatedNodes": Array [],
    +           },
    +         ],
    +         "failureSummary": "Fix all of the following:
    +   Element is in tab order and does not have accessible text
    +
    + Fix any of the following:
    +   Element does not have text that is visible to screen readers
    +   aria-label attribute does not exist or is empty
    +   aria-labelledby attribute does not exist, references elements that do not exist or references elements that are empty
    +   Element has no title attribute",
    +         "html": "<a href=\"#\" class=\"text-gray-400 hover:text-white transition-colors\">",
    +         "impact": "serious",
    +         "none": Array [
    +           Object {
    +             "data": null,
    +             "id": "focusable-no-name",
    +             "impact": "serious",
    +             "message": "Element is in tab order and does not have accessible text",
    +             "relatedNodes": Array [],
    +           },
    +         ],
    +         "target": Array [
    +           ".hover\\:text-white[href=\"#\"]:nth-child(2)",
    +         ],
    +       },
    +       Object {
    +         "all": Array [],
    +         "any": Array [
    +           Object {
    +             "data": null,
    +             "id": "has-visible-text",
    +             "impact": "serious",
    +             "message": "Element does not have text that is visible to screen readers",
    +             "relatedNodes": Array [],
    +           },
    +           Object {
    +             "data": null,
    +             "id": "aria-label",
    +             "impact": "serious",
    +             "message": "aria-label attribute does not exist or is empty",
    +             "relatedNodes": Array [],
    +           },
    +           Object {
    +             "data": null,
    +             "id": "aria-labelledby",
    +             "impact": "serious",
    +             "message": "aria-labelledby attribute does not exist, references elements that do not exist or references elements that are empty",
    +             "relatedNodes": Array [],
    +           },
    +           Object {
    +             "data": Object {
    +               "messageKey": "noAttr",
    +             },
    +             "id": "non-empty-title",
    +             "impact": "serious",
    +             "message": "Element has no title attribute",
    +             "relatedNodes": Array [],
    +           },
    +         ],
    +         "failureSummary": "Fix all of the following:
    +   Element is in tab order and does not have accessible text
    +
    + Fix any of the following:
    +   Element does not have text that is visible to screen readers
    +   aria-label attribute does not exist or is empty
    +   aria-labelledby attribute does not exist, references elements that do not exist or references elements that are empty
    +   Element has no title attribute",
    +         "html": "<a href=\"#\" class=\"text-gray-400 hover:text-white transition-colors\">",
    +         "impact": "serious",
    +         "none": Array [
    +           Object {
    +             "data": null,
    +             "id": "focusable-no-name",
    +             "impact": "serious",
    +             "message": "Element is in tab order and does not have accessible text",
    +             "relatedNodes": Array [],
    +           },
    +         ],
    +         "target": Array [
    +           ".hover\\:text-white[href=\"#\"]:nth-child(3)",
    +         ],
    +       },
    +       Object {
    +         "all": Array [],
    +         "any": Array [
    +           Object {
    +             "data": null,
    +             "id": "has-visible-text",
    +             "impact": "serious",
    +             "message": "Element does not have text that is visible to screen readers",
    +             "relatedNodes": Array [],
    +           },
    +           Object {
    +             "data": null,
    +             "id": "aria-label",
    +             "impact": "serious",
    +             "message": "aria-label attribute does not exist or is empty",
    +             "relatedNodes": Array [],
    +           },
    +           Object {
    +             "data": null,
    +             "id": "aria-labelledby",
    +             "impact": "serious",
    +             "message": "aria-labelledby attribute does not exist, references elements that do not exist or references elements that are empty",
    +             "relatedNodes": Array [],
    +           },
    +           Object {
    +             "data": Object {
    +               "messageKey": "noAttr",
    +             },
    +             "id": "non-empty-title",
    +             "impact": "serious",
    +             "message": "Element has no title attribute",
    +             "relatedNodes": Array [],
    +           },
    +         ],
    +         "failureSummary": "Fix all of the following:
    +   Element is in tab order and does not have accessible text
    +
    + Fix any of the following:
    +   Element does not have text that is visible to screen readers
    +   aria-label attribute does not exist or is empty
    +   aria-labelledby attribute does not exist, references elements that do not exist or references elements that are empty
    +   Element has no title attribute",
    +         "html": "<a href=\"#\" class=\"text-gray-400 hover:text-white transition-colors\">",
    +         "impact": "serious",
    +         "none": Array [
    +           Object {
    +             "data": null,
    +             "id": "focusable-no-name",
    +             "impact": "serious",
    +             "message": "Element is in tab order and does not have accessible text",
    +             "relatedNodes": Array [],
    +           },
    +         ],
    +         "target": Array [
    +           ".hover\\:text-white[href=\"#\"]:nth-child(4)",
    +         ],
    +       },
    +     ],
    +     "tags": Array [
    +       "cat.name-role-value",
    +       "wcag2a",
    +       "wcag244",
    +       "wcag412",
    +       "section508",
    +       "section508.22.a",
    +       "TTv5",
    +       "TT6.a",
    +       "EN-301-549",
    +       "EN-9.2.4.4",
    +       "EN-9.4.1.2",
    +       "ACT",
    +     ],
    +   },
    +   Object {
    +     "description": "Ensure select element has an accessible name",
    +     "help": "Select element must have an accessible name",
    +     "helpUrl": "https://dequeuniversity.com/rules/axe/4.10/select-name?application=playwright",
    +     "id": "select-name",
    +     "impact": "critical",
    +     "nodes": Array [
    +       Object {
    +         "all": Array [],
    +         "any": Array [
    +           Object {
    +             "data": null,
    +             "id": "implicit-label",
    +             "impact": "critical",
    +             "message": "Element does not have an implicit (wrapped) <label>",
    +             "relatedNodes": Array [],
    +           },
    +           Object {
    +             "data": null,
    +             "id": "explicit-label",
    +             "impact": "critical",
    +             "message": "Element does not have an explicit <label>",
    +             "relatedNodes": Array [],
    +           },
    +           Object {
    +             "data": null,
    +             "id": "aria-label",
    +             "impact": "critical",
    +             "message": "aria-label attribute does not exist or is empty",
    +             "relatedNodes": Array [],
    +           },
    +           Object {
    +             "data": null,
    +             "id": "aria-labelledby",
    +             "impact": "critical",
    +             "message": "aria-labelledby attribute does not exist, references elements that do not exist or references elements that are empty",
    +             "relatedNodes": Array [],
    +           },
    +           Object {
    +             "data": Object {
    +               "messageKey": "noAttr",
    +             },
    +             "id": "non-empty-title",
    +             "impact": "critical",
    +             "message": "Element has no title attribute",
    +             "relatedNodes": Array [],
    +           },
    +           Object {
    +             "data": null,
    +             "id": "presentational-role",
    +             "impact": "critical",
    +             "message": "Element's default semantics were not overridden with role=\"none\" or role=\"presentation\"",
    +             "relatedNodes": Array [],
    +           },
    +         ],
    +         "failureSummary": "Fix any of the following:
    +   Element does not have an implicit (wrapped) <label>
    +   Element does not have an explicit <label>
    +   aria-label attribute does not exist or is empty
    +   aria-labelledby attribute does not exist, references elements that do not exist or references elements that are empty
    +   Element has no title attribute
    +   Element's default semantics were not overridden with role=\"none\" or role=\"presentation\"",
    +         "html": "<select class=\"w-full px-4 py-3 border border-gray-300 rounded-lg focus:ring-2 focus:ring-amber-500 focus:border-transparent\">",
    +         "impact": "critical",
    +         "none": Array [],
    +         "target": Array [
    +           "select",
    +         ],
    +       },
    +     ],
    +     "tags": Array [
    +       "cat.forms",
    +       "wcag2a",
    +       "wcag412",
    +       "section508",
    +       "section508.22.n",
    +       "TTv5",
    +       "TT5.c",
    +       "EN-301-549",
    +       "EN-9.4.1.2",
    +       "ACT",
    +     ],
    +   },
    + ]

      72 |       .analyze();
      73 |     
    > 74 |     expect(accessibilityScanResults.violations).toEqual([]);
         |                                                 ^
      75 |   });
      76 | });
      77 |
        at /Users/asithalakmal/Documents/web/SmartHotel/tests/e2e/accessibility.spec.ts:74:49

    attachment #1: screenshot (image/png) ──────────────────────────────────────────────────────────
    ../../test-results/accessibility-Accessibilit-b1c7e--should-meet-WCAG-standards-chromium/test-failed-1.png
    ────────────────────────────────────────────────────────────────────────────────────────────────

    attachment #2: video (video/webm) ──────────────────────────────────────────────────────────────
    ../../test-results/accessibility-Accessibilit-b1c7e--should-meet-WCAG-standards-chromium/video-1.webm
    ────────────────────────────────────────────────────────────────────────────────────────────────

    attachment #3: video (video/webm) ──────────────────────────────────────────────────────────────
    ../../test-results/accessibility-Accessibilit-b1c7e--should-meet-WCAG-standards-chromium/video.webm
    ────────────────────────────────────────────────────────────────────────────────────────────────

    Error Context: ../../test-results/accessibility-Accessibilit-b1c7e--should-meet-WCAG-standards-chromium/error-context.md
]]>
</failure>
<system-out>
<![CDATA[
[[ATTACHMENT|accessibility-Accessibilit-b1c7e--should-meet-WCAG-standards-chromium/test-failed-1.png]]

[[ATTACHMENT|accessibility-Accessibilit-b1c7e--should-meet-WCAG-standards-chromium/video-1.webm]]

[[ATTACHMENT|accessibility-Accessibilit-b1c7e--should-meet-WCAG-standards-chromium/video.webm]]

[[ATTACHMENT|accessibility-Accessibilit-b1c7e--should-meet-WCAG-standards-chromium/error-context.md]]
]]>
</system-out>
</testcase>
</testsuite>
<testsuite name="accessibility.spec.ts" timestamp="2025-10-28T21:16:54.206Z" hostname="firefox" tests="7" failures="6" skipped="0" time="306.417" errors="0">
<testcase name="Accessibility Tests › Homepage should be accessible" classname="accessibility.spec.ts" time="49.204">
<failure message="accessibility.spec.ts:5:7 Homepage should be accessible" type="FAILURE">
<![CDATA[  [firefox] › accessibility.spec.ts:5:7 › Accessibility Tests › Homepage should be accessible ──────

    Test timeout of 30000ms exceeded.

    Error: frame.evaluate: Test timeout of 30000ms exceeded.

       7 |     
       8 |     // Check for basic accessibility issues
    >  9 |     const accessibilityScanResults = await new AxeBuilder({ page }).analyze();
         |                                      ^
      10 |     
      11 |     expect(accessibilityScanResults.violations).toEqual([]);
      12 |   });
        at AxeBuilder.runPartialRecursive (/Users/asithalakmal/Documents/web/SmartHotel/node_modules/@axe-core/playwright/dist/index.js:318:34)
        at AxeBuilder.analyze (/Users/asithalakmal/Documents/web/SmartHotel/node_modules/@axe-core/playwright/dist/index.js:245:28)
        at /Users/asithalakmal/Documents/web/SmartHotel/tests/e2e/accessibility.spec.ts:9:38

    attachment #1: video (video/webm) ──────────────────────────────────────────────────────────────
    ../../test-results/accessibility-Accessibilit-1c1c4-mepage-should-be-accessible-firefox/video.webm
    ────────────────────────────────────────────────────────────────────────────────────────────────
]]>
</failure>
<system-out>
<![CDATA[
[[ATTACHMENT|accessibility-Accessibilit-1c1c4-mepage-should-be-accessible-firefox/video.webm]]
]]>
</system-out>
</testcase>
<testcase name="Accessibility Tests › Booking page should be accessible" classname="accessibility.spec.ts" time="46.21">
<failure message="accessibility.spec.ts:14:7 Booking page should be accessible" type="FAILURE">
<![CDATA[  [firefox] › accessibility.spec.ts:14:7 › Accessibility Tests › Booking page should be accessible ─

    Test timeout of 30000ms exceeded.

    Error: browserContext.newPage: Test timeout of 30000ms exceeded.
     Please check out https://github.com/dequelabs/axe-core-npm/blob/develop/packages/playwright/error-handling.md

      15 |     await page.goto('/booking');
      16 |     
    > 17 |     const accessibilityScanResults = await new AxeBuilder({ page }).analyze();
         |                                      ^
      18 |     
      19 |     expect(accessibilityScanResults.violations).toEqual([]);
      20 |   });
        at AxeBuilder.analyze (/Users/asithalakmal/Documents/web/SmartHotel/node_modules/@axe-core/playwright/dist/index.js:253:13)
        at /Users/asithalakmal/Documents/web/SmartHotel/tests/e2e/accessibility.spec.ts:17:38

    attachment #1: video (video/webm) ──────────────────────────────────────────────────────────────
    ../../test-results/accessibility-Accessibilit-fc392-g-page-should-be-accessible-firefox/video.webm
    ────────────────────────────────────────────────────────────────────────────────────────────────

    Error Context: ../../test-results/accessibility-Accessibilit-fc392-g-page-should-be-accessible-firefox/error-context.md
]]>
</failure>
<system-out>
<![CDATA[
[[ATTACHMENT|accessibility-Accessibilit-fc392-g-page-should-be-accessible-firefox/video.webm]]

[[ATTACHMENT|accessibility-Accessibilit-fc392-g-page-should-be-accessible-firefox/error-context.md]]
]]>
</system-out>
</testcase>
<testcase name="Accessibility Tests › Contact page should be accessible" classname="accessibility.spec.ts" time="47.503">
<failure message="accessibility.spec.ts:22:7 Contact page should be accessible" type="FAILURE">
<![CDATA[  [firefox] › accessibility.spec.ts:22:7 › Accessibility Tests › Contact page should be accessible ─

    Test timeout of 30000ms exceeded.

    Error: frame.evaluate: Test timeout of 30000ms exceeded.

      23 |     await page.goto('/contact');
      24 |     
    > 25 |     const accessibilityScanResults = await new AxeBuilder({ page }).analyze();
         |                                      ^
      26 |     
      27 |     expect(accessibilityScanResults.violations).toEqual([]);
      28 |   });
        at AxeBuilder.runPartialRecursive (/Users/asithalakmal/Documents/web/SmartHotel/node_modules/@axe-core/playwright/dist/index.js:318:34)
        at AxeBuilder.analyze (/Users/asithalakmal/Documents/web/SmartHotel/node_modules/@axe-core/playwright/dist/index.js:245:28)
        at /Users/asithalakmal/Documents/web/SmartHotel/tests/e2e/accessibility.spec.ts:25:38

    attachment #1: video (video/webm) ──────────────────────────────────────────────────────────────
    ../../test-results/accessibility-Accessibilit-b4625-t-page-should-be-accessible-firefox/video.webm
    ────────────────────────────────────────────────────────────────────────────────────────────────
]]>
</failure>
<system-out>
<![CDATA[
[[ATTACHMENT|accessibility-Accessibilit-b4625-t-page-should-be-accessible-firefox/video.webm]]
]]>
</system-out>
</testcase>
<testcase name="Accessibility Tests › Navigation should be keyboard accessible" classname="accessibility.spec.ts" time="47.384">
<failure message="accessibility.spec.ts:30:7 Navigation should be keyboard accessible" type="FAILURE">
<![CDATA[  [firefox] › accessibility.spec.ts:30:7 › Accessibility Tests › Navigation should be keyboard accessible 

    Test timeout of 30000ms exceeded.

    Error: keyboard.press: Test timeout of 30000ms exceeded.

      33 |     // Test keyboard navigation
      34 |     await page.keyboard.press('Tab');
    > 35 |     await page.keyboard.press('Tab');
         |                         ^
      36 |     await page.keyboard.press('Tab');
      37 |     
      38 |     // Check if focus is visible
        at /Users/asithalakmal/Documents/web/SmartHotel/tests/e2e/accessibility.spec.ts:35:25

    attachment #1: video (video/webm) ──────────────────────────────────────────────────────────────
    ../../test-results/accessibility-Accessibilit-c18c4-ould-be-keyboard-accessible-firefox/video.webm
    ────────────────────────────────────────────────────────────────────────────────────────────────
]]>
</failure>
<system-out>
<![CDATA[
[[ATTACHMENT|accessibility-Accessibilit-c18c4-ould-be-keyboard-accessible-firefox/video.webm]]
]]>
</system-out>
</testcase>
<testcase name="Accessibility Tests › Forms should have proper labels" classname="accessibility.spec.ts" time="38.602">
<failure message="accessibility.spec.ts:43:7 Forms should have proper labels" type="FAILURE">
<![CDATA[  [firefox] › accessibility.spec.ts:43:7 › Accessibility Tests › Forms should have proper labels ───

    Test timeout of 30000ms exceeded.

    attachment #1: screenshot (image/png) ──────────────────────────────────────────────────────────
    ../../test-results/accessibility-Accessibilit-cb578-s-should-have-proper-labels-firefox/test-failed-1.png
    ────────────────────────────────────────────────────────────────────────────────────────────────

    attachment #2: video (video/webm) ──────────────────────────────────────────────────────────────
    ../../test-results/accessibility-Accessibilit-cb578-s-should-have-proper-labels-firefox/video.webm
    ────────────────────────────────────────────────────────────────────────────────────────────────

    Error Context: ../../test-results/accessibility-Accessibilit-cb578-s-should-have-proper-labels-firefox/error-context.md
]]>
</failure>
<system-out>
<![CDATA[
[[ATTACHMENT|accessibility-Accessibilit-cb578-s-should-have-proper-labels-firefox/test-failed-1.png]]

[[ATTACHMENT|accessibility-Accessibilit-cb578-s-should-have-proper-labels-firefox/video.webm]]

[[ATTACHMENT|accessibility-Accessibilit-cb578-s-should-have-proper-labels-firefox/error-context.md]]
]]>
</system-out>
</testcase>
<testcase name="Accessibility Tests › Images should have alt text" classname="accessibility.spec.ts" time="41.079">
</testcase>
<testcase name="Accessibility Tests › Color contrast should meet WCAG standards" classname="accessibility.spec.ts" time="36.435">
<failure message="accessibility.spec.ts:67:7 Color contrast should meet WCAG standards" type="FAILURE">
<![CDATA[  [firefox] › accessibility.spec.ts:67:7 › Accessibility Tests › Color contrast should meet WCAG standards 

    Test timeout of 30000ms exceeded.

    Error: expect(received).toEqual(expected) // deep equality

    - Expected  -   1
    + Received  + 800

    - Array []
    + Array [
    +   Object {
    +     "description": "Ensure the contrast between foreground and background colors meets WCAG 2 AA minimum contrast ratio thresholds",
    +     "help": "Elements must meet minimum color contrast ratio thresholds",
    +     "helpUrl": "https://dequeuniversity.com/rules/axe/4.10/color-contrast?application=playwright",
    +     "id": "color-contrast",
    +     "impact": "serious",
    +     "nodes": Array [
    +       Object {
    +         "all": Array [],
    +         "any": Array [
    +           Object {
    +             "data": Object {
    +               "bgColor": "#d97706",
    +               "contrastRatio": 3.18,
    +               "expectedContrastRatio": "4.5:1",
    +               "fgColor": "#ffffff",
    +               "fontSize": "10.5pt (14px)",
    +               "fontWeight": "normal",
    +               "messageKey": null,
    +             },
    +             "id": "color-contrast",
    +             "impact": "serious",
    +             "message": "Element has insufficient color contrast of 3.18 (foreground color: #ffffff, background color: #d97706, font size: 10.5pt (14px), font weight: normal). Expected contrast ratio of 4.5:1",
    +             "relatedNodes": Array [
    +               Object {
    +                 "html": "<div class=\"bg-amber-600 text-white py-2\">",
    +                 "target": Array [
    +                   "body > .py-2.bg-amber-600.text-white",
    +                 ],
    +               },
    +             ],
    +           },
    +         ],
    +         "failureSummary": "Fix any of the following:
    +   Element has insufficient color contrast of 3.18 (foreground color: #ffffff, background color: #d97706, font size: 10.5pt (14px), font weight: normal). Expected contrast ratio of 4.5:1",
    +         "html": "<span>+1 (212) 555-0123</span>",
    +         "impact": "serious",
    +         "none": Array [],
    +         "target": Array [
    +           ".gap-2.items-center.flex:nth-child(1) > span",
    +         ],
    +       },
    +       Object {
    +         "all": Array [],
    +         "any": Array [
    +           Object {
    +             "data": Object {
    +               "bgColor": "#d97706",
    +               "contrastRatio": 3.18,
    +               "expectedContrastRatio": "4.5:1",
    +               "fgColor": "#ffffff",
    +               "fontSize": "10.5pt (14px)",
    +               "fontWeight": "normal",
    +               "messageKey": null,
    +             },
    +             "id": "color-contrast",
    +             "impact": "serious",
    +             "message": "Element has insufficient color contrast of 3.18 (foreground color: #ffffff, background color: #d97706, font size: 10.5pt (14px), font weight: normal). Expected contrast ratio of 4.5:1",
    +             "relatedNodes": Array [
    +               Object {
    +                 "html": "<div class=\"bg-amber-600 text-white py-2\">",
    +                 "target": Array [
    +                   "body > .py-2.bg-amber-600.text-white",
    +                 ],
    +               },
    +             ],
    +           },
    +         ],
    +         "failureSummary": "Fix any of the following:
    +   Element has insufficient color contrast of 3.18 (foreground color: #ffffff, background color: #d97706, font size: 10.5pt (14px), font weight: normal). Expected contrast ratio of 4.5:1",
    +         "html": "<span>reservations@grandpalacehotel.com</span>",
    +         "impact": "serious",
    +         "none": Array [],
    +         "target": Array [
    +           ".sm\\:mb-0 > .gap-2.items-center.flex:nth-child(2) > span",
    +         ],
    +       },
    +       Object {
    +         "all": Array [],
    +         "any": Array [
    +           Object {
    +             "data": Object {
    +               "bgColor": "#d97706",
    +               "contrastRatio": 3.18,
    +               "expectedContrastRatio": "4.5:1",
    +               "fgColor": "#ffffff",
    +               "fontSize": "10.5pt (14px)",
    +               "fontWeight": "normal",
    +               "messageKey": null,
    +             },
    +             "id": "color-contrast",
    +             "impact": "serious",
    +             "message": "Element has insufficient color contrast of 3.18 (foreground color: #ffffff, background color: #d97706, font size: 10.5pt (14px), font weight: normal). Expected contrast ratio of 4.5:1",
    +             "relatedNodes": Array [
    +               Object {
    +                 "html": "<div class=\"bg-amber-600 text-white py-2\">",
    +                 "target": Array [
    +                   "body > .py-2.bg-amber-600.text-white",
    +                 ],
    +               },
    +             ],
    +           },
    +         ],
    +         "failureSummary": "Fix any of the following:
    +   Element has insufficient color contrast of 3.18 (foreground color: #ffffff, background color: #d97706, font size: 10.5pt (14px), font weight: normal). Expected contrast ratio of 4.5:1",
    +         "html": "<span>1235 Park Avenue, New York, NY 10029</span>",
    +         "impact": "serious",
    +         "none": Array [],
    +         "target": Array [
    +           ".sm\\:flex-row.flex-col.justify-between > .gap-2.items-center.flex > span",
    +         ],
    +       },
    +       Object {
    +         "all": Array [],
    +         "any": Array [
    +           Object {
    +             "data": Object {
    +               "bgColor": "#d97706",
    +               "contrastRatio": 3.18,
    +               "expectedContrastRatio": "4.5:1",
    +               "fgColor": "#ffffff",
    +               "fontSize": "12.0pt (16px)",
    +               "fontWeight": "normal",
    +               "messageKey": null,
    +             },
    +             "id": "color-contrast",
    +             "impact": "serious",
    +             "message": "Element has insufficient color contrast of 3.18 (foreground color: #ffffff, background color: #d97706, font size: 12.0pt (16px), font weight: normal). Expected contrast ratio of 4.5:1",
    +             "relatedNodes": Array [
    +               Object {
    +                 "html": "<a class=\"bg-amber-600 hover:bg-amber-700 text-white px-6 py-2 rounded-lg font-medium transition-colors\" href=\"/booking\">Book Now</a>",
    +                 "target": Array [
    +                   ".px-6",
    +                 ],
    +               },
    +             ],
    +           },
    +         ],
    +         "failureSummary": "Fix any of the following:
    +   Element has insufficient color contrast of 3.18 (foreground color: #ffffff, background color: #d97706, font size: 12.0pt (16px), font weight: normal). Expected contrast ratio of 4.5:1",
    +         "html": "<a class=\"bg-amber-600 hover:bg-amber-700 text-white px-6 py-2 rounded-lg font-medium transition-colors\" href=\"/booking\">Book Now</a>",
    +         "impact": "serious",
    +         "none": Array [],
    +         "target": Array [
    +           ".px-6",
    +         ],
    +       },
    +       Object {
    +         "all": Array [],
    +         "any": Array [
    +           Object {
    +             "data": Object {
    +               "bgColor": "#d97706",
    +               "contrastRatio": 3.18,
    +               "expectedContrastRatio": "4.5:1",
    +               "fgColor": "#ffffff",
    +               "fontSize": "13.5pt (18px)",
    +               "fontWeight": "normal",
    +               "messageKey": null,
    +             },
    +             "id": "color-contrast",
    +             "impact": "serious",
    +             "message": "Element has insufficient color contrast of 3.18 (foreground color: #ffffff, background color: #d97706, font size: 13.5pt (18px), font weight: normal). Expected contrast ratio of 4.5:1",
    +             "relatedNodes": Array [
    +               Object {
    +                 "html": "<button class=\"inline-flex items-center justify-center transition-colors focus-visible:outline-none focus-visible:ring-2 focus-visible:ring-ring focus-visible:ring-offset-2 disabled:opacity-50 disabled:pointer-events-none ring-offset-background h-11 rounded-md bg-amber-600 hover:bg-amber-700 text-white px-8 py-4 text-lg font-semibold\">",
    +                 "target": Array [
    +                   "a[href$=\"booking\"] > .h-11.focus-visible\\:outline-none.focus-visible\\:ring-2",
    +                 ],
    +               },
    +             ],
    +           },
    +         ],
    +         "failureSummary": "Fix any of the following:
    +   Element has insufficient color contrast of 3.18 (foreground color: #ffffff, background color: #d97706, font size: 13.5pt (18px), font weight: normal). Expected contrast ratio of 4.5:1",
    +         "html": "<button class=\"inline-flex items-center justify-center transition-colors focus-visible:outline-none focus-visible:ring-2 focus-visible:ring-ring focus-visible:ring-offset-2 disabled:opacity-50 disabled:pointer-events-none ring-offset-background h-11 rounded-md bg-amber-600 hover:bg-amber-700 text-white px-8 py-4 text-lg font-semibold\">",
    +         "impact": "serious",
    +         "none": Array [],
    +         "target": Array [
    +           "a[href$=\"booking\"] > .h-11.focus-visible\\:outline-none.focus-visible\\:ring-2",
    +         ],
    +       },
    +       Object {
    +         "all": Array [],
    +         "any": Array [
    +           Object {
    +             "data": Object {
    +               "bgColor": "#d97706",
    +               "contrastRatio": 3.18,
    +               "expectedContrastRatio": "4.5:1",
    +               "fgColor": "#ffffff",
    +               "fontSize": "12.0pt (16px)",
    +               "fontWeight": "normal",
    +               "messageKey": null,
    +             },
    +             "id": "color-contrast",
    +             "impact": "serious",
    +             "message": "Element has insufficient color contrast of 3.18 (foreground color: #ffffff, background color: #d97706, font size: 12.0pt (16px), font weight: normal). Expected contrast ratio of 4.5:1",
    +             "relatedNodes": Array [
    +               Object {
    +                 "html": "<a class=\"inline-flex items-center gap-2 bg-amber-600 hover:bg-amber-700 text-white px-8 py-4 rounded-lg font-medium transition-colors\" href=\"/rooms\">",
    +                 "target": Array [
    +                   ".inline-flex.gap-2[href$=\"rooms\"]",
    +                 ],
    +               },
    +             ],
    +           },
    +         ],
    +         "failureSummary": "Fix any of the following:
    +   Element has insufficient color contrast of 3.18 (foreground color: #ffffff, background color: #d97706, font size: 12.0pt (16px), font weight: normal). Expected contrast ratio of 4.5:1",
    +         "html": "<a class=\"inline-flex items-center gap-2 bg-amber-600 hover:bg-amber-700 text-white px-8 py-4 rounded-lg font-medium transition-colors\" href=\"/rooms\">",
    +         "impact": "serious",
    +         "none": Array [],
    +         "target": Array [
    +           ".inline-flex.gap-2[href$=\"rooms\"]",
    +         ],
    +       },
    +       Object {
    +         "all": Array [],
    +         "any": Array [
    +           Object {
    +             "data": Object {
    +               "bgColor": "#d97706",
    +               "contrastRatio": 3.18,
    +               "expectedContrastRatio": "4.5:1",
    +               "fgColor": "#ffffff",
    +               "fontSize": "12.0pt (16px)",
    +               "fontWeight": "normal",
    +               "messageKey": null,
    +             },
    +             "id": "color-contrast",
    +             "impact": "serious",
    +             "message": "Element has insufficient color contrast of 3.18 (foreground color: #ffffff, background color: #d97706, font size: 12.0pt (16px), font weight: normal). Expected contrast ratio of 4.5:1",
    +             "relatedNodes": Array [
    +               Object {
    +                 "html": "<a class=\"inline-flex items-center gap-2 bg-amber-600 hover:bg-amber-700 text-white px-8 py-4 rounded-lg font-medium transition-colors\" href=\"/order\">",
    +                 "target": Array [
    +                   ".inline-flex.gap-2[href$=\"order\"]",
    +                 ],
    +               },
    +             ],
    +           },
    +         ],
    +         "failureSummary": "Fix any of the following:
    +   Element has insufficient color contrast of 3.18 (foreground color: #ffffff, background color: #d97706, font size: 12.0pt (16px), font weight: normal). Expected contrast ratio of 4.5:1",
    +         "html": "<a class=\"inline-flex items-center gap-2 bg-amber-600 hover:bg-amber-700 text-white px-8 py-4 rounded-lg font-medium transition-colors\" href=\"/order\">",
    +         "impact": "serious",
    +         "none": Array [],
    +         "target": Array [
    +           ".inline-flex.gap-2[href$=\"order\"]",
    +         ],
    +       },
    +       Object {
    +         "all": Array [],
    +         "any": Array [
    +           Object {
    +             "data": Object {
    +               "bgColor": "#ffffff",
    +               "contrastRatio": 3.18,
    +               "expectedContrastRatio": "4.5:1",
    +               "fgColor": "#d97706",
    +               "fontSize": "12.0pt (16px)",
    +               "fontWeight": "normal",
    +               "messageKey": null,
    +             },
    +             "id": "color-contrast",
    +             "impact": "serious",
    +             "message": "Element has insufficient color contrast of 3.18 (foreground color: #d97706, background color: #ffffff, font size: 12.0pt (16px), font weight: normal). Expected contrast ratio of 4.5:1",
    +             "relatedNodes": Array [
    +               Object {
    +                 "html": "<a class=\"bg-white text-amber-600 hover:bg-gray-100 px-8 py-4 rounded-lg font-medium transition-colors\" href=\"/booking\">Book Now</a>",
    +                 "target": Array [
    +                   ".hover\\:bg-gray-100",
    +                 ],
    +               },
    +             ],
    +           },
    +         ],
    +         "failureSummary": "Fix any of the following:
    +   Element has insufficient color contrast of 3.18 (foreground color: #d97706, background color: #ffffff, font size: 12.0pt (16px), font weight: normal). Expected contrast ratio of 4.5:1",
    +         "html": "<a class=\"bg-white text-amber-600 hover:bg-gray-100 px-8 py-4 rounded-lg font-medium transition-colors\" href=\"/booking\">Book Now</a>",
    +         "impact": "serious",
    +         "none": Array [],
    +         "target": Array [
    +           ".hover\\:bg-gray-100",
    +         ],
    +       },
    +     ],
    +     "tags": Array [
    +       "cat.color",
    +       "wcag2aa",
    +       "wcag143",
    +       "TTv5",
    +       "TT13.c",
    +       "EN-301-549",
    +       "EN-9.1.4.3",
    +       "ACT",
    +     ],
    +   },
    +   Object {
    +     "description": "Ensure every form element has a label",
    +     "help": "Form elements must have labels",
    +     "helpUrl": "https://dequeuniversity.com/rules/axe/4.10/label?application=playwright",
    +     "id": "label",
    +     "impact": "critical",
    +     "nodes": Array [
    +       Object {
    +         "all": Array [],
    +         "any": Array [
    +           Object {
    +             "data": null,
    +             "id": "implicit-label",
    +             "impact": "critical",
    +             "message": "Element does not have an implicit (wrapped) <label>",
    +             "relatedNodes": Array [],
    +           },
    +           Object {
    +             "data": null,
    +             "id": "explicit-label",
    +             "impact": "critical",
    +             "message": "Element does not have an explicit <label>",
    +             "relatedNodes": Array [],
    +           },
    +           Object {
    +             "data": null,
    +             "id": "aria-label",
    +             "impact": "critical",
    +             "message": "aria-label attribute does not exist or is empty",
    +             "relatedNodes": Array [],
    +           },
    +           Object {
    +             "data": null,
    +             "id": "aria-labelledby",
    +             "impact": "critical",
    +             "message": "aria-labelledby attribute does not exist, references elements that do not exist or references elements that are empty",
    +             "relatedNodes": Array [],
    +           },
    +           Object {
    +             "data": Object {
    +               "messageKey": "noAttr",
    +             },
    +             "id": "non-empty-title",
    +             "impact": "critical",
    +             "message": "Element has no title attribute",
    +             "relatedNodes": Array [],
    +           },
    +           Object {
    +             "data": Object {
    +               "messageKey": "noAttr",
    +             },
    +             "id": "non-empty-placeholder",
    +             "impact": "critical",
    +             "message": "Element has no placeholder attribute",
    +             "relatedNodes": Array [],
    +           },
    +           Object {
    +             "data": null,
    +             "id": "presentational-role",
    +             "impact": "critical",
    +             "message": "Element's default semantics were not overridden with role=\"none\" or role=\"presentation\"",
    +             "relatedNodes": Array [],
    +           },
    +         ],
    +         "failureSummary": "Fix any of the following:
    +   Element does not have an implicit (wrapped) <label>
    +   Element does not have an explicit <label>
    +   aria-label attribute does not exist or is empty
    +   aria-labelledby attribute does not exist, references elements that do not exist or references elements that are empty
    +   Element has no title attribute
    +   Element has no placeholder attribute
    +   Element's default semantics were not overridden with role=\"none\" or role=\"presentation\"",
    +         "html": "<input type=\"date\" class=\"w-full px-4 py-3 border border-gray-300 rounded-lg focus:ring-2 focus:ring-amber-500 focus:border-transparent\" value=\"\">",
    +         "impact": "critical",
    +         "none": Array [],
    +         "target": Array [
    +           "div:nth-child(1) > input",
    +         ],
    +       },
    +       Object {
    +         "all": Array [],
    +         "any": Array [
    +           Object {
    +             "data": null,
    +             "id": "implicit-label",
    +             "impact": "critical",
    +             "message": "Element does not have an implicit (wrapped) <label>",
    +             "relatedNodes": Array [],
    +           },
    +           Object {
    +             "data": null,
    +             "id": "explicit-label",
    +             "impact": "critical",
    +             "message": "Element does not have an explicit <label>",
    +             "relatedNodes": Array [],
    +           },
    +           Object {
    +             "data": null,
    +             "id": "aria-label",
    +             "impact": "critical",
    +             "message": "aria-label attribute does not exist or is empty",
    +             "relatedNodes": Array [],
    +           },
    +           Object {
    +             "data": null,
    +             "id": "aria-labelledby",
    +             "impact": "critical",
    +             "message": "aria-labelledby attribute does not exist, references elements that do not exist or references elements that are empty",
    +             "relatedNodes": Array [],
    +           },
    +           Object {
    +             "data": Object {
    +               "messageKey": "noAttr",
    +             },
    +             "id": "non-empty-title",
    +             "impact": "critical",
    +             "message": "Element has no title attribute",
    +             "relatedNodes": Array [],
    +           },
    +           Object {
    +             "data": Object {
    +               "messageKey": "noAttr",
    +             },
    +             "id": "non-empty-placeholder",
    +             "impact": "critical",
    +             "message": "Element has no placeholder attribute",
    +             "relatedNodes": Array [],
    +           },
    +           Object {
    +             "data": null,
    +             "id": "presentational-role",
    +             "impact": "critical",
    +             "message": "Element's default semantics were not overridden with role=\"none\" or role=\"presentation\"",
    +             "relatedNodes": Array [],
    +           },
    +         ],
    +         "failureSummary": "Fix any of the following:
    +   Element does not have an implicit (wrapped) <label>
    +   Element does not have an explicit <label>
    +   aria-label attribute does not exist or is empty
    +   aria-labelledby attribute does not exist, references elements that do not exist or references elements that are empty
    +   Element has no title attribute
    +   Element has no placeholder attribute
    +   Element's default semantics were not overridden with role=\"none\" or role=\"presentation\"",
    +         "html": "<input type=\"date\" class=\"w-full px-4 py-3 border border-gray-300 rounded-lg focus:ring-2 focus:ring-amber-500 focus:border-transparent\" value=\"\">",
    +         "impact": "critical",
    +         "none": Array [],
    +         "target": Array [
    +           "div:nth-child(2) > input",
    +         ],
    +       },
    +     ],
    +     "tags": Array [
    +       "cat.forms",
    +       "wcag2a",
    +       "wcag412",
    +       "section508",
    +       "section508.22.n",
    +       "TTv5",
    +       "TT5.c",
    +       "EN-301-549",
    +       "EN-9.4.1.2",
    +       "ACT",
    +     ],
    +   },
    +   Object {
    +     "description": "Ensure links have discernible text",
    +     "help": "Links must have discernible text",
    +     "helpUrl": "https://dequeuniversity.com/rules/axe/4.10/link-name?application=playwright",
    +     "id": "link-name",
    +     "impact": "serious",
    +     "nodes": Array [
    +       Object {
    +         "all": Array [],
    +         "any": Array [
    +           Object {
    +             "data": null,
    +             "id": "has-visible-text",
    +             "impact": "serious",
    +             "message": "Element does not have text that is visible to screen readers",
    +             "relatedNodes": Array [],
    +           },
    +           Object {
    +             "data": null,
    +             "id": "aria-label",
    +             "impact": "serious",
    +             "message": "aria-label attribute does not exist or is empty",
    +             "relatedNodes": Array [],
    +           },
    +           Object {
    +             "data": null,
    +             "id": "aria-labelledby",
    +             "impact": "serious",
    +             "message": "aria-labelledby attribute does not exist, references elements that do not exist or references elements that are empty",
    +             "relatedNodes": Array [],
    +           },
    +           Object {
    +             "data": Object {
    +               "messageKey": "noAttr",
    +             },
    +             "id": "non-empty-title",
    +             "impact": "serious",
    +             "message": "Element has no title attribute",
    +             "relatedNodes": Array [],
    +           },
    +         ],
    +         "failureSummary": "Fix all of the following:
    +   Element is in tab order and does not have accessible text
    +
    + Fix any of the following:
    +   Element does not have text that is visible to screen readers
    +   aria-label attribute does not exist or is empty
    +   aria-labelledby attribute does not exist, references elements that do not exist or references elements that are empty
    +   Element has no title attribute",
    +         "html": "<a href=\"#\" class=\"text-gray-400 hover:text-white transition-colors\">",
    +         "impact": "serious",
    +         "none": Array [
    +           Object {
    +             "data": null,
    +             "id": "focusable-no-name",
    +             "impact": "serious",
    +             "message": "Element is in tab order and does not have accessible text",
    +             "relatedNodes": Array [],
    +           },
    +         ],
    +         "target": Array [
    +           ".hover\\:text-white[href=\"#\"]:nth-child(1)",
    +         ],
    +       },
    +       Object {
    +         "all": Array [],
    +         "any": Array [
    +           Object {
    +             "data": null,
    +             "id": "has-visible-text",
    +             "impact": "serious",
    +             "message": "Element does not have text that is visible to screen readers",
    +             "relatedNodes": Array [],
    +           },
    +           Object {
    +             "data": null,
    +             "id": "aria-label",
    +             "impact": "serious",
    +             "message": "aria-label attribute does not exist or is empty",
    +             "relatedNodes": Array [],
    +           },
    +           Object {
    +             "data": null,
    +             "id": "aria-labelledby",
    +             "impact": "serious",
    +             "message": "aria-labelledby attribute does not exist, references elements that do not exist or references elements that are empty",
    +             "relatedNodes": Array [],
    +           },
    +           Object {
    +             "data": Object {
    +               "messageKey": "noAttr",
    +             },
    +             "id": "non-empty-title",
    +             "impact": "serious",
    +             "message": "Element has no title attribute",
    +             "relatedNodes": Array [],
    +           },
    +         ],
    +         "failureSummary": "Fix all of the following:
    +   Element is in tab order and does not have accessible text
    +
    + Fix any of the following:
    +   Element does not have text that is visible to screen readers
    +   aria-label attribute does not exist or is empty
    +   aria-labelledby attribute does not exist, references elements that do not exist or references elements that are empty
    +   Element has no title attribute",
    +         "html": "<a href=\"#\" class=\"text-gray-400 hover:text-white transition-colors\">",
    +         "impact": "serious",
    +         "none": Array [
    +           Object {
    +             "data": null,
    +             "id": "focusable-no-name",
    +             "impact": "serious",
    +             "message": "Element is in tab order and does not have accessible text",
    +             "relatedNodes": Array [],
    +           },
    +         ],
    +         "target": Array [
    +           ".hover\\:text-white[href=\"#\"]:nth-child(2)",
    +         ],
    +       },
    +       Object {
    +         "all": Array [],
    +         "any": Array [
    +           Object {
    +             "data": null,
    +             "id": "has-visible-text",
    +             "impact": "serious",
    +             "message": "Element does not have text that is visible to screen readers",
    +             "relatedNodes": Array [],
    +           },
    +           Object {
    +             "data": null,
    +             "id": "aria-label",
    +             "impact": "serious",
    +             "message": "aria-label attribute does not exist or is empty",
    +             "relatedNodes": Array [],
    +           },
    +           Object {
    +             "data": null,
    +             "id": "aria-labelledby",
    +             "impact": "serious",
    +             "message": "aria-labelledby attribute does not exist, references elements that do not exist or references elements that are empty",
    +             "relatedNodes": Array [],
    +           },
    +           Object {
    +             "data": Object {
    +               "messageKey": "noAttr",
    +             },
    +             "id": "non-empty-title",
    +             "impact": "serious",
    +             "message": "Element has no title attribute",
    +             "relatedNodes": Array [],
    +           },
    +         ],
    +         "failureSummary": "Fix all of the following:
    +   Element is in tab order and does not have accessible text
    +
    + Fix any of the following:
    +   Element does not have text that is visible to screen readers
    +   aria-label attribute does not exist or is empty
    +   aria-labelledby attribute does not exist, references elements that do not exist or references elements that are empty
    +   Element has no title attribute",
    +         "html": "<a href=\"#\" class=\"text-gray-400 hover:text-white transition-colors\">",
    +         "impact": "serious",
    +         "none": Array [
    +           Object {
    +             "data": null,
    +             "id": "focusable-no-name",
    +             "impact": "serious",
    +             "message": "Element is in tab order and does not have accessible text",
    +             "relatedNodes": Array [],
    +           },
    +         ],
    +         "target": Array [
    +           ".hover\\:text-white[href=\"#\"]:nth-child(3)",
    +         ],
    +       },
    +       Object {
    +         "all": Array [],
    +         "any": Array [
    +           Object {
    +             "data": null,
    +             "id": "has-visible-text",
    +             "impact": "serious",
    +             "message": "Element does not have text that is visible to screen readers",
    +             "relatedNodes": Array [],
    +           },
    +           Object {
    +             "data": null,
    +             "id": "aria-label",
    +             "impact": "serious",
    +             "message": "aria-label attribute does not exist or is empty",
    +             "relatedNodes": Array [],
    +           },
    +           Object {
    +             "data": null,
    +             "id": "aria-labelledby",
    +             "impact": "serious",
    +             "message": "aria-labelledby attribute does not exist, references elements that do not exist or references elements that are empty",
    +             "relatedNodes": Array [],
    +           },
    +           Object {
    +             "data": Object {
    +               "messageKey": "noAttr",
    +             },
    +             "id": "non-empty-title",
    +             "impact": "serious",
    +             "message": "Element has no title attribute",
    +             "relatedNodes": Array [],
    +           },
    +         ],
    +         "failureSummary": "Fix all of the following:
    +   Element is in tab order and does not have accessible text
    +
    + Fix any of the following:
    +   Element does not have text that is visible to screen readers
    +   aria-label attribute does not exist or is empty
    +   aria-labelledby attribute does not exist, references elements that do not exist or references elements that are empty
    +   Element has no title attribute",
    +         "html": "<a href=\"#\" class=\"text-gray-400 hover:text-white transition-colors\">",
    +         "impact": "serious",
    +         "none": Array [
    +           Object {
    +             "data": null,
    +             "id": "focusable-no-name",
    +             "impact": "serious",
    +             "message": "Element is in tab order and does not have accessible text",
    +             "relatedNodes": Array [],
    +           },
    +         ],
    +         "target": Array [
    +           ".hover\\:text-white[href=\"#\"]:nth-child(4)",
    +         ],
    +       },
    +     ],
    +     "tags": Array [
    +       "cat.name-role-value",
    +       "wcag2a",
    +       "wcag244",
    +       "wcag412",
    +       "section508",
    +       "section508.22.a",
    +       "TTv5",
    +       "TT6.a",
    +       "EN-301-549",
    +       "EN-9.2.4.4",
    +       "EN-9.4.1.2",
    +       "ACT",
    +     ],
    +   },
    +   Object {
    +     "description": "Ensure select element has an accessible name",
    +     "help": "Select element must have an accessible name",
    +     "helpUrl": "https://dequeuniversity.com/rules/axe/4.10/select-name?application=playwright",
    +     "id": "select-name",
    +     "impact": "critical",
    +     "nodes": Array [
    +       Object {
    +         "all": Array [],
    +         "any": Array [
    +           Object {
    +             "data": null,
    +             "id": "implicit-label",
    +             "impact": "critical",
    +             "message": "Element does not have an implicit (wrapped) <label>",
    +             "relatedNodes": Array [],
    +           },
    +           Object {
    +             "data": null,
    +             "id": "explicit-label",
    +             "impact": "critical",
    +             "message": "Element does not have an explicit <label>",
    +             "relatedNodes": Array [],
    +           },
    +           Object {
    +             "data": null,
    +             "id": "aria-label",
    +             "impact": "critical",
    +             "message": "aria-label attribute does not exist or is empty",
    +             "relatedNodes": Array [],
    +           },
    +           Object {
    +             "data": null,
    +             "id": "aria-labelledby",
    +             "impact": "critical",
    +             "message": "aria-labelledby attribute does not exist, references elements that do not exist or references elements that are empty",
    +             "relatedNodes": Array [],
    +           },
    +           Object {
    +             "data": Object {
    +               "messageKey": "noAttr",
    +             },
    +             "id": "non-empty-title",
    +             "impact": "critical",
    +             "message": "Element has no title attribute",
    +             "relatedNodes": Array [],
    +           },
    +           Object {
    +             "data": null,
    +             "id": "presentational-role",
    +             "impact": "critical",
    +             "message": "Element's default semantics were not overridden with role=\"none\" or role=\"presentation\"",
    +             "relatedNodes": Array [],
    +           },
    +         ],
    +         "failureSummary": "Fix any of the following:
    +   Element does not have an implicit (wrapped) <label>
    +   Element does not have an explicit <label>
    +   aria-label attribute does not exist or is empty
    +   aria-labelledby attribute does not exist, references elements that do not exist or references elements that are empty
    +   Element has no title attribute
    +   Element's default semantics were not overridden with role=\"none\" or role=\"presentation\"",
    +         "html": "<select class=\"w-full px-4 py-3 border border-gray-300 rounded-lg focus:ring-2 focus:ring-amber-500 focus:border-transparent\">",
    +         "impact": "critical",
    +         "none": Array [],
    +         "target": Array [
    +           "select",
    +         ],
    +       },
    +     ],
    +     "tags": Array [
    +       "cat.forms",
    +       "wcag2a",
    +       "wcag412",
    +       "section508",
    +       "section508.22.n",
    +       "TTv5",
    +       "TT5.c",
    +       "EN-301-549",
    +       "EN-9.4.1.2",
    +       "ACT",
    +     ],
    +   },
    + ]

      72 |       .analyze();
      73 |     
    > 74 |     expect(accessibilityScanResults.violations).toEqual([]);
         |                                                 ^
      75 |   });
      76 | });
      77 |
        at /Users/asithalakmal/Documents/web/SmartHotel/tests/e2e/accessibility.spec.ts:74:49

    attachment #1: screenshot (image/png) ──────────────────────────────────────────────────────────
    ../../test-results/accessibility-Accessibilit-b1c7e--should-meet-WCAG-standards-firefox/test-failed-1.png
    ────────────────────────────────────────────────────────────────────────────────────────────────

    attachment #2: video (video/webm) ──────────────────────────────────────────────────────────────
    ../../test-results/accessibility-Accessibilit-b1c7e--should-meet-WCAG-standards-firefox/video-1.webm
    ────────────────────────────────────────────────────────────────────────────────────────────────

    attachment #3: video (video/webm) ──────────────────────────────────────────────────────────────
    ../../test-results/accessibility-Accessibilit-b1c7e--should-meet-WCAG-standards-firefox/video.webm
    ────────────────────────────────────────────────────────────────────────────────────────────────

    Error Context: ../../test-results/accessibility-Accessibilit-b1c7e--should-meet-WCAG-standards-firefox/error-context.md
]]>
</failure>
<system-out>
<![CDATA[
[[ATTACHMENT|accessibility-Accessibilit-b1c7e--should-meet-WCAG-standards-firefox/test-failed-1.png]]

[[ATTACHMENT|accessibility-Accessibilit-b1c7e--should-meet-WCAG-standards-firefox/video-1.webm]]

[[ATTACHMENT|accessibility-Accessibilit-b1c7e--should-meet-WCAG-standards-firefox/video.webm]]

[[ATTACHMENT|accessibility-Accessibilit-b1c7e--should-meet-WCAG-standards-firefox/error-context.md]]
]]>
</system-out>
</testcase>
</testsuite>
<testsuite name="accessibility.spec.ts" timestamp="2025-10-28T21:16:54.206Z" hostname="webkit" tests="7" failures="7" skipped="0" time="35.113" errors="0">
<testcase name="Accessibility Tests › Homepage should be accessible" classname="accessibility.spec.ts" time="10.339">
<failure message="accessibility.spec.ts:5:7 Homepage should be accessible" type="FAILURE">
<![CDATA[  [webkit] › accessibility.spec.ts:5:7 › Accessibility Tests › Homepage should be accessible ───────

    Error: browserContext.newPage: Protocol error (Page.overrideSetting): Unknown setting: FixedBackgroundsPaintRelativeToDocument
]]>
</failure>
</testcase>
<testcase name="Accessibility Tests › Booking page should be accessible" classname="accessibility.spec.ts" time="5.405">
<failure message="accessibility.spec.ts:14:7 Booking page should be accessible" type="FAILURE">
<![CDATA[  [webkit] › accessibility.spec.ts:14:7 › Accessibility Tests › Booking page should be accessible ──

    Error: browserContext.newPage: Protocol error (Page.overrideSetting): Unknown setting: FixedBackgroundsPaintRelativeToDocument
]]>
</failure>
</testcase>
<testcase name="Accessibility Tests › Contact page should be accessible" classname="accessibility.spec.ts" time="5.284">
<failure message="accessibility.spec.ts:22:7 Contact page should be accessible" type="FAILURE">
<![CDATA[  [webkit] › accessibility.spec.ts:22:7 › Accessibility Tests › Contact page should be accessible ──

    Error: browserContext.newPage: Protocol error (Page.overrideSetting): Unknown setting: FixedBackgroundsPaintRelativeToDocument
]]>
</failure>
</testcase>
<testcase name="Accessibility Tests › Navigation should be keyboard accessible" classname="accessibility.spec.ts" time="4.224">
<failure message="accessibility.spec.ts:30:7 Navigation should be keyboard accessible" type="FAILURE">
<![CDATA[  [webkit] › accessibility.spec.ts:30:7 › Accessibility Tests › Navigation should be keyboard accessible 

    Error: browserContext.newPage: Protocol error (Page.overrideSetting): Unknown setting: FixedBackgroundsPaintRelativeToDocument
]]>
</failure>
</testcase>
<testcase name="Accessibility Tests › Forms should have proper labels" classname="accessibility.spec.ts" time="2.676">
<failure message="accessibility.spec.ts:43:7 Forms should have proper labels" type="FAILURE">
<![CDATA[  [webkit] › accessibility.spec.ts:43:7 › Accessibility Tests › Forms should have proper labels ────

    Error: browserContext.newPage: Protocol error (Page.overrideSetting): Unknown setting: FixedBackgroundsPaintRelativeToDocument
]]>
</failure>
</testcase>
<testcase name="Accessibility Tests › Images should have alt text" classname="accessibility.spec.ts" time="4.049">
<failure message="accessibility.spec.ts:57:7 Images should have alt text" type="FAILURE">
<![CDATA[  [webkit] › accessibility.spec.ts:57:7 › Accessibility Tests › Images should have alt text ────────

    Error: browserContext.newPage: Protocol error (Page.overrideSetting): Unknown setting: FixedBackgroundsPaintRelativeToDocument
]]>
</failure>
</testcase>
<testcase name="Accessibility Tests › Color contrast should meet WCAG standards" classname="accessibility.spec.ts" time="3.136">
<failure message="accessibility.spec.ts:67:7 Color contrast should meet WCAG standards" type="FAILURE">
<![CDATA[  [webkit] › accessibility.spec.ts:67:7 › Accessibility Tests › Color contrast should meet WCAG standards 

    Error: browserContext.newPage: Protocol error (Page.overrideSetting): Unknown setting: FixedBackgroundsPaintRelativeToDocument
]]>
</failure>
</testcase>
</testsuite>
<testsuite name="accessibility.spec.ts" timestamp="2025-10-28T21:16:54.206Z" hostname="Mobile Chrome" tests="7" failures="4" skipped="0" time="159.166" errors="0">
<testcase name="Accessibility Tests › Homepage should be accessible" classname="accessibility.spec.ts" time="38.7">
<failure message="accessibility.spec.ts:5:7 Homepage should be accessible" type="FAILURE">
<![CDATA[  [Mobile Chrome] › accessibility.spec.ts:5:7 › Accessibility Tests › Homepage should be accessible 

    Error: expect(received).toEqual(expected) // deep equality

    - Expected  -    1
    + Received  + 2112

    - Array []
    + Array [
    +   Object {
    +     "description": "Ensure buttons have discernible text",
    +     "help": "Buttons must have discernible text",
    +     "helpUrl": "https://dequeuniversity.com/rules/axe/4.10/button-name?application=playwright",
    +     "id": "button-name",
    +     "impact": "critical",
    +     "nodes": Array [
    +       Object {
    +         "all": Array [],
    +         "any": Array [
    +           Object {
    +             "data": null,
    +             "id": "button-has-visible-text",
    +             "impact": "critical",
    +             "message": "Element does not have inner text that is visible to screen readers",
    +             "relatedNodes": Array [],
    +           },
    +           Object {
    +             "data": null,
    +             "id": "aria-label",
    +             "impact": "critical",
    +             "message": "aria-label attribute does not exist or is empty",
    +             "relatedNodes": Array [],
    +           },
    +           Object {
    +             "data": null,
    +             "id": "aria-labelledby",
    +             "impact": "critical",
    +             "message": "aria-labelledby attribute does not exist, references elements that do not exist or references elements that are empty",
    +             "relatedNodes": Array [],
    +           },
    +           Object {
    +             "data": Object {
    +               "messageKey": "noAttr",
    +             },
    +             "id": "non-empty-title",
    +             "impact": "critical",
    +             "message": "Element has no title attribute",
    +             "relatedNodes": Array [],
    +           },
    +           Object {
    +             "data": null,
    +             "id": "implicit-label",
    +             "impact": "critical",
    +             "message": "Element does not have an implicit (wrapped) <label>",
    +             "relatedNodes": Array [],
    +           },
    +           Object {
    +             "data": null,
    +             "id": "explicit-label",
    +             "impact": "critical",
    +             "message": "Element does not have an explicit <label>",
    +             "relatedNodes": Array [],
    +           },
    +           Object {
    +             "data": null,
    +             "id": "presentational-role",
    +             "impact": "critical",
    +             "message": "Element's default semantics were not overridden with role=\"none\" or role=\"presentation\"",
    +             "relatedNodes": Array [],
    +           },
    +         ],
    +         "failureSummary": "Fix any of the following:
    +   Element does not have inner text that is visible to screen readers
    +   aria-label attribute does not exist or is empty
    +   aria-labelledby attribute does not exist, references elements that do not exist or references elements that are empty
    +   Element has no title attribute
    +   Element does not have an implicit (wrapped) <label>
    +   Element does not have an explicit <label>
    +   Element's default semantics were not overridden with role=\"none\" or role=\"presentation\"",
    +         "html": "<button class=\"md:hidden p-2 rounded-md text-gray-700 hover:text-amber-600\">",
    +         "impact": "critical",
    +         "none": Array [],
    +         "target": Array [
    +           ".md\\:hidden",
    +         ],
    +       },
    +     ],
    +     "tags": Array [
    +       "cat.name-role-value",
    +       "wcag2a",
    +       "wcag412",
    +       "section508",
    +       "section508.22.a",
    +       "TTv5",
    +       "TT6.a",
    +       "EN-301-549",
    +       "EN-9.4.1.2",
    +       "ACT",
    +     ],
    +   },
    +   Object {
    +     "description": "Ensure the contrast between foreground and background colors meets WCAG 2 AA minimum contrast ratio thresholds",
    +     "help": "Elements must meet minimum color contrast ratio thresholds",
    +     "helpUrl": "https://dequeuniversity.com/rules/axe/4.10/color-contrast?application=playwright",
    +     "id": "color-contrast",
    +     "impact": "serious",
    +     "nodes": Array [
    +       Object {
    +         "all": Array [],
    +         "any": Array [
    +           Object {
    +             "data": Object {
    +               "bgColor": "#d97706",
    +               "contrastRatio": 3.18,
    +               "expectedContrastRatio": "4.5:1",
    +               "fgColor": "#ffffff",
    +               "fontSize": "10.5pt (14px)",
    +               "fontWeight": "normal",
    +               "messageKey": null,
    +             },
    +             "id": "color-contrast",
    +             "impact": "serious",
    +             "message": "Element has insufficient color contrast of 3.18 (foreground color: #ffffff, background color: #d97706, font size: 10.5pt (14px), font weight: normal). Expected contrast ratio of 4.5:1",
    +             "relatedNodes": Array [
    +               Object {
    +                 "html": "<div class=\"bg-amber-600 text-white py-2\">",
    +                 "target": Array [
    +                   "body > .py-2.bg-amber-600.text-white",
    +                 ],
    +               },
    +             ],
    +           },
    +         ],
    +         "failureSummary": "Fix any of the following:
    +   Element has insufficient color contrast of 3.18 (foreground color: #ffffff, background color: #d97706, font size: 10.5pt (14px), font weight: normal). Expected contrast ratio of 4.5:1",
    +         "html": "<span>+1 (212) 555-0123</span>",
    +         "impact": "serious",
    +         "none": Array [],
    +         "target": Array [
    +           ".gap-2.items-center.flex:nth-child(1) > span",
    +         ],
    +       },
    +       Object {
    +         "all": Array [],
    +         "any": Array [
    +           Object {
    +             "data": Object {
    +               "bgColor": "#d97706",
    +               "contrastRatio": 3.18,
    +               "expectedContrastRatio": "4.5:1",
    +               "fgColor": "#ffffff",
    +               "fontSize": "10.5pt (14px)",
    +               "fontWeight": "normal",
    +               "messageKey": null,
    +             },
    +             "id": "color-contrast",
    +             "impact": "serious",
    +             "message": "Element has insufficient color contrast of 3.18 (foreground color: #ffffff, background color: #d97706, font size: 10.5pt (14px), font weight: normal). Expected contrast ratio of 4.5:1",
    +             "relatedNodes": Array [
    +               Object {
    +                 "html": "<div class=\"bg-amber-600 text-white py-2\">",
    +                 "target": Array [
    +                   "body > .py-2.bg-amber-600.text-white",
    +                 ],
    +               },
    +             ],
    +           },
    +         ],
    +         "failureSummary": "Fix any of the following:
    +   Element has insufficient color contrast of 3.18 (foreground color: #ffffff, background color: #d97706, font size: 10.5pt (14px), font weight: normal). Expected contrast ratio of 4.5:1",
    +         "html": "<span>reservations@grandpalacehotel.com</span>",
    +         "impact": "serious",
    +         "none": Array [],
    +         "target": Array [
    +           ".sm\\:mb-0 > .gap-2.items-center.flex:nth-child(2) > span",
    +         ],
    +       },
    +       Object {
    +         "all": Array [],
    +         "any": Array [
    +           Object {
    +             "data": Object {
    +               "bgColor": "#d97706",
    +               "contrastRatio": 3.18,
    +               "expectedContrastRatio": "4.5:1",
    +               "fgColor": "#ffffff",
    +               "fontSize": "10.5pt (14px)",
    +               "fontWeight": "normal",
    +               "messageKey": null,
    +             },
    +             "id": "color-contrast",
    +             "impact": "serious",
    +             "message": "Element has insufficient color contrast of 3.18 (foreground color: #ffffff, background color: #d97706, font size: 10.5pt (14px), font weight: normal). Expected contrast ratio of 4.5:1",
    +             "relatedNodes": Array [
    +               Object {
    +                 "html": "<div class=\"bg-amber-600 text-white py-2\">",
    +                 "target": Array [
    +                   "body > .py-2.bg-amber-600.text-white",
    +                 ],
    +               },
    +             ],
    +           },
    +         ],
    +         "failureSummary": "Fix any of the following:
    +   Element has insufficient color contrast of 3.18 (foreground color: #ffffff, background color: #d97706, font size: 10.5pt (14px), font weight: normal). Expected contrast ratio of 4.5:1",
    +         "html": "<span>1235 Park Avenue, New York, NY 10029</span>",
    +         "impact": "serious",
    +         "none": Array [],
    +         "target": Array [
    +           ".sm\\:flex-row.flex-col.justify-between > .gap-2.items-center.flex > span",
    +         ],
    +       },
    +       Object {
    +         "all": Array [],
    +         "any": Array [
    +           Object {
    +             "data": Object {
    +               "bgColor": "#d97706",
    +               "contrastRatio": 3.18,
    +               "expectedContrastRatio": "4.5:1",
    +               "fgColor": "#ffffff",
    +               "fontSize": "13.5pt (18px)",
    +               "fontWeight": "normal",
    +               "messageKey": null,
    +             },
    +             "id": "color-contrast",
    +             "impact": "serious",
    +             "message": "Element has insufficient color contrast of 3.18 (foreground color: #ffffff, background color: #d97706, font size: 13.5pt (18px), font weight: normal). Expected contrast ratio of 4.5:1",
    +             "relatedNodes": Array [
    +               Object {
    +                 "html": "<button class=\"inline-flex items-center justify-center transition-colors focus-visible:outline-none focus-visible:ring-2 focus-visible:ring-ring focus-visible:ring-offset-2 disabled:opacity-50 disabled:pointer-events-none ring-offset-background h-11 rounded-md bg-amber-600 hover:bg-amber-700 text-white px-8 py-4 text-lg font-semibold\">",
    +                 "target": Array [
    +                   "a[href$=\"booking\"] > .h-11.focus-visible\\:outline-none.focus-visible\\:ring-2",
    +                 ],
    +               },
    +             ],
    +           },
    +         ],
    +         "failureSummary": "Fix any of the following:
    +   Element has insufficient color contrast of 3.18 (foreground color: #ffffff, background color: #d97706, font size: 13.5pt (18px), font weight: normal). Expected contrast ratio of 4.5:1",
    +         "html": "<button class=\"inline-flex items-center justify-center transition-colors focus-visible:outline-none focus-visible:ring-2 focus-visible:ring-ring focus-visible:ring-offset-2 disabled:opacity-50 disabled:pointer-events-none ring-offset-background h-11 rounded-md bg-amber-600 hover:bg-amber-700 text-white px-8 py-4 text-lg font-semibold\">",
    +         "impact": "serious",
    +         "none": Array [],
    +         "target": Array [
    +           "a[href$=\"booking\"] > .h-11.focus-visible\\:outline-none.focus-visible\\:ring-2",
    +         ],
    +       },
    +       Object {
    +         "all": Array [],
    +         "any": Array [
    +           Object {
    +             "data": Object {
    +               "bgColor": "#d97706",
    +               "contrastRatio": 3.18,
    +               "expectedContrastRatio": "4.5:1",
    +               "fgColor": "#ffffff",
    +               "fontSize": "12.0pt (16px)",
    +               "fontWeight": "normal",
    +               "messageKey": null,
    +             },
    +             "id": "color-contrast",
    +             "impact": "serious",
    +             "message": "Element has insufficient color contrast of 3.18 (foreground color: #ffffff, background color: #d97706, font size: 12.0pt (16px), font weight: normal). Expected contrast ratio of 4.5:1",
    +             "relatedNodes": Array [
    +               Object {
    +                 "html": "<a class=\"inline-flex items-center gap-2 bg-amber-600 hover:bg-amber-700 text-white px-8 py-4 rounded-lg font-medium transition-colors\" href=\"/rooms\">",
    +                 "target": Array [
    +                   ".inline-flex.gap-2[href$=\"rooms\"]",
    +                 ],
    +               },
    +             ],
    +           },
    +         ],
    +         "failureSummary": "Fix any of the following:
    +   Element has insufficient color contrast of 3.18 (foreground color: #ffffff, background color: #d97706, font size: 12.0pt (16px), font weight: normal). Expected contrast ratio of 4.5:1",
    +         "html": "<a class=\"inline-flex items-center gap-2 bg-amber-600 hover:bg-amber-700 text-white px-8 py-4 rounded-lg font-medium transition-colors\" href=\"/rooms\">",
    +         "impact": "serious",
    +         "none": Array [],
    +         "target": Array [
    +           ".inline-flex.gap-2[href$=\"rooms\"]",
    +         ],
    +       },
    +       Object {
    +         "all": Array [],
    +         "any": Array [
    +           Object {
    +             "data": Object {
    +               "bgColor": "#d97706",
    +               "contrastRatio": 3.18,
    +               "expectedContrastRatio": "4.5:1",
    +               "fgColor": "#ffffff",
    +               "fontSize": "12.0pt (16px)",
    +               "fontWeight": "normal",
    +               "messageKey": null,
    +             },
    +             "id": "color-contrast",
    +             "impact": "serious",
    +             "message": "Element has insufficient color contrast of 3.18 (foreground color: #ffffff, background color: #d97706, font size: 12.0pt (16px), font weight: normal). Expected contrast ratio of 4.5:1",
    +             "relatedNodes": Array [
    +               Object {
    +                 "html": "<a class=\"inline-flex items-center gap-2 bg-amber-600 hover:bg-amber-700 text-white px-8 py-4 rounded-lg font-medium transition-colors\" href=\"/order\">",
    +                 "target": Array [
    +                   ".inline-flex.gap-2[href$=\"order\"]",
    +                 ],
    +               },
    +             ],
    +           },
    +         ],
    +         "failureSummary": "Fix any of the following:
    +   Element has insufficient color contrast of 3.18 (foreground color: #ffffff, background color: #d97706, font size: 12.0pt (16px), font weight: normal). Expected contrast ratio of 4.5:1",
    +         "html": "<a class=\"inline-flex items-center gap-2 bg-amber-600 hover:bg-amber-700 text-white px-8 py-4 rounded-lg font-medium transition-colors\" href=\"/order\">",
    +         "impact": "serious",
    +         "none": Array [],
    +         "target": Array [
    +           ".inline-flex.gap-2[href$=\"order\"]",
    +         ],
    +       },
    +       Object {
    +         "all": Array [],
    +         "any": Array [
    +           Object {
    +             "data": Object {
    +               "bgColor": "#ffffff",
    +               "contrastRatio": 3.18,
    +               "expectedContrastRatio": "4.5:1",
    +               "fgColor": "#d97706",
    +               "fontSize": "12.0pt (16px)",
    +               "fontWeight": "normal",
    +               "messageKey": null,
    +             },
    +             "id": "color-contrast",
    +             "impact": "serious",
    +             "message": "Element has insufficient color contrast of 3.18 (foreground color: #d97706, background color: #ffffff, font size: 12.0pt (16px), font weight: normal). Expected contrast ratio of 4.5:1",
    +             "relatedNodes": Array [
    +               Object {
    +                 "html": "<a class=\"bg-white text-amber-600 hover:bg-gray-100 px-8 py-4 rounded-lg font-medium transition-colors\" href=\"/booking\">Book Now</a>",
    +                 "target": Array [
    +                   ".hover\\:bg-gray-100",
    +                 ],
    +               },
    +             ],
    +           },
    +         ],
    +         "failureSummary": "Fix any of the following:
    +   Element has insufficient color contrast of 3.18 (foreground color: #d97706, background color: #ffffff, font size: 12.0pt (16px), font weight: normal). Expected contrast ratio of 4.5:1",
    +         "html": "<a class=\"bg-white text-amber-600 hover:bg-gray-100 px-8 py-4 rounded-lg font-medium transition-colors\" href=\"/booking\">Book Now</a>",
    +         "impact": "serious",
    +         "none": Array [],
    +         "target": Array [
    +           ".hover\\:bg-gray-100",
    +         ],
    +       },
    +     ],
    +     "tags": Array [
    +       "cat.color",
    +       "wcag2aa",
    +       "wcag143",
    +       "TTv5",
    +       "TT13.c",
    +       "EN-301-549",
    +       "EN-9.1.4.3",
    +       "ACT",
    +     ],
    +   },
    +   Object {
    +     "description": "Ensure every form element has a label",
    +     "help": "Form elements must have labels",
    +     "helpUrl": "https://dequeuniversity.com/rules/axe/4.10/label?application=playwright",
    +     "id": "label",
    +     "impact": "critical",
    +     "nodes": Array [
    +       Object {
    +         "all": Array [],
    +         "any": Array [
    +           Object {
    +             "data": null,
    +             "id": "implicit-label",
    +             "impact": "critical",
    +             "message": "Element does not have an implicit (wrapped) <label>",
    +             "relatedNodes": Array [],
    +           },
    +           Object {
    +             "data": null,
    +             "id": "explicit-label",
    +             "impact": "critical",
    +             "message": "Element does not have an explicit <label>",
    +             "relatedNodes": Array [],
    +           },
    +           Object {
    +             "data": null,
    +             "id": "aria-label",
    +             "impact": "critical",
    +             "message": "aria-label attribute does not exist or is empty",
    +             "relatedNodes": Array [],
    +           },
    +           Object {
    +             "data": null,
    +             "id": "aria-labelledby",
    +             "impact": "critical",
    +             "message": "aria-labelledby attribute does not exist, references elements that do not exist or references elements that are empty",
    +             "relatedNodes": Array [],
    +           },
    +           Object {
    +             "data": Object {
    +               "messageKey": "noAttr",
    +             },
    +             "id": "non-empty-title",
    +             "impact": "critical",
    +             "message": "Element has no title attribute",
    +             "relatedNodes": Array [],
    +           },
    +           Object {
    +             "data": Object {
    +               "messageKey": "noAttr",
    +             },
    +             "id": "non-empty-placeholder",
    +             "impact": "critical",
    +             "message": "Element has no placeholder attribute",
    +             "relatedNodes": Array [],
    +           },
    +           Object {
    +             "data": null,
    +             "id": "presentational-role",
    +             "impact": "critical",
    +             "message": "Element's default semantics were not overridden with role=\"none\" or role=\"presentation\"",
    +             "relatedNodes": Array [],
    +           },
    +         ],
    +         "failureSummary": "Fix any of the following:
    +   Element does not have an implicit (wrapped) <label>
    +   Element does not have an explicit <label>
    +   aria-label attribute does not exist or is empty
    +   aria-labelledby attribute does not exist, references elements that do not exist or references elements that are empty
    +   Element has no title attribute
    +   Element has no placeholder attribute
    +   Element's default semantics were not overridden with role=\"none\" or role=\"presentation\"",
    +         "html": "<input type=\"date\" class=\"w-full px-4 py-3 border border-gray-300 rounded-lg focus:ring-2 focus:ring-amber-500 focus:border-transparent\" value=\"\">",
    +         "impact": "critical",
    +         "none": Array [],
    +         "target": Array [
    +           "div:nth-child(1) > input",
    +         ],
    +       },
    +       Object {
    +         "all": Array [],
    +         "any": Array [
    +           Object {
    +             "data": null,
    +             "id": "implicit-label",
    +             "impact": "critical",
    +             "message": "Element does not have an implicit (wrapped) <label>",
    +             "relatedNodes": Array [],
    +           },
    +           Object {
    +             "data": null,
    +             "id": "explicit-label",
    +             "impact": "critical",
    +             "message": "Element does not have an explicit <label>",
    +             "relatedNodes": Array [],
    +           },
    +           Object {
    +             "data": null,
    +             "id": "aria-label",
    +             "impact": "critical",
    +             "message": "aria-label attribute does not exist or is empty",
    +             "relatedNodes": Array [],
    +           },
    +           Object {
    +             "data": null,
    +             "id": "aria-labelledby",
    +             "impact": "critical",
    +             "message": "aria-labelledby attribute does not exist, references elements that do not exist or references elements that are empty",
    +             "relatedNodes": Array [],
    +           },
    +           Object {
    +             "data": Object {
    +               "messageKey": "noAttr",
    +             },
    +             "id": "non-empty-title",
    +             "impact": "critical",
    +             "message": "Element has no title attribute",
    +             "relatedNodes": Array [],
    +           },
    +           Object {
    +             "data": Object {
    +               "messageKey": "noAttr",
    +             },
    +             "id": "non-empty-placeholder",
    +             "impact": "critical",
    +             "message": "Element has no placeholder attribute",
    +             "relatedNodes": Array [],
    +           },
    +           Object {
    +             "data": null,
    +             "id": "presentational-role",
    +             "impact": "critical",
    +             "message": "Element's default semantics were not overridden with role=\"none\" or role=\"presentation\"",
    +             "relatedNodes": Array [],
    +           },
    +         ],
    +         "failureSummary": "Fix any of the following:
    +   Element does not have an implicit (wrapped) <label>
    +   Element does not have an explicit <label>
    +   aria-label attribute does not exist or is empty
    +   aria-labelledby attribute does not exist, references elements that do not exist or references elements that are empty
    +   Element has no title attribute
    +   Element has no placeholder attribute
    +   Element's default semantics were not overridden with role=\"none\" or role=\"presentation\"",
    +         "html": "<input type=\"date\" class=\"w-full px-4 py-3 border border-gray-300 rounded-lg focus:ring-2 focus:ring-amber-500 focus:border-transparent\" value=\"\">",
    +         "impact": "critical",
    +         "none": Array [],
    +         "target": Array [
    +           "div:nth-child(2) > input",
    +         ],
    +       },
    +     ],
    +     "tags": Array [
    +       "cat.forms",
    +       "wcag2a",
    +       "wcag412",
    +       "section508",
    +       "section508.22.n",
    +       "TTv5",
    +       "TT5.c",
    +       "EN-301-549",
    +       "EN-9.4.1.2",
    +       "ACT",
    +     ],
    +   },
    +   Object {
    +     "description": "Ensure the document has a main landmark",
    +     "help": "Document should have one main landmark",
    +     "helpUrl": "https://dequeuniversity.com/rules/axe/4.10/landmark-one-main?application=playwright",
    +     "id": "landmark-one-main",
    +     "impact": "moderate",
    +     "nodes": Array [
    +       Object {
    +         "all": Array [
    +           Object {
    +             "data": null,
    +             "id": "page-has-main",
    +             "impact": "moderate",
    +             "message": "Document does not have a main landmark",
    +             "relatedNodes": Array [],
    +           },
    +         ],
    +         "any": Array [],
    +         "failureSummary": "Fix all of the following:
    +   Document does not have a main landmark",
    +         "html": "<html lang=\"en\" class=\"__variable_f367f3 __variable_0a80b4\">",
    +         "impact": "moderate",
    +         "none": Array [],
    +         "target": Array [
    +           "html",
    +         ],
    +       },
    +     ],
    +     "tags": Array [
    +       "cat.semantics",
    +       "best-practice",
    +     ],
    +   },
    +   Object {
    +     "description": "Ensure links have discernible text",
    +     "help": "Links must have discernible text",
    +     "helpUrl": "https://dequeuniversity.com/rules/axe/4.10/link-name?application=playwright",
    +     "id": "link-name",
    +     "impact": "serious",
    +     "nodes": Array [
    +       Object {
    +         "all": Array [],
    +         "any": Array [
    +           Object {
    +             "data": null,
    +             "id": "has-visible-text",
    +             "impact": "serious",
    +             "message": "Element does not have text that is visible to screen readers",
    +             "relatedNodes": Array [],
    +           },
    +           Object {
    +             "data": null,
    +             "id": "aria-label",
    +             "impact": "serious",
    +             "message": "aria-label attribute does not exist or is empty",
    +             "relatedNodes": Array [],
    +           },
    +           Object {
    +             "data": null,
    +             "id": "aria-labelledby",
    +             "impact": "serious",
    +             "message": "aria-labelledby attribute does not exist, references elements that do not exist or references elements that are empty",
    +             "relatedNodes": Array [],
    +           },
    +           Object {
    +             "data": Object {
    +               "messageKey": "noAttr",
    +             },
    +             "id": "non-empty-title",
    +             "impact": "serious",
    +             "message": "Element has no title attribute",
    +             "relatedNodes": Array [],
    +           },
    +         ],
    +         "failureSummary": "Fix all of the following:
    +   Element is in tab order and does not have accessible text
    +
    + Fix any of the following:
    +   Element does not have text that is visible to screen readers
    +   aria-label attribute does not exist or is empty
    +   aria-labelledby attribute does not exist, references elements that do not exist or references elements that are empty
    +   Element has no title attribute",
    +         "html": "<a href=\"#\" class=\"text-gray-400 hover:text-white transition-colors\">",
    +         "impact": "serious",
    +         "none": Array [
    +           Object {
    +             "data": null,
    +             "id": "focusable-no-name",
    +             "impact": "serious",
    +             "message": "Element is in tab order and does not have accessible text",
    +             "relatedNodes": Array [],
    +           },
    +         ],
    +         "target": Array [
    +           ".hover\\:text-white[href=\"#\"]:nth-child(1)",
    +         ],
    +       },
    +       Object {
    +         "all": Array [],
    +         "any": Array [
    +           Object {
    +             "data": null,
    +             "id": "has-visible-text",
    +             "impact": "serious",
    +             "message": "Element does not have text that is visible to screen readers",
    +             "relatedNodes": Array [],
    +           },
    +           Object {
    +             "data": null,
    +             "id": "aria-label",
    +             "impact": "serious",
    +             "message": "aria-label attribute does not exist or is empty",
    +             "relatedNodes": Array [],
    +           },
    +           Object {
    +             "data": null,
    +             "id": "aria-labelledby",
    +             "impact": "serious",
    +             "message": "aria-labelledby attribute does not exist, references elements that do not exist or references elements that are empty",
    +             "relatedNodes": Array [],
    +           },
    +           Object {
    +             "data": Object {
    +               "messageKey": "noAttr",
    +             },
    +             "id": "non-empty-title",
    +             "impact": "serious",
    +             "message": "Element has no title attribute",
    +             "relatedNodes": Array [],
    +           },
    +         ],
    +         "failureSummary": "Fix all of the following:
    +   Element is in tab order and does not have accessible text
    +
    + Fix any of the following:
    +   Element does not have text that is visible to screen readers
    +   aria-label attribute does not exist or is empty
    +   aria-labelledby attribute does not exist, references elements that do not exist or references elements that are empty
    +   Element has no title attribute",
    +         "html": "<a href=\"#\" class=\"text-gray-400 hover:text-white transition-colors\">",
    +         "impact": "serious",
    +         "none": Array [
    +           Object {
    +             "data": null,
    +             "id": "focusable-no-name",
    +             "impact": "serious",
    +             "message": "Element is in tab order and does not have accessible text",
    +             "relatedNodes": Array [],
    +           },
    +         ],
    +         "target": Array [
    +           ".hover\\:text-white[href=\"#\"]:nth-child(2)",
    +         ],
    +       },
    +       Object {
    +         "all": Array [],
    +         "any": Array [
    +           Object {
    +             "data": null,
    +             "id": "has-visible-text",
    +             "impact": "serious",
    +             "message": "Element does not have text that is visible to screen readers",
    +             "relatedNodes": Array [],
    +           },
    +           Object {
    +             "data": null,
    +             "id": "aria-label",
    +             "impact": "serious",
    +             "message": "aria-label attribute does not exist or is empty",
    +             "relatedNodes": Array [],
    +           },
    +           Object {
    +             "data": null,
    +             "id": "aria-labelledby",
    +             "impact": "serious",
    +             "message": "aria-labelledby attribute does not exist, references elements that do not exist or references elements that are empty",
    +             "relatedNodes": Array [],
    +           },
    +           Object {
    +             "data": Object {
    +               "messageKey": "noAttr",
    +             },
    +             "id": "non-empty-title",
    +             "impact": "serious",
    +             "message": "Element has no title attribute",
    +             "relatedNodes": Array [],
    +           },
    +         ],
    +         "failureSummary": "Fix all of the following:
    +   Element is in tab order and does not have accessible text
    +
    + Fix any of the following:
    +   Element does not have text that is visible to screen readers
    +   aria-label attribute does not exist or is empty
    +   aria-labelledby attribute does not exist, references elements that do not exist or references elements that are empty
    +   Element has no title attribute",
    +         "html": "<a href=\"#\" class=\"text-gray-400 hover:text-white transition-colors\">",
    +         "impact": "serious",
    +         "none": Array [
    +           Object {
    +             "data": null,
    +             "id": "focusable-no-name",
    +             "impact": "serious",
    +             "message": "Element is in tab order and does not have accessible text",
    +             "relatedNodes": Array [],
    +           },
    +         ],
    +         "target": Array [
    +           ".hover\\:text-white[href=\"#\"]:nth-child(3)",
    +         ],
    +       },
    +       Object {
    +         "all": Array [],
    +         "any": Array [
    +           Object {
    +             "data": null,
    +             "id": "has-visible-text",
    +             "impact": "serious",
    +             "message": "Element does not have text that is visible to screen readers",
    +             "relatedNodes": Array [],
    +           },
    +           Object {
    +             "data": null,
    +             "id": "aria-label",
    +             "impact": "serious",
    +             "message": "aria-label attribute does not exist or is empty",
    +             "relatedNodes": Array [],
    +           },
    +           Object {
    +             "data": null,
    +             "id": "aria-labelledby",
    +             "impact": "serious",
    +             "message": "aria-labelledby attribute does not exist, references elements that do not exist or references elements that are empty",
    +             "relatedNodes": Array [],
    +           },
    +           Object {
    +             "data": Object {
    +               "messageKey": "noAttr",
    +             },
    +             "id": "non-empty-title",
    +             "impact": "serious",
    +             "message": "Element has no title attribute",
    +             "relatedNodes": Array [],
    +           },
    +         ],
    +         "failureSummary": "Fix all of the following:
    +   Element is in tab order and does not have accessible text
    +
    + Fix any of the following:
    +   Element does not have text that is visible to screen readers
    +   aria-label attribute does not exist or is empty
    +   aria-labelledby attribute does not exist, references elements that do not exist or references elements that are empty
    +   Element has no title attribute",
    +         "html": "<a href=\"#\" class=\"text-gray-400 hover:text-white transition-colors\">",
    +         "impact": "serious",
    +         "none": Array [
    +           Object {
    +             "data": null,
    +             "id": "focusable-no-name",
    +             "impact": "serious",
    +             "message": "Element is in tab order and does not have accessible text",
    +             "relatedNodes": Array [],
    +           },
    +         ],
    +         "target": Array [
    +           ".hover\\:text-white[href=\"#\"]:nth-child(4)",
    +         ],
    +       },
    +     ],
    +     "tags": Array [
    +       "cat.name-role-value",
    +       "wcag2a",
    +       "wcag244",
    +       "wcag412",
    +       "section508",
    +       "section508.22.a",
    +       "TTv5",
    +       "TT6.a",
    +       "EN-301-549",
    +       "EN-9.2.4.4",
    +       "EN-9.4.1.2",
    +       "ACT",
    +     ],
    +   },
    +   Object {
    +     "description": "Ensure all page content is contained by landmarks",
    +     "help": "All page content should be contained by landmarks",
    +     "helpUrl": "https://dequeuniversity.com/rules/axe/4.10/region?application=playwright",
    +     "id": "region",
    +     "impact": "moderate",
    +     "nodes": Array [
    +       Object {
    +         "all": Array [],
    +         "any": Array [
    +           Object {
    +             "data": Object {
    +               "isIframe": false,
    +             },
    +             "id": "region",
    +             "impact": "moderate",
    +             "message": "Some page content is not contained by landmarks",
    +             "relatedNodes": Array [],
    +           },
    +         ],
    +         "failureSummary": "Fix any of the following:
    +   Some page content is not contained by landmarks",
    +         "html": "<span>+1 (212) 555-0123</span>",
    +         "impact": "moderate",
    +         "none": Array [],
    +         "target": Array [
    +           ".gap-2.items-center.flex:nth-child(1) > span",
    +         ],
    +       },
    +       Object {
    +         "all": Array [],
    +         "any": Array [
    +           Object {
    +             "data": Object {
    +               "isIframe": false,
    +             },
    +             "id": "region",
    +             "impact": "moderate",
    +             "message": "Some page content is not contained by landmarks",
    +             "relatedNodes": Array [],
    +           },
    +         ],
    +         "failureSummary": "Fix any of the following:
    +   Some page content is not contained by landmarks",
    +         "html": "<span>reservations@grandpalacehotel.com</span>",
    +         "impact": "moderate",
    +         "none": Array [],
    +         "target": Array [
    +           ".sm\\:mb-0 > .gap-2.items-center.flex:nth-child(2) > span",
    +         ],
    +       },
    +       Object {
    +         "all": Array [],
    +         "any": Array [
    +           Object {
    +             "data": Object {
    +               "isIframe": false,
    +             },
    +             "id": "region",
    +             "impact": "moderate",
    +             "message": "Some page content is not contained by landmarks",
    +             "relatedNodes": Array [],
    +           },
    +         ],
    +         "failureSummary": "Fix any of the following:
    +   Some page content is not contained by landmarks",
    +         "html": "<span>1235 Park Avenue, New York, NY 10029</span>",
    +         "impact": "moderate",
    +         "none": Array [],
    +         "target": Array [
    +           ".sm\\:flex-row.flex-col.justify-between > .gap-2.items-center.flex > span",
    +         ],
    +       },
    +       Object {
    +         "all": Array [],
    +         "any": Array [
    +           Object {
    +             "data": Object {
    +               "isIframe": false,
    +             },
    +             "id": "region",
    +             "impact": "moderate",
    +             "message": "Some page content is not contained by landmarks",
    +             "relatedNodes": Array [],
    +           },
    +         ],
    +         "failureSummary": "Fix any of the following:
    +   Some page content is not contained by landmarks",
    +         "html": "<div class=\"absolute inset-0 z-0\">",
    +         "impact": "moderate",
    +         "none": Array [],
    +         "target": Array [
    +           ".z-0",
    +         ],
    +       },
    +       Object {
    +         "all": Array [],
    +         "any": Array [
    +           Object {
    +             "data": Object {
    +               "isIframe": false,
    +             },
    +             "id": "region",
    +             "impact": "moderate",
    +             "message": "Some page content is not contained by landmarks",
    +             "relatedNodes": Array [],
    +           },
    +         ],
    +         "failureSummary": "Fix any of the following:
    +   Some page content is not contained by landmarks",
    +         "html": "<span class=\"text-sm font-medium\">5-Star Luxury Hotel</span>",
    +         "impact": "moderate",
    +         "none": Array [],
    +         "target": Array [
    +           ".space-x-2.text-amber-400.items-center > span",
    +         ],
    +       },
    +       Object {
    +         "all": Array [],
    +         "any": Array [
    +           Object {
    +             "data": Object {
    +               "isIframe": false,
    +             },
    +             "id": "region",
    +             "impact": "moderate",
    +             "message": "Some page content is not contained by landmarks",
    +             "relatedNodes": Array [],
    +           },
    +         ],
    +         "failureSummary": "Fix any of the following:
    +   Some page content is not contained by landmarks",
    +         "html": "<h1 class=\"text-5xl lg:text-7xl font-bold leading-tight\">Welcome to Grand Palace Hotel</h1>",
    +         "impact": "moderate",
    +         "none": Array [],
    +         "target": Array [
    +           ".text-5xl",
    +         ],
    +       },
    +       Object {
    +         "all": Array [],
    +         "any": Array [
    +           Object {
    +             "data": Object {
    +               "isIframe": false,
    +             },
    +             "id": "region",
    +             "impact": "moderate",
    +             "message": "Some page content is not contained by landmarks",
    +             "relatedNodes": Array [],
    +           },
    +         ],
    +         "failureSummary": "Fix any of the following:
    +   Some page content is not contained by landmarks",
    +         "html": "<h2 class=\"text-2xl lg:text-3xl text-amber-300 font-light\">Experience Luxury Like Never Before</h2>",
    +         "impact": "moderate",
    +         "none": Array [],
    +         "target": Array [
    +           ".lg\\:text-3xl",
    +         ],
    +       },
    +       Object {
    +         "all": Array [],
    +         "any": Array [
    +           Object {
    +             "data": Object {
    +               "isIframe": false,
    +             },
    +             "id": "region",
    +             "impact": "moderate",
    +             "message": "Some page content is not contained by landmarks",
    +             "relatedNodes": Array [],
    +           },
    +         ],
    +         "failureSummary": "Fix any of the following:
    +   Some page content is not contained by landmarks",
    +         "html": "<p class=\"text-xl text-gray-200 leading-relaxed max-w-2xl\">Indulge in world-class amenities, exceptional service, and breathtaking views in the heart of the city.</p>",
    +         "impact": "moderate",
    +         "none": Array [],
    +         "target": Array [
    +           ".text-gray-200",
    +         ],
    +       },
    +       Object {
    +         "all": Array [],
    +         "any": Array [
    +           Object {
    +             "data": Object {
    +               "isIframe": false,
    +             },
    +             "id": "region",
    +             "impact": "moderate",
    +             "message": "Some page content is not contained by landmarks",
    +             "relatedNodes": Array [],
    +           },
    +         ],
    +         "failureSummary": "Fix any of the following:
    +   Some page content is not contained by landmarks",
    +         "html": "<div><p class=\"text-sm text-gray-300\">Location</p><p class=\"text-white font-medium\">Downtown District</p></div>",
    +         "impact": "moderate",
    +         "none": Array [],
    +         "target": Array [
    +           ".gap-6 > .space-x-3.items-center.flex:nth-child(1) > div",
    +         ],
    +       },
    +       Object {
    +         "all": Array [],
    +         "any": Array [
    +           Object {
    +             "data": Object {
    +               "isIframe": false,
    +             },
    +             "id": "region",
    +             "impact": "moderate",
    +             "message": "Some page content is not contained by landmarks",
    +             "relatedNodes": Array [],
    +           },
    +         ],
    +         "failureSummary": "Fix any of the following:
    +   Some page content is not contained by landmarks",
    +         "html": "<div><p class=\"text-sm text-gray-300\">Call Us</p><p class=\"text-white font-medium\">+1 (555) 123-4567</p></div>",
    +         "impact": "moderate",
    +         "none": Array [],
    +         "target": Array [
    +           ".space-x-3.items-center.flex:nth-child(2) > div",
    +         ],
    +       },
    +       Object {
    +         "all": Array [],
    +         "any": Array [
    +           Object {
    +             "data": Object {
    +               "isIframe": false,
    +             },
    +             "id": "region",
    +             "impact": "moderate",
    +             "message": "Some page content is not contained by landmarks",
    +             "relatedNodes": Array [],
    +           },
    +         ],
    +         "failureSummary": "Fix any of the following:
    +   Some page content is not contained by landmarks",
    +         "html": "<div class=\"text-center mb-6\"><h3 class=\"text-2xl font-bold text-gray-900 mb-2\">Book Your Stay</h3><p class=\"text-gray-600\">Find the perfect room for your getaway</p></div>",
    +         "impact": "moderate",
    +         "none": Array [],
    +         "target": Array [
    +           ".mb-6.text-center",
    +         ],
    +       },
    +       Object {
    +         "all": Array [],
    +         "any": Array [
    +           Object {
    +             "data": Object {
    +               "isIframe": false,
    +             },
    +             "id": "region",
    +             "impact": "moderate",
    +             "message": "Some page content is not contained by landmarks",
    +             "relatedNodes": Array [],
    +           },
    +         ],
    +         "failureSummary": "Fix any of the following:
    +   Some page content is not contained by landmarks",
    +         "html": "<div class=\"grid grid-cols-1 sm:grid-cols-2 gap-4\">",
    +         "impact": "moderate",
    +         "none": Array [],
    +         "target": Array [
    +           ".sm\\:grid-cols-2",
    +         ],
    +       },
    +       Object {
    +         "all": Array [],
    +         "any": Array [
    +           Object {
    +             "data": Object {
    +               "isIframe": false,
    +             },
    +             "id": "region",
    +             "impact": "moderate",
    +             "message": "Some page content is not contained by landmarks",
    +             "relatedNodes": Array [],
    +           },
    +         ],
    +         "failureSummary": "Fix any of the following:
    +   Some page content is not contained by landmarks",
    +         "html": "<div>",
    +         "impact": "moderate",
    +         "none": Array [],
    +         "target": Array [
    +           ".bg-white\\/95 > .space-y-4 > div:nth-child(2)",
    +         ],
    +       },
    +       Object {
    +         "all": Array [],
    +         "any": Array [
    +           Object {
    +             "data": Object {
    +               "isIframe": false,
    +             },
    +             "id": "region",
    +             "impact": "moderate",
    +             "message": "Some page content is not contained by landmarks",
    +             "relatedNodes": Array [],
    +           },
    +         ],
    +         "failureSummary": "Fix any of the following:
    +   Some page content is not contained by landmarks",
    +         "html": "<div class=\"mt-6 pt-6 border-t border-gray-200\">",
    +         "impact": "moderate",
    +         "none": Array [],
    +         "target": Array [
    +           ".mt-6",
    +         ],
    +       },
    +       Object {
    +         "all": Array [],
    +         "any": Array [
    +           Object {
    +             "data": Object {
    +               "isIframe": false,
    +             },
    +             "id": "region",
    +             "impact": "moderate",
    +             "message": "Some page content is not contained by landmarks",
    +             "relatedNodes": Array [],
    +           },
    +         ],
    +         "failureSummary": "Fix any of the following:
    +   Some page content is not contained by landmarks",
    +         "html": "<div class=\"text-center mb-16\">",
    +         "impact": "moderate",
    +         "none": Array [],
    +         "target": Array [
    +           "section:nth-child(2) > .max-w-7xl.px-4.mx-auto > .mb-16.text-center",
    +         ],
    +       },
    +       Object {
    +         "all": Array [],
    +         "any": Array [
    +           Object {
    +             "data": Object {
    +               "isIframe": false,
    +             },
    +             "id": "region",
    +             "impact": "moderate",
    +             "message": "Some page content is not contained by landmarks",
    +             "relatedNodes": Array [],
    +           },
    +         ],
    +         "failureSummary": "Fix any of the following:
    +   Some page content is not contained by landmarks",
    +         "html": "<h3 class=\"text-xl font-semibold mb-2\">5-Star Luxury</h3>",
    +         "impact": "moderate",
    +         "none": Array [],
    +         "target": Array [
    +           ".md\\:grid-cols-3.gap-8.grid-cols-1 > .text-center:nth-child(1) > .text-xl",
    +         ],
    +       },
    +       Object {
    +         "all": Array [],
    +         "any": Array [
    +           Object {
    +             "data": Object {
    +               "isIframe": false,
    +             },
    +             "id": "region",
    +             "impact": "moderate",
    +             "message": "Some page content is not contained by landmarks",
    +             "relatedNodes": Array [],
    +           },
    +         ],
    +         "failureSummary": "Fix any of the following:
    +   Some page content is not contained by landmarks",
    +         "html": "<p class=\"text-gray-600\">Experience world-class service and amenities in every detail.</p>",
    +         "impact": "moderate",
    +         "none": Array [],
    +         "target": Array [
    +           ".md\\:grid-cols-3.gap-8.grid-cols-1 > .text-center:nth-child(1) > .text-gray-600",
    +         ],
    +       },
    +       Object {
    +         "all": Array [],
    +         "any": Array [
    +           Object {
    +             "data": Object {
    +               "isIframe": false,
    +             },
    +             "id": "region",
    +             "impact": "moderate",
    +             "message": "Some page content is not contained by landmarks",
    +             "relatedNodes": Array [],
    +           },
    +         ],
    +         "failureSummary": "Fix any of the following:
    +   Some page content is not contained by landmarks",
    +         "html": "<h3 class=\"text-xl font-semibold mb-2\">Prime Location</h3>",
    +         "impact": "moderate",
    +         "none": Array [],
    +         "target": Array [
    +           ".text-center:nth-child(2) > .text-xl",
    +         ],
    +       },
    +       Object {
    +         "all": Array [],
    +         "any": Array [
    +           Object {
    +             "data": Object {
    +               "isIframe": false,
    +             },
    +             "id": "region",
    +             "impact": "moderate",
    +             "message": "Some page content is not contained by landmarks",
    +             "relatedNodes": Array [],
    +           },
    +         ],
    +         "failureSummary": "Fix any of the following:
    +   Some page content is not contained by landmarks",
    +         "html": "<p class=\"text-gray-600\">Steps away from major attractions, business districts, and shopping.</p>",
    +         "impact": "moderate",
    +         "none": Array [],
    +         "target": Array [
    +           ".md\\:grid-cols-3.gap-8.grid-cols-1 > .text-center:nth-child(2) > .text-gray-600",
    +         ],
    +       },
    +       Object {
    +         "all": Array [],
    +         "any": Array [
    +           Object {
    +             "data": Object {
    +               "isIframe": false,
    +             },
    +             "id": "region",
    +             "impact": "moderate",
    +             "message": "Some page content is not contained by landmarks",
    +             "relatedNodes": Array [],
    +           },
    +         ],
    +         "failureSummary": "Fix any of the following:
    +   Some page content is not contained by landmarks",
    +         "html": "<h3 class=\"text-xl font-semibold mb-2\">Award-Winning</h3>",
    +         "impact": "moderate",
    +         "none": Array [],
    +         "target": Array [
    +           ".text-center:nth-child(3) > .text-xl",
    +         ],
    +       },
    +       Object {
    +         "all": Array [],
    +         "any": Array [
    +           Object {
    +             "data": Object {
    +               "isIframe": false,
    +             },
    +             "id": "region",
    +             "impact": "moderate",
    +             "message": "Some page content is not contained by landmarks",
    +             "relatedNodes": Array [],
    +           },
    +         ],
    +         "failureSummary": "Fix any of the following:
    +   Some page content is not contained by landmarks",
    +         "html": "<p class=\"text-gray-600\">Recognized globally for excellence in hospitality and service.</p>",
    +         "impact": "moderate",
    +         "none": Array [],
    +         "target": Array [
    +           ".md\\:grid-cols-3.gap-8.grid-cols-1 > .text-center:nth-child(3) > .text-gray-600",
    +         ],
    +       },
    +       Object {
    +         "all": Array [],
    +         "any": Array [
    +           Object {
    +             "data": Object {
    +               "isIframe": false,
    +             },
    +             "id": "region",
    +             "impact": "moderate",
    +             "message": "Some page content is not contained by landmarks",
    +             "relatedNodes": Array [],
    +           },
    +         ],
    +         "failureSummary": "Fix any of the following:
    +   Some page content is not contained by landmarks",
    +         "html": "<section class=\"py-20 bg-gray-50\">",
    +         "impact": "moderate",
    +         "none": Array [],
    +         "target": Array [
    +           ".bg-gray-50:nth-child(3)",
    +         ],
    +       },
    +       Object {
    +         "all": Array [],
    +         "any": Array [
    +           Object {
    +             "data": Object {
    +               "isIframe": false,
    +             },
    +             "id": "region",
    +             "impact": "moderate",
    +             "message": "Some page content is not contained by landmarks",
    +             "relatedNodes": Array [],
    +           },
    +         ],
    +         "failureSummary": "Fix any of the following:
    +   Some page content is not contained by landmarks",
    +         "html": "<div class=\"text-center mb-16\"><h2 class=\"text-4xl font-bold text-gray-900 mb-4\">World-Class Amenities</h2><p class=\"text-xl text-gray-600 max-w-3xl mx-auto\">From fine dining to wellness facilities, we provide everything you need for an exceptional stay.</p></div>",
    +         "impact": "moderate",
    +         "none": Array [],
    +         "target": Array [
    +           "section:nth-child(4) > .max-w-7xl.px-4.mx-auto > .mb-16.text-center",
    +         ],
    +       },
    +       Object {
    +         "all": Array [],
    +         "any": Array [
    +           Object {
    +             "data": Object {
    +               "isIframe": false,
    +             },
    +             "id": "region",
    +             "impact": "moderate",
    +             "message": "Some page content is not contained by landmarks",
    +             "relatedNodes": Array [],
    +           },
    +         ],
    +         "failureSummary": "Fix any of the following:
    +   Some page content is not contained by landmarks",
    +         "html": "<h3 class=\"font-semibold mb-2\">Fine Dining</h3>",
    +         "impact": "moderate",
    +         "none": Array [],
    +         "target": Array [
    +           ".md\\:grid-cols-4 > .text-center:nth-child(1) > h3",
    +         ],
    +       },
    +       Object {
    +         "all": Array [],
    +         "any": Array [
    +           Object {
    +             "data": Object {
    +               "isIframe": false,
    +             },
    +             "id": "region",
    +             "impact": "moderate",
    +             "message": "Some page content is not contained by landmarks",
    +             "relatedNodes": Array [],
    +           },
    +         ],
    +         "failureSummary": "Fix any of the following:
    +   Some page content is not contained by landmarks",
    +         "html": "<p class=\"text-gray-600 text-sm\">Award-winning restaurants</p>",
    +         "impact": "moderate",
    +         "none": Array [],
    +         "target": Array [
    +           ".text-center:nth-child(1) > .text-sm.text-gray-600",
    +         ],
    +       },
    +       Object {
    +         "all": Array [],
    +         "any": Array [
    +           Object {
    +             "data": Object {
    +               "isIframe": false,
    +             },
    +             "id": "region",
    +             "impact": "moderate",
    +             "message": "Some page content is not contained by landmarks",
    +             "relatedNodes": Array [],
    +           },
    +         ],
    +         "failureSummary": "Fix any of the following:
    +   Some page content is not contained by landmarks",
    +         "html": "<h3 class=\"font-semibold mb-2\">Swimming Pool</h3>",
    +         "impact": "moderate",
    +         "none": Array [],
    +         "target": Array [
    +           ".md\\:grid-cols-4 > .text-center:nth-child(2) > h3",
    +         ],
    +       },
    +       Object {
    +         "all": Array [],
    +         "any": Array [
    +           Object {
    +             "data": Object {
    +               "isIframe": false,
    +             },
    +             "id": "region",
    +             "impact": "moderate",
    +             "message": "Some page content is not contained by landmarks",
    +             "relatedNodes": Array [],
    +           },
    +         ],
    +         "failureSummary": "Fix any of the following:
    +   Some page content is not contained by landmarks",
    +         "html": "<p class=\"text-gray-600 text-sm\">Rooftop infinity pool</p>",
    +         "impact": "moderate",
    +         "none": Array [],
    +         "target": Array [
    +           ".text-center:nth-child(2) > .text-sm.text-gray-600",
    +         ],
    +       },
    +       Object {
    +         "all": Array [],
    +         "any": Array [
    +           Object {
    +             "data": Object {
    +               "isIframe": false,
    +             },
    +             "id": "region",
    +             "impact": "moderate",
    +             "message": "Some page content is not contained by landmarks",
    +             "relatedNodes": Array [],
    +           },
    +         ],
    +         "failureSummary": "Fix any of the following:
    +   Some page content is not contained by landmarks",
    +         "html": "<h3 class=\"font-semibold mb-2\">Fitness Center</h3>",
    +         "impact": "moderate",
    +         "none": Array [],
    +         "target": Array [
    +           ".md\\:grid-cols-4 > .text-center:nth-child(3) > h3",
    +         ],
    +       },
    +       Object {
    +         "all": Array [],
    +         "any": Array [
    +           Object {
    +             "data": Object {
    +               "isIframe": false,
    +             },
    +             "id": "region",
    +             "impact": "moderate",
    +             "message": "Some page content is not contained by landmarks",
    +             "relatedNodes": Array [],
    +           },
    +         ],
    +         "failureSummary": "Fix any of the following:
    +   Some page content is not contained by landmarks",
    +         "html": "<p class=\"text-gray-600 text-sm\">State-of-the-art gym</p>",
    +         "impact": "moderate",
    +         "none": Array [],
    +         "target": Array [
    +           ".text-center:nth-child(3) > .text-sm.text-gray-600",
    +         ],
    +       },
    +       Object {
    +         "all": Array [],
    +         "any": Array [
    +           Object {
    +             "data": Object {
    +               "isIframe": false,
    +             },
    +             "id": "region",
    +             "impact": "moderate",
    +             "message": "Some page content is not contained by landmarks",
    +             "relatedNodes": Array [],
    +           },
    +         ],
    +         "failureSummary": "Fix any of the following:
    +   Some page content is not contained by landmarks",
    +         "html": "<h3 class=\"font-semibold mb-2\">Business Center</h3>",
    +         "impact": "moderate",
    +         "none": Array [],
    +         "target": Array [
    +           ".text-center:nth-child(4) > h3",
    +         ],
    +       },
    +       Object {
    +         "all": Array [],
    +         "any": Array [
    +           Object {
    +             "data": Object {
    +               "isIframe": false,
    +             },
    +             "id": "region",
    +             "impact": "moderate",
    +             "message": "Some page content is not contained by landmarks",
    +             "relatedNodes": Array [],
    +           },
    +         ],
    +         "failureSummary": "Fix any of the following:
    +   Some page content is not contained by landmarks",
    +         "html": "<p class=\"text-gray-600 text-sm\">Meeting rooms &amp; facilities</p>",
    +         "impact": "moderate",
    +         "none": Array [],
    +         "target": Array [
    +           ".text-center:nth-child(4) > .text-sm.text-gray-600",
    +         ],
    +       },
    +       Object {
    +         "all": Array [],
    +         "any": Array [
    +           Object {
    +             "data": Object {
    +               "isIframe": false,
    +             },
    +             "id": "region",
    +             "impact": "moderate",
    +             "message": "Some page content is not contained by landmarks",
    +             "relatedNodes": Array [],
    +           },
    +         ],
    +         "failureSummary": "Fix any of the following:
    +   Some page content is not contained by landmarks",
    +         "html": "<h3 class=\"font-semibold mb-2\">Free WiFi</h3>",
    +         "impact": "moderate",
    +         "none": Array [],
    +         "target": Array [
    +           ".text-center:nth-child(5) > h3",
    +         ],
    +       },
    +       Object {
    +         "all": Array [],
    +         "any": Array [
    +           Object {
    +             "data": Object {
    +               "isIframe": false,
    +             },
    +             "id": "region",
    +             "impact": "moderate",
    +             "message": "Some page content is not contained by landmarks",
    +             "relatedNodes": Array [],
    +           },
    +         ],
    +         "failureSummary": "Fix any of the following:
    +   Some page content is not contained by landmarks",
    +         "html": "<p class=\"text-gray-600 text-sm\">High-speed internet</p>",
    +         "impact": "moderate",
    +         "none": Array [],
    +         "target": Array [
    +           ".text-center:nth-child(5) > .text-sm.text-gray-600",
    +         ],
    +       },
    +       Object {
    +         "all": Array [],
    +         "any": Array [
    +           Object {
    +             "data": Object {
    +               "isIframe": false,
    +             },
    +             "id": "region",
    +             "impact": "moderate",
    +             "message": "Some page content is not contained by landmarks",
    +             "relatedNodes": Array [],
    +           },
    +         ],
    +         "failureSummary": "Fix any of the following:
    +   Some page content is not contained by landmarks",
    +         "html": "<h3 class=\"font-semibold mb-2\">Valet Parking</h3>",
    +         "impact": "moderate",
    +         "none": Array [],
    +         "target": Array [
    +           ".text-center:nth-child(6) > h3",
    +         ],
    +       },
    +       Object {
    +         "all": Array [],
    +         "any": Array [
    +           Object {
    +             "data": Object {
    +               "isIframe": false,
    +             },
    +             "id": "region",
    +             "impact": "moderate",
    +             "message": "Some page content is not contained by landmarks",
    +             "relatedNodes": Array [],
    +           },
    +         ],
    +         "failureSummary": "Fix any of the following:
    +   Some page content is not contained by landmarks",
    +         "html": "<p class=\"text-gray-600 text-sm\">Complimentary parking</p>",
    +         "impact": "moderate",
    +         "none": Array [],
    +         "target": Array [
    +           ".text-center:nth-child(6) > .text-sm.text-gray-600",
    +         ],
    +       },
    +       Object {
    +         "all": Array [],
    +         "any": Array [
    +           Object {
    +             "data": Object {
    +               "isIframe": false,
    +             },
    +             "id": "region",
    +             "impact": "moderate",
    +             "message": "Some page content is not contained by landmarks",
    +             "relatedNodes": Array [],
    +           },
    +         ],
    +         "failureSummary": "Fix any of the following:
    +   Some page content is not contained by landmarks",
    +         "html": "<h3 class=\"font-semibold mb-2\">24/7 Concierge</h3>",
    +         "impact": "moderate",
    +         "none": Array [],
    +         "target": Array [
    +           ".text-center:nth-child(7) > h3",
    +         ],
    +       },
    +       Object {
    +         "all": Array [],
    +         "any": Array [
    +           Object {
    +             "data": Object {
    +               "isIframe": false,
    +             },
    +             "id": "region",
    +             "impact": "moderate",
    +             "message": "Some page content is not contained by landmarks",
    +             "relatedNodes": Array [],
    +           },
    +         ],
    +         "failureSummary": "Fix any of the following:
    +   Some page content is not contained by landmarks",
    +         "html": "<p class=\"text-gray-600 text-sm\">Round-the-clock service</p>",
    +         "impact": "moderate",
    +         "none": Array [],
    +         "target": Array [
    +           ".text-center:nth-child(7) > .text-sm.text-gray-600",
    +         ],
    +       },
    +       Object {
    +         "all": Array [],
    +         "any": Array [
    +           Object {
    +             "data": Object {
    +               "isIframe": false,
    +             },
    +             "id": "region",
    +             "impact": "moderate",
    +             "message": "Some page content is not contained by landmarks",
    +             "relatedNodes": Array [],
    +           },
    +         ],
    +         "failureSummary": "Fix any of the following:
    +   Some page content is not contained by landmarks",
    +         "html": "<h3 class=\"font-semibold mb-2\">Security</h3>",
    +         "impact": "moderate",
    +         "none": Array [],
    +         "target": Array [
    +           ".text-center:nth-child(8) > h3",
    +         ],
    +       },
    +       Object {
    +         "all": Array [],
    +         "any": Array [
    +           Object {
    +             "data": Object {
    +               "isIframe": false,
    +             },
    +             "id": "region",
    +             "impact": "moderate",
    +             "message": "Some page content is not contained by landmarks",
    +             "relatedNodes": Array [],
    +           },
    +         ],
    +         "failureSummary": "Fix any of the following:
    +   Some page content is not contained by landmarks",
    +         "html": "<p class=\"text-gray-600 text-sm\">24/7 security &amp; safety</p>",
    +         "impact": "moderate",
    +         "none": Array [],
    +         "target": Array [
    +           ".text-center:nth-child(8) > .text-sm.text-gray-600",
    +         ],
    +       },
    +       Object {
    +         "all": Array [],
    +         "any": Array [
    +           Object {
    +             "data": Object {
    +               "isIframe": false,
    +             },
    +             "id": "region",
    +             "impact": "moderate",
    +             "message": "Some page content is not contained by landmarks",
    +             "relatedNodes": Array [],
    +           },
    +         ],
    +         "failureSummary": "Fix any of the following:
    +   Some page content is not contained by landmarks",
    +         "html": "<h2 class=\"text-4xl font-bold text-gray-900 mb-6\">Culinary Excellence</h2>",
    +         "impact": "moderate",
    +         "none": Array [],
    +         "target": Array [
    +           ".lg\\:grid-cols-2.gap-12.grid-cols-1 > div:nth-child(1) > .text-4xl",
    +         ],
    +       },
    +       Object {
    +         "all": Array [],
    +         "any": Array [
    +           Object {
    +             "data": Object {
    +               "isIframe": false,
    +             },
    +             "id": "region",
    +             "impact": "moderate",
    +             "message": "Some page content is not contained by landmarks",
    +             "relatedNodes": Array [],
    +           },
    +         ],
    +         "failureSummary": "Fix any of the following:
    +   Some page content is not contained by landmarks",
    +         "html": "<p class=\"text-xl text-gray-600 mb-8\">Indulge in world-class cuisine at our award-winning restaurants. From fine dining to casual bites, we offer an exceptional culinary journey.</p>",
    +         "impact": "moderate",
    +         "none": Array [],
    +         "target": Array [
    +           ".mb-8.text-xl.text-gray-600",
    +         ],
    +       },
    +       Object {
    +         "all": Array [],
    +         "any": Array [
    +           Object {
    +             "data": Object {
    +               "isIframe": false,
    +             },
    +             "id": "region",
    +             "impact": "moderate",
    +             "message": "Some page content is not contained by landmarks",
    +             "relatedNodes": Array [],
    +           },
    +         ],
    +         "failureSummary": "Fix any of the following:
    +   Some page content is not contained by landmarks",
    +         "html": "<span class=\"text-gray-700\">Award-winning signature restaurant</span>",
    +         "impact": "moderate",
    +         "none": Array [],
    +         "target": Array [
    +           ".gap-3.items-center.flex:nth-child(1) > .text-gray-700",
    +         ],
    +       },
    +       Object {
    +         "all": Array [],
    +         "any": Array [
    +           Object {
    +             "data": Object {
    +               "isIframe": false,
    +             },
    +             "id": "region",
    +             "impact": "moderate",
    +             "message": "Some page content is not contained by landmarks",
    +             "relatedNodes": Array [],
    +           },
    +         ],
    +         "failureSummary": "Fix any of the following:
    +   Some page content is not contained by landmarks",
    +         "html": "<span class=\"text-gray-700\">24/7 room service</span>",
    +         "impact": "moderate",
    +         "none": Array [],
    +         "target": Array [
    +           ".gap-3.items-center.flex:nth-child(2) > .text-gray-700",
    +         ],
    +       },
    +       Object {
    +         "all": Array [],
    +         "any": Array [
    +           Object {
    +             "data": Object {
    +               "isIframe": false,
    +             },
    +             "id": "region",
    +             "impact": "moderate",
    +             "message": "Some page content is not contained by landmarks",
    +             "relatedNodes": Array [],
    +           },
    +         ],
    +         "failureSummary": "Fix any of the following:
    +   Some page content is not contained by landmarks",
    +         "html": "<span class=\"text-gray-700\">Rooftop bar with city views</span>",
    +         "impact": "moderate",
    +         "none": Array [],
    +         "target": Array [
    +           ".gap-3.items-center.flex:nth-child(3) > .text-gray-700",
    +         ],
    +       },
    +       Object {
    +         "all": Array [],
    +         "any": Array [
    +           Object {
    +             "data": Object {
    +               "isIframe": false,
    +             },
    +             "id": "region",
    +             "impact": "moderate",
    +             "message": "Some page content is not contained by landmarks",
    +             "relatedNodes": Array [],
    +           },
    +         ],
    +         "failureSummary": "Fix any of the following:
    +   Some page content is not contained by landmarks",
    +         "html": "<span class=\"text-gray-700\">Private dining experiences</span>",
    +         "impact": "moderate",
    +         "none": Array [],
    +         "target": Array [
    +           ".gap-3.items-center.flex:nth-child(4) > .text-gray-700",
    +         ],
    +       },
    +       Object {
    +         "all": Array [],
    +         "any": Array [
    +           Object {
    +             "data": Object {
    +               "isIframe": false,
    +             },
    +             "id": "region",
    +             "impact": "moderate",
    +             "message": "Some page content is not contained by landmarks",
    +             "relatedNodes": Array [],
    +           },
    +         ],
    +         "failureSummary": "Fix any of the following:
    +   Some page content is not contained by landmarks",
    +         "html": "<a class=\"inline-flex items-center gap-2 bg-amber-600 hover:bg-amber-700 text-white px-8 py-4 rounded-lg font-medium transition-colors\" href=\"/order\">",
    +         "impact": "moderate",
    +         "none": Array [],
    +         "target": Array [
    +           ".inline-flex.gap-2[href$=\"order\"]",
    +         ],
    +       },
    +       Object {
    +         "all": Array [],
    +         "any": Array [
    +           Object {
    +             "data": Object {
    +               "isIframe": false,
    +             },
    +             "id": "region",
    +             "impact": "moderate",
    +             "message": "Some page content is not contained by landmarks",
    +             "relatedNodes": Array [],
    +           },
    +         ],
    +         "failureSummary": "Fix any of the following:
    +   Some page content is not contained by landmarks",
    +         "html": "<div class=\"bg-gradient-to-br from-amber-400 to-orange-500 rounded-2xl h-96 flex items-center justify-center\"><span class=\"text-white text-2xl font-medium\">Restaurant Gallery</span></div>",
    +         "impact": "moderate",
    +         "none": Array [],
    +         "target": Array [
    +           ".h-96.to-orange-500.from-amber-400",
    +         ],
    +       },
    +       Object {
    +         "all": Array [],
    +         "any": Array [
    +           Object {
    +             "data": Object {
    +               "isIframe": false,
    +             },
    +             "id": "region",
    +             "impact": "moderate",
    +             "message": "Some page content is not contained by landmarks",
    +             "relatedNodes": Array [],
    +           },
    +         ],
    +         "failureSummary": "Fix any of the following:
    +   Some page content is not contained by landmarks",
    +         "html": "<div class=\"text-center mb-16\">",
    +         "impact": "moderate",
    +         "none": Array [],
    +         "target": Array [
    +           "section:nth-child(6) > .max-w-7xl.px-4.mx-auto > .mb-16.text-center",
    +         ],
    +       },
    +       Object {
    +         "all": Array [],
    +         "any": Array [
    +           Object {
    +             "data": Object {
    +               "isIframe": false,
    +             },
    +             "id": "region",
    +             "impact": "moderate",
    +             "message": "Some page content is not contained by landmarks",
    +             "relatedNodes": Array [],
    +           },
    +         ],
    +         "failureSummary": "Fix any of the following:
    +   Some page content is not contained by landmarks",
    +         "html": "<h3 class=\"text-2xl font-semibold mb-6\">Hotel Information</h3>",
    +         "impact": "moderate",
    +         "none": Array [],
    +         "target": Array [
    +           ".mb-6.text-2xl",
    +         ],
    +       },
    +       Object {
    +         "all": Array [],
    +         "any": Array [
    +           Object {
    +             "data": Object {
    +               "isIframe": false,
    +             },
    +             "id": "region",
    +             "impact": "moderate",
    +             "message": "Some page content is not contained by landmarks",
    +             "relatedNodes": Array [],
    +           },
    +         ],
    +         "failureSummary": "Fix any of the following:
    +   Some page content is not contained by landmarks",
    +         "html": "<div><h4 class=\"font-semibold\">Address</h4><p class=\"text-gray-600\">123 Luxury Avenue<br>Downtown District<br>City, State 12345</p></div>",
    +         "impact": "moderate",
    +         "none": Array [],
    +         "target": Array [
    +           ".items-start.gap-4.flex:nth-child(1) > div",
    +         ],
    +       },
    +       Object {
    +         "all": Array [],
    +         "any": Array [
    +           Object {
    +             "data": Object {
    +               "isIframe": false,
    +             },
    +             "id": "region",
    +             "impact": "moderate",
    +             "message": "Some page content is not contained by landmarks",
    +             "relatedNodes": Array [],
    +           },
    +         ],
    +         "failureSummary": "Fix any of the following:
    +   Some page content is not contained by landmarks",
    +         "html": "<div><h4 class=\"font-semibold\">Phone</h4><p class=\"text-gray-600\">+1 (555) 123-4567</p></div>",
    +         "impact": "moderate",
    +         "none": Array [],
    +         "target": Array [
    +           ".items-start.gap-4.flex:nth-child(2) > div",
    +         ],
    +       },
    +       Object {
    +         "all": Array [],
    +         "any": Array [
    +           Object {
    +             "data": Object {
    +               "isIframe": false,
    +             },
    +             "id": "region",
    +             "impact": "moderate",
    +             "message": "Some page content is not contained by landmarks",
    +             "relatedNodes": Array [],
    +           },
    +         ],
    +         "failureSummary": "Fix any of the following:
    +   Some page content is not contained by landmarks",
    +         "html": "<div><h4 class=\"font-semibold\">Email</h4><p class=\"text-gray-600\">info@grandpalacehotel.com</p></div>",
    +         "impact": "moderate",
    +         "none": Array [],
    +         "target": Array [
    +           ".items-start.gap-4.flex:nth-child(3) > div",
    +         ],
    +       },
    +       Object {
    +         "all": Array [],
    +         "any": Array [
    +           Object {
    +             "data": Object {
    +               "isIframe": false,
    +             },
    +             "id": "region",
    +             "impact": "moderate",
    +             "message": "Some page content is not contained by landmarks",
    +             "relatedNodes": Array [],
    +           },
    +         ],
    +         "failureSummary": "Fix any of the following:
    +   Some page content is not contained by landmarks",
    +         "html": "<div class=\"mt-8\">",
    +         "impact": "moderate",
    +         "none": Array [],
    +         "target": Array [
    +           ".mt-8",
    +         ],
    +       },
    +       Object {
    +         "all": Array [],
    +         "any": Array [
    +           Object {
    +             "data": Object {
    +               "isIframe": false,
    +             },
    +             "id": "region",
    +             "impact": "moderate",
    +             "message": "Some page content is not contained by landmarks",
    +             "relatedNodes": Array [],
    +           },
    +         ],
    +         "failureSummary": "Fix any of the following:
    +   Some page content is not contained by landmarks",
    +         "html": "<div class=\"bg-gradient-to-br from-blue-400 to-blue-600 rounded-2xl h-96 flex items-center justify-center\"><span class=\"text-white text-2xl font-medium\">Interactive Map</span></div>",
    +         "impact": "moderate",
    +         "none": Array [],
    +         "target": Array [
    +           ".from-blue-400",
    +         ],
    +       },
    +       Object {
    +         "all": Array [],
    +         "any": Array [
    +           Object {
    +             "data": Object {
    +               "isIframe": false,
    +             },
    +             "id": "region",
    +             "impact": "moderate",
    +             "message": "Some page content is not contained by landmarks",
    +             "relatedNodes": Array [],
    +           },
    +         ],
    +         "failureSummary": "Fix any of the following:
    +   Some page content is not contained by landmarks",
    +         "html": "<section class=\"py-20 bg-gradient-to-r from-amber-600 to-orange-600\">",
    +         "impact": "moderate",
    +         "none": Array [],
    +         "target": Array [
    +           ".from-amber-600",
    +         ],
    +       },
    +     ],
    +     "tags": Array [
    +       "cat.keyboard",
    +       "best-practice",
    +     ],
    +   },
    +   Object {
    +     "description": "Ensure select element has an accessible name",
    +     "help": "Select element must have an accessible name",
    +     "helpUrl": "https://dequeuniversity.com/rules/axe/4.10/select-name?application=playwright",
    +     "id": "select-name",
    +     "impact": "critical",
    +     "nodes": Array [
    +       Object {
    +         "all": Array [],
    +         "any": Array [
    +           Object {
    +             "data": null,
    +             "id": "implicit-label",
    +             "impact": "critical",
    +             "message": "Element does not have an implicit (wrapped) <label>",
    +             "relatedNodes": Array [],
    +           },
    +           Object {
    +             "data": null,
    +             "id": "explicit-label",
    +             "impact": "critical",
    +             "message": "Element does not have an explicit <label>",
    +             "relatedNodes": Array [],
    +           },
    +           Object {
    +             "data": null,
    +             "id": "aria-label",
    +             "impact": "critical",
    +             "message": "aria-label attribute does not exist or is empty",
    +             "relatedNodes": Array [],
    +           },
    +           Object {
    +             "data": null,
    +             "id": "aria-labelledby",
    +             "impact": "critical",
    +             "message": "aria-labelledby attribute does not exist, references elements that do not exist or references elements that are empty",
    +             "relatedNodes": Array [],
    +           },
    +           Object {
    +             "data": Object {
    +               "messageKey": "noAttr",
    +             },
    +             "id": "non-empty-title",
    +             "impact": "critical",
    +             "message": "Element has no title attribute",
    +             "relatedNodes": Array [],
    +           },
    +           Object {
    +             "data": null,
    +             "id": "presentational-role",
    +             "impact": "critical",
    +             "message": "Element's default semantics were not overridden with role=\"none\" or role=\"presentation\"",
    +             "relatedNodes": Array [],
    +           },
    +         ],
    +         "failureSummary": "Fix any of the following:
    +   Element does not have an implicit (wrapped) <label>
    +   Element does not have an explicit <label>
    +   aria-label attribute does not exist or is empty
    +   aria-labelledby attribute does not exist, references elements that do not exist or references elements that are empty
    +   Element has no title attribute
    +   Element's default semantics were not overridden with role=\"none\" or role=\"presentation\"",
    +         "html": "<select class=\"w-full px-4 py-3 border border-gray-300 rounded-lg focus:ring-2 focus:ring-amber-500 focus:border-transparent\">",
    +         "impact": "critical",
    +         "none": Array [],
    +         "target": Array [
    +           "select",
    +         ],
    +       },
    +     ],
    +     "tags": Array [
    +       "cat.forms",
    +       "wcag2a",
    +       "wcag412",
    +       "section508",
    +       "section508.22.n",
    +       "TTv5",
    +       "TT5.c",
    +       "EN-301-549",
    +       "EN-9.4.1.2",
    +       "ACT",
    +     ],
    +   },
    + ]

       9 |     const accessibilityScanResults = await new AxeBuilder({ page }).analyze();
      10 |     
    > 11 |     expect(accessibilityScanResults.violations).toEqual([]);
         |                                                 ^
      12 |   });
      13 |
      14 |   test('Booking page should be accessible', async ({ page }) => {
        at /Users/asithalakmal/Documents/web/SmartHotel/tests/e2e/accessibility.spec.ts:11:49

    attachment #1: video (video/webm) ──────────────────────────────────────────────────────────────
    ../../test-results/accessibility-Accessibilit-1c1c4-mepage-should-be-accessible-Mobile-Chrome/video-1.webm
    ────────────────────────────────────────────────────────────────────────────────────────────────

    attachment #2: video (video/webm) ──────────────────────────────────────────────────────────────
    ../../test-results/accessibility-Accessibilit-1c1c4-mepage-should-be-accessible-Mobile-Chrome/video.webm
    ────────────────────────────────────────────────────────────────────────────────────────────────

    Error Context: ../../test-results/accessibility-Accessibilit-1c1c4-mepage-should-be-accessible-Mobile-Chrome/error-context.md
]]>
</failure>
<system-out>
<![CDATA[
[[ATTACHMENT|accessibility-Accessibilit-1c1c4-mepage-should-be-accessible-Mobile-Chrome/video-1.webm]]

[[ATTACHMENT|accessibility-Accessibilit-1c1c4-mepage-should-be-accessible-Mobile-Chrome/video.webm]]

[[ATTACHMENT|accessibility-Accessibilit-1c1c4-mepage-should-be-accessible-Mobile-Chrome/error-context.md]]
]]>
</system-out>
</testcase>
<testcase name="Accessibility Tests › Booking page should be accessible" classname="accessibility.spec.ts" time="26.335">
<failure message="accessibility.spec.ts:14:7 Booking page should be accessible" type="FAILURE">
<![CDATA[  [Mobile Chrome] › accessibility.spec.ts:14:7 › Accessibility Tests › Booking page should be accessible 

    Error: expect(received).toEqual(expected) // deep equality

    - Expected  -   1
    + Received  + 635

    - Array []
    + Array [
    +   Object {
    +     "description": "Ensure buttons have discernible text",
    +     "help": "Buttons must have discernible text",
    +     "helpUrl": "https://dequeuniversity.com/rules/axe/4.10/button-name?application=playwright",
    +     "id": "button-name",
    +     "impact": "critical",
    +     "nodes": Array [
    +       Object {
    +         "all": Array [],
    +         "any": Array [
    +           Object {
    +             "data": null,
    +             "id": "button-has-visible-text",
    +             "impact": "critical",
    +             "message": "Element does not have inner text that is visible to screen readers",
    +             "relatedNodes": Array [],
    +           },
    +           Object {
    +             "data": null,
    +             "id": "aria-label",
    +             "impact": "critical",
    +             "message": "aria-label attribute does not exist or is empty",
    +             "relatedNodes": Array [],
    +           },
    +           Object {
    +             "data": null,
    +             "id": "aria-labelledby",
    +             "impact": "critical",
    +             "message": "aria-labelledby attribute does not exist, references elements that do not exist or references elements that are empty",
    +             "relatedNodes": Array [],
    +           },
    +           Object {
    +             "data": Object {
    +               "messageKey": "noAttr",
    +             },
    +             "id": "non-empty-title",
    +             "impact": "critical",
    +             "message": "Element has no title attribute",
    +             "relatedNodes": Array [],
    +           },
    +           Object {
    +             "data": null,
    +             "id": "implicit-label",
    +             "impact": "critical",
    +             "message": "Element does not have an implicit (wrapped) <label>",
    +             "relatedNodes": Array [],
    +           },
    +           Object {
    +             "data": null,
    +             "id": "explicit-label",
    +             "impact": "critical",
    +             "message": "Element does not have an explicit <label>",
    +             "relatedNodes": Array [],
    +           },
    +           Object {
    +             "data": null,
    +             "id": "presentational-role",
    +             "impact": "critical",
    +             "message": "Element's default semantics were not overridden with role=\"none\" or role=\"presentation\"",
    +             "relatedNodes": Array [],
    +           },
    +         ],
    +         "failureSummary": "Fix any of the following:
    +   Element does not have inner text that is visible to screen readers
    +   aria-label attribute does not exist or is empty
    +   aria-labelledby attribute does not exist, references elements that do not exist or references elements that are empty
    +   Element has no title attribute
    +   Element does not have an implicit (wrapped) <label>
    +   Element does not have an explicit <label>
    +   Element's default semantics were not overridden with role=\"none\" or role=\"presentation\"",
    +         "html": "<button class=\"md:hidden p-2 rounded-md text-gray-700 hover:text-amber-600\">",
    +         "impact": "critical",
    +         "none": Array [],
    +         "target": Array [
    +           "button",
    +         ],
    +       },
    +     ],
    +     "tags": Array [
    +       "cat.name-role-value",
    +       "wcag2a",
    +       "wcag412",
    +       "section508",
    +       "section508.22.a",
    +       "TTv5",
    +       "TT6.a",
    +       "EN-301-549",
    +       "EN-9.4.1.2",
    +       "ACT",
    +     ],
    +   },
    +   Object {
    +     "description": "Ensure the contrast between foreground and background colors meets WCAG 2 AA minimum contrast ratio thresholds",
    +     "help": "Elements must meet minimum color contrast ratio thresholds",
    +     "helpUrl": "https://dequeuniversity.com/rules/axe/4.10/color-contrast?application=playwright",
    +     "id": "color-contrast",
    +     "impact": "serious",
    +     "nodes": Array [
    +       Object {
    +         "all": Array [],
    +         "any": Array [
    +           Object {
    +             "data": Object {
    +               "bgColor": "#d97706",
    +               "contrastRatio": 3.18,
    +               "expectedContrastRatio": "4.5:1",
    +               "fgColor": "#ffffff",
    +               "fontSize": "10.5pt (14px)",
    +               "fontWeight": "normal",
    +               "messageKey": null,
    +             },
    +             "id": "color-contrast",
    +             "impact": "serious",
    +             "message": "Element has insufficient color contrast of 3.18 (foreground color: #ffffff, background color: #d97706, font size: 10.5pt (14px), font weight: normal). Expected contrast ratio of 4.5:1",
    +             "relatedNodes": Array [
    +               Object {
    +                 "html": "<div class=\"bg-amber-600 text-white py-2\">",
    +                 "target": Array [
    +                   "body > .bg-amber-600.py-2.text-white",
    +                 ],
    +               },
    +             ],
    +           },
    +         ],
    +         "failureSummary": "Fix any of the following:
    +   Element has insufficient color contrast of 3.18 (foreground color: #ffffff, background color: #d97706, font size: 10.5pt (14px), font weight: normal). Expected contrast ratio of 4.5:1",
    +         "html": "<span>+1 (212) 555-0123</span>",
    +         "impact": "serious",
    +         "none": Array [],
    +         "target": Array [
    +           ".gap-2.items-center.flex:nth-child(1) > span",
    +         ],
    +       },
    +       Object {
    +         "all": Array [],
    +         "any": Array [
    +           Object {
    +             "data": Object {
    +               "bgColor": "#d97706",
    +               "contrastRatio": 3.18,
    +               "expectedContrastRatio": "4.5:1",
    +               "fgColor": "#ffffff",
    +               "fontSize": "10.5pt (14px)",
    +               "fontWeight": "normal",
    +               "messageKey": null,
    +             },
    +             "id": "color-contrast",
    +             "impact": "serious",
    +             "message": "Element has insufficient color contrast of 3.18 (foreground color: #ffffff, background color: #d97706, font size: 10.5pt (14px), font weight: normal). Expected contrast ratio of 4.5:1",
    +             "relatedNodes": Array [
    +               Object {
    +                 "html": "<div class=\"bg-amber-600 text-white py-2\">",
    +                 "target": Array [
    +                   "body > .bg-amber-600.py-2.text-white",
    +                 ],
    +               },
    +             ],
    +           },
    +         ],
    +         "failureSummary": "Fix any of the following:
    +   Element has insufficient color contrast of 3.18 (foreground color: #ffffff, background color: #d97706, font size: 10.5pt (14px), font weight: normal). Expected contrast ratio of 4.5:1",
    +         "html": "<span>reservations@grandpalacehotel.com</span>",
    +         "impact": "serious",
    +         "none": Array [],
    +         "target": Array [
    +           ".gap-4 > .gap-2.items-center.flex:nth-child(2) > span",
    +         ],
    +       },
    +       Object {
    +         "all": Array [],
    +         "any": Array [
    +           Object {
    +             "data": Object {
    +               "bgColor": "#d97706",
    +               "contrastRatio": 3.18,
    +               "expectedContrastRatio": "4.5:1",
    +               "fgColor": "#ffffff",
    +               "fontSize": "10.5pt (14px)",
    +               "fontWeight": "normal",
    +               "messageKey": null,
    +             },
    +             "id": "color-contrast",
    +             "impact": "serious",
    +             "message": "Element has insufficient color contrast of 3.18 (foreground color: #ffffff, background color: #d97706, font size: 10.5pt (14px), font weight: normal). Expected contrast ratio of 4.5:1",
    +             "relatedNodes": Array [
    +               Object {
    +                 "html": "<div class=\"bg-amber-600 text-white py-2\">",
    +                 "target": Array [
    +                   "body > .bg-amber-600.py-2.text-white",
    +                 ],
    +               },
    +             ],
    +           },
    +         ],
    +         "failureSummary": "Fix any of the following:
    +   Element has insufficient color contrast of 3.18 (foreground color: #ffffff, background color: #d97706, font size: 10.5pt (14px), font weight: normal). Expected contrast ratio of 4.5:1",
    +         "html": "<span>1235 Park Avenue, New York, NY 10029</span>",
    +         "impact": "serious",
    +         "none": Array [],
    +         "target": Array [
    +           ".sm\\:flex-row.flex-col.justify-between > .gap-2.items-center.flex > span",
    +         ],
    +       },
    +     ],
    +     "tags": Array [
    +       "cat.color",
    +       "wcag2aa",
    +       "wcag143",
    +       "TTv5",
    +       "TT13.c",
    +       "EN-301-549",
    +       "EN-9.1.4.3",
    +       "ACT",
    +     ],
    +   },
    +   Object {
    +     "description": "Ensure the order of headings is semantically correct",
    +     "help": "Heading levels should only increase by one",
    +     "helpUrl": "https://dequeuniversity.com/rules/axe/4.10/heading-order?application=playwright",
    +     "id": "heading-order",
    +     "impact": "moderate",
    +     "nodes": Array [
    +       Object {
    +         "all": Array [],
    +         "any": Array [
    +           Object {
    +             "data": null,
    +             "id": "heading-order",
    +             "impact": "moderate",
    +             "message": "Heading order invalid",
    +             "relatedNodes": Array [],
    +           },
    +         ],
    +         "failureSummary": "Fix any of the following:
    +   Heading order invalid",
    +         "html": "<h3 class=\"text-xl font-bold\">Grand Palace</h3>",
    +         "impact": "moderate",
    +         "none": Array [],
    +         "target": Array [
    +           "h3",
    +         ],
    +       },
    +     ],
    +     "tags": Array [
    +       "cat.semantics",
    +       "best-practice",
    +     ],
    +   },
    +   Object {
    +     "description": "Ensure the document has a main landmark",
    +     "help": "Document should have one main landmark",
    +     "helpUrl": "https://dequeuniversity.com/rules/axe/4.10/landmark-one-main?application=playwright",
    +     "id": "landmark-one-main",
    +     "impact": "moderate",
    +     "nodes": Array [
    +       Object {
    +         "all": Array [
    +           Object {
    +             "data": null,
    +             "id": "page-has-main",
    +             "impact": "moderate",
    +             "message": "Document does not have a main landmark",
    +             "relatedNodes": Array [],
    +           },
    +         ],
    +         "any": Array [],
    +         "failureSummary": "Fix all of the following:
    +   Document does not have a main landmark",
    +         "html": "<html lang=\"en\" class=\"__variable_f367f3 __variable_0a80b4\">",
    +         "impact": "moderate",
    +         "none": Array [],
    +         "target": Array [
    +           "html",
    +         ],
    +       },
    +     ],
    +     "tags": Array [
    +       "cat.semantics",
    +       "best-practice",
    +     ],
    +   },
    +   Object {
    +     "description": "Ensure links have discernible text",
    +     "help": "Links must have discernible text",
    +     "helpUrl": "https://dequeuniversity.com/rules/axe/4.10/link-name?application=playwright",
    +     "id": "link-name",
    +     "impact": "serious",
    +     "nodes": Array [
    +       Object {
    +         "all": Array [],
    +         "any": Array [
    +           Object {
    +             "data": null,
    +             "id": "has-visible-text",
    +             "impact": "serious",
    +             "message": "Element does not have text that is visible to screen readers",
    +             "relatedNodes": Array [],
    +           },
    +           Object {
    +             "data": null,
    +             "id": "aria-label",
    +             "impact": "serious",
    +             "message": "aria-label attribute does not exist or is empty",
    +             "relatedNodes": Array [],
    +           },
    +           Object {
    +             "data": null,
    +             "id": "aria-labelledby",
    +             "impact": "serious",
    +             "message": "aria-labelledby attribute does not exist, references elements that do not exist or references elements that are empty",
    +             "relatedNodes": Array [],
    +           },
    +           Object {
    +             "data": Object {
    +               "messageKey": "noAttr",
    +             },
    +             "id": "non-empty-title",
    +             "impact": "serious",
    +             "message": "Element has no title attribute",
    +             "relatedNodes": Array [],
    +           },
    +         ],
    +         "failureSummary": "Fix all of the following:
    +   Element is in tab order and does not have accessible text
    +
    + Fix any of the following:
    +   Element does not have text that is visible to screen readers
    +   aria-label attribute does not exist or is empty
    +   aria-labelledby attribute does not exist, references elements that do not exist or references elements that are empty
    +   Element has no title attribute",
    +         "html": "<a href=\"#\" class=\"text-gray-400 hover:text-white transition-colors\">",
    +         "impact": "serious",
    +         "none": Array [
    +           Object {
    +             "data": null,
    +             "id": "focusable-no-name",
    +             "impact": "serious",
    +             "message": "Element is in tab order and does not have accessible text",
    +             "relatedNodes": Array [],
    +           },
    +         ],
    +         "target": Array [
    +           ".hover\\:text-white.transition-colors[href=\"#\"]:nth-child(1)",
    +         ],
    +       },
    +       Object {
    +         "all": Array [],
    +         "any": Array [
    +           Object {
    +             "data": null,
    +             "id": "has-visible-text",
    +             "impact": "serious",
    +             "message": "Element does not have text that is visible to screen readers",
    +             "relatedNodes": Array [],
    +           },
    +           Object {
    +             "data": null,
    +             "id": "aria-label",
    +             "impact": "serious",
    +             "message": "aria-label attribute does not exist or is empty",
    +             "relatedNodes": Array [],
    +           },
    +           Object {
    +             "data": null,
    +             "id": "aria-labelledby",
    +             "impact": "serious",
    +             "message": "aria-labelledby attribute does not exist, references elements that do not exist or references elements that are empty",
    +             "relatedNodes": Array [],
    +           },
    +           Object {
    +             "data": Object {
    +               "messageKey": "noAttr",
    +             },
    +             "id": "non-empty-title",
    +             "impact": "serious",
    +             "message": "Element has no title attribute",
    +             "relatedNodes": Array [],
    +           },
    +         ],
    +         "failureSummary": "Fix all of the following:
    +   Element is in tab order and does not have accessible text
    +
    + Fix any of the following:
    +   Element does not have text that is visible to screen readers
    +   aria-label attribute does not exist or is empty
    +   aria-labelledby attribute does not exist, references elements that do not exist or references elements that are empty
    +   Element has no title attribute",
    +         "html": "<a href=\"#\" class=\"text-gray-400 hover:text-white transition-colors\">",
    +         "impact": "serious",
    +         "none": Array [
    +           Object {
    +             "data": null,
    +             "id": "focusable-no-name",
    +             "impact": "serious",
    +             "message": "Element is in tab order and does not have accessible text",
    +             "relatedNodes": Array [],
    +           },
    +         ],
    +         "target": Array [
    +           ".hover\\:text-white.transition-colors[href=\"#\"]:nth-child(2)",
    +         ],
    +       },
    +       Object {
    +         "all": Array [],
    +         "any": Array [
    +           Object {
    +             "data": null,
    +             "id": "has-visible-text",
    +             "impact": "serious",
    +             "message": "Element does not have text that is visible to screen readers",
    +             "relatedNodes": Array [],
    +           },
    +           Object {
    +             "data": null,
    +             "id": "aria-label",
    +             "impact": "serious",
    +             "message": "aria-label attribute does not exist or is empty",
    +             "relatedNodes": Array [],
    +           },
    +           Object {
    +             "data": null,
    +             "id": "aria-labelledby",
    +             "impact": "serious",
    +             "message": "aria-labelledby attribute does not exist, references elements that do not exist or references elements that are empty",
    +             "relatedNodes": Array [],
    +           },
    +           Object {
    +             "data": Object {
    +               "messageKey": "noAttr",
    +             },
    +             "id": "non-empty-title",
    +             "impact": "serious",
    +             "message": "Element has no title attribute",
    +             "relatedNodes": Array [],
    +           },
    +         ],
    +         "failureSummary": "Fix all of the following:
    +   Element is in tab order and does not have accessible text
    +
    + Fix any of the following:
    +   Element does not have text that is visible to screen readers
    +   aria-label attribute does not exist or is empty
    +   aria-labelledby attribute does not exist, references elements that do not exist or references elements that are empty
    +   Element has no title attribute",
    +         "html": "<a href=\"#\" class=\"text-gray-400 hover:text-white transition-colors\">",
    +         "impact": "serious",
    +         "none": Array [
    +           Object {
    +             "data": null,
    +             "id": "focusable-no-name",
    +             "impact": "serious",
    +             "message": "Element is in tab order and does not have accessible text",
    +             "relatedNodes": Array [],
    +           },
    +         ],
    +         "target": Array [
    +           ".hover\\:text-white.transition-colors[href=\"#\"]:nth-child(3)",
    +         ],
    +       },
    +       Object {
    +         "all": Array [],
    +         "any": Array [
    +           Object {
    +             "data": null,
    +             "id": "has-visible-text",
    +             "impact": "serious",
    +             "message": "Element does not have text that is visible to screen readers",
    +             "relatedNodes": Array [],
    +           },
    +           Object {
    +             "data": null,
    +             "id": "aria-label",
    +             "impact": "serious",
    +             "message": "aria-label attribute does not exist or is empty",
    +             "relatedNodes": Array [],
    +           },
    +           Object {
    +             "data": null,
    +             "id": "aria-labelledby",
    +             "impact": "serious",
    +             "message": "aria-labelledby attribute does not exist, references elements that do not exist or references elements that are empty",
    +             "relatedNodes": Array [],
    +           },
    +           Object {
    +             "data": Object {
    +               "messageKey": "noAttr",
    +             },
    +             "id": "non-empty-title",
    +             "impact": "serious",
    +             "message": "Element has no title attribute",
    +             "relatedNodes": Array [],
    +           },
    +         ],
    +         "failureSummary": "Fix all of the following:
    +   Element is in tab order and does not have accessible text
    +
    + Fix any of the following:
    +   Element does not have text that is visible to screen readers
    +   aria-label attribute does not exist or is empty
    +   aria-labelledby attribute does not exist, references elements that do not exist or references elements that are empty
    +   Element has no title attribute",
    +         "html": "<a href=\"#\" class=\"text-gray-400 hover:text-white transition-colors\">",
    +         "impact": "serious",
    +         "none": Array [
    +           Object {
    +             "data": null,
    +             "id": "focusable-no-name",
    +             "impact": "serious",
    +             "message": "Element is in tab order and does not have accessible text",
    +             "relatedNodes": Array [],
    +           },
    +         ],
    +         "target": Array [
    +           ".hover\\:text-white.transition-colors[href=\"#\"]:nth-child(4)",
    +         ],
    +       },
    +     ],
    +     "tags": Array [
    +       "cat.name-role-value",
    +       "wcag2a",
    +       "wcag244",
    +       "wcag412",
    +       "section508",
    +       "section508.22.a",
    +       "TTv5",
    +       "TT6.a",
    +       "EN-301-549",
    +       "EN-9.2.4.4",
    +       "EN-9.4.1.2",
    +       "ACT",
    +     ],
    +   },
    +   Object {
    +     "description": "Ensure all page content is contained by landmarks",
    +     "help": "All page content should be contained by landmarks",
    +     "helpUrl": "https://dequeuniversity.com/rules/axe/4.10/region?application=playwright",
    +     "id": "region",
    +     "impact": "moderate",
    +     "nodes": Array [
    +       Object {
    +         "all": Array [],
    +         "any": Array [
    +           Object {
    +             "data": Object {
    +               "isIframe": false,
    +             },
    +             "id": "region",
    +             "impact": "moderate",
    +             "message": "Some page content is not contained by landmarks",
    +             "relatedNodes": Array [],
    +           },
    +         ],
    +         "failureSummary": "Fix any of the following:
    +   Some page content is not contained by landmarks",
    +         "html": "<span>+1 (212) 555-0123</span>",
    +         "impact": "moderate",
    +         "none": Array [],
    +         "target": Array [
    +           ".gap-2.items-center.flex:nth-child(1) > span",
    +         ],
    +       },
    +       Object {
    +         "all": Array [],
    +         "any": Array [
    +           Object {
    +             "data": Object {
    +               "isIframe": false,
    +             },
    +             "id": "region",
    +             "impact": "moderate",
    +             "message": "Some page content is not contained by landmarks",
    +             "relatedNodes": Array [],
    +           },
    +         ],
    +         "failureSummary": "Fix any of the following:
    +   Some page content is not contained by landmarks",
    +         "html": "<span>reservations@grandpalacehotel.com</span>",
    +         "impact": "moderate",
    +         "none": Array [],
    +         "target": Array [
    +           ".gap-4 > .gap-2.items-center.flex:nth-child(2) > span",
    +         ],
    +       },
    +       Object {
    +         "all": Array [],
    +         "any": Array [
    +           Object {
    +             "data": Object {
    +               "isIframe": false,
    +             },
    +             "id": "region",
    +             "impact": "moderate",
    +             "message": "Some page content is not contained by landmarks",
    +             "relatedNodes": Array [],
    +           },
    +         ],
    +         "failureSummary": "Fix any of the following:
    +   Some page content is not contained by landmarks",
    +         "html": "<span>1235 Park Avenue, New York, NY 10029</span>",
    +         "impact": "moderate",
    +         "none": Array [],
    +         "target": Array [
    +           ".sm\\:flex-row.flex-col.justify-between > .gap-2.items-center.flex > span",
    +         ],
    +       },
    +       Object {
    +         "all": Array [],
    +         "any": Array [
    +           Object {
    +             "data": Object {
    +               "isIframe": false,
    +             },
    +             "id": "region",
    +             "impact": "moderate",
    +             "message": "Some page content is not contained by landmarks",
    +             "relatedNodes": Array [],
    +           },
    +         ],
    +         "failureSummary": "Fix any of the following:
    +   Some page content is not contained by landmarks",
    +         "html": "<div class=\"min-h-screen bg-gray-50 flex items-center justify-center\"><div class=\"text-center\"><div class=\"animate-spin rounded-full h-12 w-12 border-b-2 border-amber-600 mx-auto mb-4\"></div><p class=\"text-gray-600\">Loading booking page...</p></div></div>",
    +         "impact": "moderate",
    +         "none": Array [],
    +         "target": Array [
    +           ".bg-gray-50",
    +         ],
    +       },
    +     ],
    +     "tags": Array [
    +       "cat.keyboard",
    +       "best-practice",
    +     ],
    +   },
    + ]

      17 |     const accessibilityScanResults = await new AxeBuilder({ page }).analyze();
      18 |     
    > 19 |     expect(accessibilityScanResults.violations).toEqual([]);
         |                                                 ^
      20 |   });
      21 |
      22 |   test('Contact page should be accessible', async ({ page }) => {
        at /Users/asithalakmal/Documents/web/SmartHotel/tests/e2e/accessibility.spec.ts:19:49

    attachment #1: screenshot (image/png) ──────────────────────────────────────────────────────────
    ../../test-results/accessibility-Accessibilit-fc392-g-page-should-be-accessible-Mobile-Chrome/test-failed-1.png
    ────────────────────────────────────────────────────────────────────────────────────────────────

    attachment #2: video (video/webm) ──────────────────────────────────────────────────────────────
    ../../test-results/accessibility-Accessibilit-fc392-g-page-should-be-accessible-Mobile-Chrome/video-1.webm
    ────────────────────────────────────────────────────────────────────────────────────────────────

    attachment #3: video (video/webm) ──────────────────────────────────────────────────────────────
    ../../test-results/accessibility-Accessibilit-fc392-g-page-should-be-accessible-Mobile-Chrome/video.webm
    ────────────────────────────────────────────────────────────────────────────────────────────────

    Error Context: ../../test-results/accessibility-Accessibilit-fc392-g-page-should-be-accessible-Mobile-Chrome/error-context.md
]]>
</failure>
<system-out>
<![CDATA[
[[ATTACHMENT|accessibility-Accessibilit-fc392-g-page-should-be-accessible-Mobile-Chrome/test-failed-1.png]]

[[ATTACHMENT|accessibility-Accessibilit-fc392-g-page-should-be-accessible-Mobile-Chrome/video-1.webm]]

[[ATTACHMENT|accessibility-Accessibilit-fc392-g-page-should-be-accessible-Mobile-Chrome/video.webm]]

[[ATTACHMENT|accessibility-Accessibilit-fc392-g-page-should-be-accessible-Mobile-Chrome/error-context.md]]
]]>
</system-out>
</testcase>
<testcase name="Accessibility Tests › Contact page should be accessible" classname="accessibility.spec.ts" time="29.923">
<failure message="accessibility.spec.ts:22:7 Contact page should be accessible" type="FAILURE">
<![CDATA[  [Mobile Chrome] › accessibility.spec.ts:22:7 › Accessibility Tests › Contact page should be accessible 

    Error: expect(received).toEqual(expected) // deep equality

    - Expected  -    1
    + Received  + 1231

    - Array []
    + Array [
    +   Object {
    +     "description": "Ensure buttons have discernible text",
    +     "help": "Buttons must have discernible text",
    +     "helpUrl": "https://dequeuniversity.com/rules/axe/4.10/button-name?application=playwright",
    +     "id": "button-name",
    +     "impact": "critical",
    +     "nodes": Array [
    +       Object {
    +         "all": Array [],
    +         "any": Array [
    +           Object {
    +             "data": null,
    +             "id": "button-has-visible-text",
    +             "impact": "critical",
    +             "message": "Element does not have inner text that is visible to screen readers",
    +             "relatedNodes": Array [],
    +           },
    +           Object {
    +             "data": null,
    +             "id": "aria-label",
    +             "impact": "critical",
    +             "message": "aria-label attribute does not exist or is empty",
    +             "relatedNodes": Array [],
    +           },
    +           Object {
    +             "data": null,
    +             "id": "aria-labelledby",
    +             "impact": "critical",
    +             "message": "aria-labelledby attribute does not exist, references elements that do not exist or references elements that are empty",
    +             "relatedNodes": Array [],
    +           },
    +           Object {
    +             "data": Object {
    +               "messageKey": "noAttr",
    +             },
    +             "id": "non-empty-title",
    +             "impact": "critical",
    +             "message": "Element has no title attribute",
    +             "relatedNodes": Array [],
    +           },
    +           Object {
    +             "data": null,
    +             "id": "implicit-label",
    +             "impact": "critical",
    +             "message": "Element does not have an implicit (wrapped) <label>",
    +             "relatedNodes": Array [],
    +           },
    +           Object {
    +             "data": null,
    +             "id": "explicit-label",
    +             "impact": "critical",
    +             "message": "Element does not have an explicit <label>",
    +             "relatedNodes": Array [],
    +           },
    +           Object {
    +             "data": null,
    +             "id": "presentational-role",
    +             "impact": "critical",
    +             "message": "Element's default semantics were not overridden with role=\"none\" or role=\"presentation\"",
    +             "relatedNodes": Array [],
    +           },
    +         ],
    +         "failureSummary": "Fix any of the following:
    +   Element does not have inner text that is visible to screen readers
    +   aria-label attribute does not exist or is empty
    +   aria-labelledby attribute does not exist, references elements that do not exist or references elements that are empty
    +   Element has no title attribute
    +   Element does not have an implicit (wrapped) <label>
    +   Element does not have an explicit <label>
    +   Element's default semantics were not overridden with role=\"none\" or role=\"presentation\"",
    +         "html": "<button class=\"md:hidden p-2 rounded-md text-gray-700 hover:text-amber-600\">",
    +         "impact": "critical",
    +         "none": Array [],
    +         "target": Array [
    +           ".md\\:hidden",
    +         ],
    +       },
    +     ],
    +     "tags": Array [
    +       "cat.name-role-value",
    +       "wcag2a",
    +       "wcag412",
    +       "section508",
    +       "section508.22.a",
    +       "TTv5",
    +       "TT6.a",
    +       "EN-301-549",
    +       "EN-9.4.1.2",
    +       "ACT",
    +     ],
    +   },
    +   Object {
    +     "description": "Ensure the contrast between foreground and background colors meets WCAG 2 AA minimum contrast ratio thresholds",
    +     "help": "Elements must meet minimum color contrast ratio thresholds",
    +     "helpUrl": "https://dequeuniversity.com/rules/axe/4.10/color-contrast?application=playwright",
    +     "id": "color-contrast",
    +     "impact": "serious",
    +     "nodes": Array [
    +       Object {
    +         "all": Array [],
    +         "any": Array [
    +           Object {
    +             "data": Object {
    +               "bgColor": "#d97706",
    +               "contrastRatio": 3.18,
    +               "expectedContrastRatio": "4.5:1",
    +               "fgColor": "#ffffff",
    +               "fontSize": "10.5pt (14px)",
    +               "fontWeight": "normal",
    +               "messageKey": null,
    +             },
    +             "id": "color-contrast",
    +             "impact": "serious",
    +             "message": "Element has insufficient color contrast of 3.18 (foreground color: #ffffff, background color: #d97706, font size: 10.5pt (14px), font weight: normal). Expected contrast ratio of 4.5:1",
    +             "relatedNodes": Array [
    +               Object {
    +                 "html": "<div class=\"bg-amber-600 text-white py-2\">",
    +                 "target": Array [
    +                   "body > .bg-amber-600.text-white.py-2",
    +                 ],
    +               },
    +             ],
    +           },
    +         ],
    +         "failureSummary": "Fix any of the following:
    +   Element has insufficient color contrast of 3.18 (foreground color: #ffffff, background color: #d97706, font size: 10.5pt (14px), font weight: normal). Expected contrast ratio of 4.5:1",
    +         "html": "<span>+1 (212) 555-0123</span>",
    +         "impact": "serious",
    +         "none": Array [],
    +         "target": Array [
    +           ".gap-2.items-center.flex:nth-child(1) > span",
    +         ],
    +       },
    +       Object {
    +         "all": Array [],
    +         "any": Array [
    +           Object {
    +             "data": Object {
    +               "bgColor": "#d97706",
    +               "contrastRatio": 3.18,
    +               "expectedContrastRatio": "4.5:1",
    +               "fgColor": "#ffffff",
    +               "fontSize": "10.5pt (14px)",
    +               "fontWeight": "normal",
    +               "messageKey": null,
    +             },
    +             "id": "color-contrast",
    +             "impact": "serious",
    +             "message": "Element has insufficient color contrast of 3.18 (foreground color: #ffffff, background color: #d97706, font size: 10.5pt (14px), font weight: normal). Expected contrast ratio of 4.5:1",
    +             "relatedNodes": Array [
    +               Object {
    +                 "html": "<div class=\"bg-amber-600 text-white py-2\">",
    +                 "target": Array [
    +                   "body > .bg-amber-600.text-white.py-2",
    +                 ],
    +               },
    +             ],
    +           },
    +         ],
    +         "failureSummary": "Fix any of the following:
    +   Element has insufficient color contrast of 3.18 (foreground color: #ffffff, background color: #d97706, font size: 10.5pt (14px), font weight: normal). Expected contrast ratio of 4.5:1",
    +         "html": "<span>reservations@grandpalacehotel.com</span>",
    +         "impact": "serious",
    +         "none": Array [],
    +         "target": Array [
    +           ".gap-4 > .gap-2.items-center.flex:nth-child(2) > span",
    +         ],
    +       },
    +       Object {
    +         "all": Array [],
    +         "any": Array [
    +           Object {
    +             "data": Object {
    +               "bgColor": "#d97706",
    +               "contrastRatio": 3.18,
    +               "expectedContrastRatio": "4.5:1",
    +               "fgColor": "#ffffff",
    +               "fontSize": "10.5pt (14px)",
    +               "fontWeight": "normal",
    +               "messageKey": null,
    +             },
    +             "id": "color-contrast",
    +             "impact": "serious",
    +             "message": "Element has insufficient color contrast of 3.18 (foreground color: #ffffff, background color: #d97706, font size: 10.5pt (14px), font weight: normal). Expected contrast ratio of 4.5:1",
    +             "relatedNodes": Array [
    +               Object {
    +                 "html": "<div class=\"bg-amber-600 text-white py-2\">",
    +                 "target": Array [
    +                   "body > .bg-amber-600.text-white.py-2",
    +                 ],
    +               },
    +             ],
    +           },
    +         ],
    +         "failureSummary": "Fix any of the following:
    +   Element has insufficient color contrast of 3.18 (foreground color: #ffffff, background color: #d97706, font size: 10.5pt (14px), font weight: normal). Expected contrast ratio of 4.5:1",
    +         "html": "<span>1235 Park Avenue, New York, NY 10029</span>",
    +         "impact": "serious",
    +         "none": Array [],
    +         "target": Array [
    +           ".sm\\:flex-row.flex-col.justify-between > .gap-2.items-center.flex > span",
    +         ],
    +       },
    +       Object {
    +         "all": Array [],
    +         "any": Array [
    +           Object {
    +             "data": Object {
    +               "bgColor": "#d97706",
    +               "contrastRatio": 3.18,
    +               "expectedContrastRatio": "4.5:1",
    +               "fgColor": "#ffffff",
    +               "fontSize": "10.5pt (14px)",
    +               "fontWeight": "normal",
    +               "messageKey": null,
    +             },
    +             "id": "color-contrast",
    +             "impact": "serious",
    +             "message": "Element has insufficient color contrast of 3.18 (foreground color: #ffffff, background color: #d97706, font size: 10.5pt (14px), font weight: normal). Expected contrast ratio of 4.5:1",
    +             "relatedNodes": Array [
    +               Object {
    +                 "html": "<button class=\"inline-flex items-center justify-center rounded-md text-sm font-medium transition-colors focus-visible:outline-none focus-visible:ring-2 focus-visible:ring-ring focus-visible:ring-offset-2 disabled:opacity-50 disabled:pointer-events-none ring-offset-background h-10 py-2 px-4 w-full bg-amber-600 hover:bg-amber-700 text-white\" type=\"submit\">",
    +                 "target": Array [
    +                   ".inline-flex",
    +                 ],
    +               },
    +             ],
    +           },
    +         ],
    +         "failureSummary": "Fix any of the following:
    +   Element has insufficient color contrast of 3.18 (foreground color: #ffffff, background color: #d97706, font size: 10.5pt (14px), font weight: normal). Expected contrast ratio of 4.5:1",
    +         "html": "<button class=\"inline-flex items-center justify-center rounded-md text-sm font-medium transition-colors focus-visible:outline-none focus-visible:ring-2 focus-visible:ring-ring focus-visible:ring-offset-2 disabled:opacity-50 disabled:pointer-events-none ring-offset-background h-10 py-2 px-4 w-full bg-amber-600 hover:bg-amber-700 text-white\" type=\"submit\">",
    +         "impact": "serious",
    +         "none": Array [],
    +         "target": Array [
    +           ".inline-flex",
    +         ],
    +       },
    +     ],
    +     "tags": Array [
    +       "cat.color",
    +       "wcag2aa",
    +       "wcag143",
    +       "TTv5",
    +       "TT13.c",
    +       "EN-301-549",
    +       "EN-9.1.4.3",
    +       "ACT",
    +     ],
    +   },
    +   Object {
    +     "description": "Ensure every form element has a label",
    +     "help": "Form elements must have labels",
    +     "helpUrl": "https://dequeuniversity.com/rules/axe/4.10/label?application=playwright",
    +     "id": "label",
    +     "impact": "critical",
    +     "nodes": Array [
    +       Object {
    +         "all": Array [],
    +         "any": Array [
    +           Object {
    +             "data": null,
    +             "id": "implicit-label",
    +             "impact": "critical",
    +             "message": "Element does not have an implicit (wrapped) <label>",
    +             "relatedNodes": Array [],
    +           },
    +           Object {
    +             "data": null,
    +             "id": "explicit-label",
    +             "impact": "critical",
    +             "message": "Element does not have an explicit <label>",
    +             "relatedNodes": Array [],
    +           },
    +           Object {
    +             "data": null,
    +             "id": "aria-label",
    +             "impact": "critical",
    +             "message": "aria-label attribute does not exist or is empty",
    +             "relatedNodes": Array [],
    +           },
    +           Object {
    +             "data": null,
    +             "id": "aria-labelledby",
    +             "impact": "critical",
    +             "message": "aria-labelledby attribute does not exist, references elements that do not exist or references elements that are empty",
    +             "relatedNodes": Array [],
    +           },
    +           Object {
    +             "data": Object {
    +               "messageKey": "noAttr",
    +             },
    +             "id": "non-empty-title",
    +             "impact": "critical",
    +             "message": "Element has no title attribute",
    +             "relatedNodes": Array [],
    +           },
    +           Object {
    +             "data": Object {
    +               "messageKey": "noAttr",
    +             },
    +             "id": "non-empty-placeholder",
    +             "impact": "critical",
    +             "message": "Element has no placeholder attribute",
    +             "relatedNodes": Array [],
    +           },
    +           Object {
    +             "data": null,
    +             "id": "presentational-role",
    +             "impact": "critical",
    +             "message": "Element's default semantics were not overridden with role=\"none\" or role=\"presentation\"",
    +             "relatedNodes": Array [],
    +           },
    +         ],
    +         "failureSummary": "Fix any of the following:
    +   Element does not have an implicit (wrapped) <label>
    +   Element does not have an explicit <label>
    +   aria-label attribute does not exist or is empty
    +   aria-labelledby attribute does not exist, references elements that do not exist or references elements that are empty
    +   Element has no title attribute
    +   Element has no placeholder attribute
    +   Element's default semantics were not overridden with role=\"none\" or role=\"presentation\"",
    +         "html": "<input type=\"text\" class=\"w-full px-4 py-2 border border-gray-300 rounded-lg focus:ring-2 focus:ring-amber-500 focus:border-transparent\" required=\"\" value=\"\">",
    +         "impact": "critical",
    +         "none": Array [],
    +         "target": Array [
    +           "div:nth-child(1) > input[type=\"text\"]",
    +         ],
    +       },
    +       Object {
    +         "all": Array [],
    +         "any": Array [
    +           Object {
    +             "data": null,
    +             "id": "implicit-label",
    +             "impact": "critical",
    +             "message": "Element does not have an implicit (wrapped) <label>",
    +             "relatedNodes": Array [],
    +           },
    +           Object {
    +             "data": null,
    +             "id": "explicit-label",
    +             "impact": "critical",
    +             "message": "Element does not have an explicit <label>",
    +             "relatedNodes": Array [],
    +           },
    +           Object {
    +             "data": null,
    +             "id": "aria-label",
    +             "impact": "critical",
    +             "message": "aria-label attribute does not exist or is empty",
    +             "relatedNodes": Array [],
    +           },
    +           Object {
    +             "data": null,
    +             "id": "aria-labelledby",
    +             "impact": "critical",
    +             "message": "aria-labelledby attribute does not exist, references elements that do not exist or references elements that are empty",
    +             "relatedNodes": Array [],
    +           },
    +           Object {
    +             "data": Object {
    +               "messageKey": "noAttr",
    +             },
    +             "id": "non-empty-title",
    +             "impact": "critical",
    +             "message": "Element has no title attribute",
    +             "relatedNodes": Array [],
    +           },
    +           Object {
    +             "data": Object {
    +               "messageKey": "noAttr",
    +             },
    +             "id": "non-empty-placeholder",
    +             "impact": "critical",
    +             "message": "Element has no placeholder attribute",
    +             "relatedNodes": Array [],
    +           },
    +           Object {
    +             "data": null,
    +             "id": "presentational-role",
    +             "impact": "critical",
    +             "message": "Element's default semantics were not overridden with role=\"none\" or role=\"presentation\"",
    +             "relatedNodes": Array [],
    +           },
    +         ],
    +         "failureSummary": "Fix any of the following:
    +   Element does not have an implicit (wrapped) <label>
    +   Element does not have an explicit <label>
    +   aria-label attribute does not exist or is empty
    +   aria-labelledby attribute does not exist, references elements that do not exist or references elements that are empty
    +   Element has no title attribute
    +   Element has no placeholder attribute
    +   Element's default semantics were not overridden with role=\"none\" or role=\"presentation\"",
    +         "html": "<input type=\"email\" class=\"w-full px-4 py-2 border border-gray-300 rounded-lg focus:ring-2 focus:ring-amber-500 focus:border-transparent\" required=\"\" value=\"\">",
    +         "impact": "critical",
    +         "none": Array [],
    +         "target": Array [
    +           "input[type=\"email\"]",
    +         ],
    +       },
    +       Object {
    +         "all": Array [],
    +         "any": Array [
    +           Object {
    +             "data": null,
    +             "id": "implicit-label",
    +             "impact": "critical",
    +             "message": "Element does not have an implicit (wrapped) <label>",
    +             "relatedNodes": Array [],
    +           },
    +           Object {
    +             "data": null,
    +             "id": "explicit-label",
    +             "impact": "critical",
    +             "message": "Element does not have an explicit <label>",
    +             "relatedNodes": Array [],
    +           },
    +           Object {
    +             "data": null,
    +             "id": "aria-label",
    +             "impact": "critical",
    +             "message": "aria-label attribute does not exist or is empty",
    +             "relatedNodes": Array [],
    +           },
    +           Object {
    +             "data": null,
    +             "id": "aria-labelledby",
    +             "impact": "critical",
    +             "message": "aria-labelledby attribute does not exist, references elements that do not exist or references elements that are empty",
    +             "relatedNodes": Array [],
    +           },
    +           Object {
    +             "data": Object {
    +               "messageKey": "noAttr",
    +             },
    +             "id": "non-empty-title",
    +             "impact": "critical",
    +             "message": "Element has no title attribute",
    +             "relatedNodes": Array [],
    +           },
    +           Object {
    +             "data": Object {
    +               "messageKey": "noAttr",
    +             },
    +             "id": "non-empty-placeholder",
    +             "impact": "critical",
    +             "message": "Element has no placeholder attribute",
    +             "relatedNodes": Array [],
    +           },
    +           Object {
    +             "data": null,
    +             "id": "presentational-role",
    +             "impact": "critical",
    +             "message": "Element's default semantics were not overridden with role=\"none\" or role=\"presentation\"",
    +             "relatedNodes": Array [],
    +           },
    +         ],
    +         "failureSummary": "Fix any of the following:
    +   Element does not have an implicit (wrapped) <label>
    +   Element does not have an explicit <label>
    +   aria-label attribute does not exist or is empty
    +   aria-labelledby attribute does not exist, references elements that do not exist or references elements that are empty
    +   Element has no title attribute
    +   Element has no placeholder attribute
    +   Element's default semantics were not overridden with role=\"none\" or role=\"presentation\"",
    +         "html": "<input type=\"text\" class=\"w-full px-4 py-2 border border-gray-300 rounded-lg focus:ring-2 focus:ring-amber-500 focus:border-transparent\" required=\"\" value=\"\">",
    +         "impact": "critical",
    +         "none": Array [],
    +         "target": Array [
    +           "div:nth-child(2) > input[type=\"text\"]",
    +         ],
    +       },
    +       Object {
    +         "all": Array [],
    +         "any": Array [
    +           Object {
    +             "data": null,
    +             "id": "implicit-label",
    +             "impact": "critical",
    +             "message": "Element does not have an implicit (wrapped) <label>",
    +             "relatedNodes": Array [],
    +           },
    +           Object {
    +             "data": null,
    +             "id": "explicit-label",
    +             "impact": "critical",
    +             "message": "Element does not have an explicit <label>",
    +             "relatedNodes": Array [],
    +           },
    +           Object {
    +             "data": null,
    +             "id": "aria-label",
    +             "impact": "critical",
    +             "message": "aria-label attribute does not exist or is empty",
    +             "relatedNodes": Array [],
    +           },
    +           Object {
    +             "data": null,
    +             "id": "aria-labelledby",
    +             "impact": "critical",
    +             "message": "aria-labelledby attribute does not exist, references elements that do not exist or references elements that are empty",
    +             "relatedNodes": Array [],
    +           },
    +           Object {
    +             "data": Object {
    +               "messageKey": "noAttr",
    +             },
    +             "id": "non-empty-title",
    +             "impact": "critical",
    +             "message": "Element has no title attribute",
    +             "relatedNodes": Array [],
    +           },
    +           Object {
    +             "data": Object {
    +               "messageKey": "noAttr",
    +             },
    +             "id": "non-empty-placeholder",
    +             "impact": "critical",
    +             "message": "Element has no placeholder attribute",
    +             "relatedNodes": Array [],
    +           },
    +           Object {
    +             "data": null,
    +             "id": "presentational-role",
    +             "impact": "critical",
    +             "message": "Element's default semantics were not overridden with role=\"none\" or role=\"presentation\"",
    +             "relatedNodes": Array [],
    +           },
    +         ],
    +         "failureSummary": "Fix any of the following:
    +   Element does not have an implicit (wrapped) <label>
    +   Element does not have an explicit <label>
    +   aria-label attribute does not exist or is empty
    +   aria-labelledby attribute does not exist, references elements that do not exist or references elements that are empty
    +   Element has no title attribute
    +   Element has no placeholder attribute
    +   Element's default semantics were not overridden with role=\"none\" or role=\"presentation\"",
    +         "html": "<textarea class=\"w-full px-4 py-2 border border-gray-300 rounded-lg focus:ring-2 focus:ring-amber-500 focus:border-transparent\" rows=\"5\" required=\"\"></textarea>",
    +         "impact": "critical",
    +         "none": Array [],
    +         "target": Array [
    +           "textarea",
    +         ],
    +       },
    +     ],
    +     "tags": Array [
    +       "cat.forms",
    +       "wcag2a",
    +       "wcag412",
    +       "section508",
    +       "section508.22.n",
    +       "TTv5",
    +       "TT5.c",
    +       "EN-301-549",
    +       "EN-9.4.1.2",
    +       "ACT",
    +     ],
    +   },
    +   Object {
    +     "description": "Ensure the document has a main landmark",
    +     "help": "Document should have one main landmark",
    +     "helpUrl": "https://dequeuniversity.com/rules/axe/4.10/landmark-one-main?application=playwright",
    +     "id": "landmark-one-main",
    +     "impact": "moderate",
    +     "nodes": Array [
    +       Object {
    +         "all": Array [
    +           Object {
    +             "data": null,
    +             "id": "page-has-main",
    +             "impact": "moderate",
    +             "message": "Document does not have a main landmark",
    +             "relatedNodes": Array [],
    +           },
    +         ],
    +         "any": Array [],
    +         "failureSummary": "Fix all of the following:
    +   Document does not have a main landmark",
    +         "html": "<html lang=\"en\" class=\"__variable_f367f3 __variable_0a80b4\">",
    +         "impact": "moderate",
    +         "none": Array [],
    +         "target": Array [
    +           "html",
    +         ],
    +       },
    +       Object {
    +         "all": Array [
    +           Object {
    +             "data": null,
    +             "id": "page-has-main",
    +             "impact": "moderate",
    +             "message": "Document does not have a main landmark",
    +             "relatedNodes": Array [],
    +           },
    +         ],
    +         "any": Array [],
    +         "failureSummary": "Fix all of the following:
    +   Document does not have a main landmark",
    +         "html": "<html><head></head><body></body></html>",
    +         "impact": "moderate",
    +         "none": Array [],
    +         "target": Array [
    +           "iframe",
    +           "html",
    +         ],
    +       },
    +     ],
    +     "tags": Array [
    +       "cat.semantics",
    +       "best-practice",
    +     ],
    +   },
    +   Object {
    +     "description": "Ensure links have discernible text",
    +     "help": "Links must have discernible text",
    +     "helpUrl": "https://dequeuniversity.com/rules/axe/4.10/link-name?application=playwright",
    +     "id": "link-name",
    +     "impact": "serious",
    +     "nodes": Array [
    +       Object {
    +         "all": Array [],
    +         "any": Array [
    +           Object {
    +             "data": null,
    +             "id": "has-visible-text",
    +             "impact": "serious",
    +             "message": "Element does not have text that is visible to screen readers",
    +             "relatedNodes": Array [],
    +           },
    +           Object {
    +             "data": null,
    +             "id": "aria-label",
    +             "impact": "serious",
    +             "message": "aria-label attribute does not exist or is empty",
    +             "relatedNodes": Array [],
    +           },
    +           Object {
    +             "data": null,
    +             "id": "aria-labelledby",
    +             "impact": "serious",
    +             "message": "aria-labelledby attribute does not exist, references elements that do not exist or references elements that are empty",
    +             "relatedNodes": Array [],
    +           },
    +           Object {
    +             "data": Object {
    +               "messageKey": "noAttr",
    +             },
    +             "id": "non-empty-title",
    +             "impact": "serious",
    +             "message": "Element has no title attribute",
    +             "relatedNodes": Array [],
    +           },
    +         ],
    +         "failureSummary": "Fix all of the following:
    +   Element is in tab order and does not have accessible text
    +
    + Fix any of the following:
    +   Element does not have text that is visible to screen readers
    +   aria-label attribute does not exist or is empty
    +   aria-labelledby attribute does not exist, references elements that do not exist or references elements that are empty
    +   Element has no title attribute",
    +         "html": "<a href=\"#\" class=\"text-gray-400 hover:text-white transition-colors\">",
    +         "impact": "serious",
    +         "none": Array [
    +           Object {
    +             "data": null,
    +             "id": "focusable-no-name",
    +             "impact": "serious",
    +             "message": "Element is in tab order and does not have accessible text",
    +             "relatedNodes": Array [],
    +           },
    +         ],
    +         "target": Array [
    +           ".hover\\:text-white[href=\"#\"]:nth-child(1)",
    +         ],
    +       },
    +       Object {
    +         "all": Array [],
    +         "any": Array [
    +           Object {
    +             "data": null,
    +             "id": "has-visible-text",
    +             "impact": "serious",
    +             "message": "Element does not have text that is visible to screen readers",
    +             "relatedNodes": Array [],
    +           },
    +           Object {
    +             "data": null,
    +             "id": "aria-label",
    +             "impact": "serious",
    +             "message": "aria-label attribute does not exist or is empty",
    +             "relatedNodes": Array [],
    +           },
    +           Object {
    +             "data": null,
    +             "id": "aria-labelledby",
    +             "impact": "serious",
    +             "message": "aria-labelledby attribute does not exist, references elements that do not exist or references elements that are empty",
    +             "relatedNodes": Array [],
    +           },
    +           Object {
    +             "data": Object {
    +               "messageKey": "noAttr",
    +             },
    +             "id": "non-empty-title",
    +             "impact": "serious",
    +             "message": "Element has no title attribute",
    +             "relatedNodes": Array [],
    +           },
    +         ],
    +         "failureSummary": "Fix all of the following:
    +   Element is in tab order and does not have accessible text
    +
    + Fix any of the following:
    +   Element does not have text that is visible to screen readers
    +   aria-label attribute does not exist or is empty
    +   aria-labelledby attribute does not exist, references elements that do not exist or references elements that are empty
    +   Element has no title attribute",
    +         "html": "<a href=\"#\" class=\"text-gray-400 hover:text-white transition-colors\">",
    +         "impact": "serious",
    +         "none": Array [
    +           Object {
    +             "data": null,
    +             "id": "focusable-no-name",
    +             "impact": "serious",
    +             "message": "Element is in tab order and does not have accessible text",
    +             "relatedNodes": Array [],
    +           },
    +         ],
    +         "target": Array [
    +           ".hover\\:text-white[href=\"#\"]:nth-child(2)",
    +         ],
    +       },
    +       Object {
    +         "all": Array [],
    +         "any": Array [
    +           Object {
    +             "data": null,
    +             "id": "has-visible-text",
    +             "impact": "serious",
    +             "message": "Element does not have text that is visible to screen readers",
    +             "relatedNodes": Array [],
    +           },
    +           Object {
    +             "data": null,
    +             "id": "aria-label",
    +             "impact": "serious",
    +             "message": "aria-label attribute does not exist or is empty",
    +             "relatedNodes": Array [],
    +           },
    +           Object {
    +             "data": null,
    +             "id": "aria-labelledby",
    +             "impact": "serious",
    +             "message": "aria-labelledby attribute does not exist, references elements that do not exist or references elements that are empty",
    +             "relatedNodes": Array [],
    +           },
    +           Object {
    +             "data": Object {
    +               "messageKey": "noAttr",
    +             },
    +             "id": "non-empty-title",
    +             "impact": "serious",
    +             "message": "Element has no title attribute",
    +             "relatedNodes": Array [],
    +           },
    +         ],
    +         "failureSummary": "Fix all of the following:
    +   Element is in tab order and does not have accessible text
    +
    + Fix any of the following:
    +   Element does not have text that is visible to screen readers
    +   aria-label attribute does not exist or is empty
    +   aria-labelledby attribute does not exist, references elements that do not exist or references elements that are empty
    +   Element has no title attribute",
    +         "html": "<a href=\"#\" class=\"text-gray-400 hover:text-white transition-colors\">",
    +         "impact": "serious",
    +         "none": Array [
    +           Object {
    +             "data": null,
    +             "id": "focusable-no-name",
    +             "impact": "serious",
    +             "message": "Element is in tab order and does not have accessible text",
    +             "relatedNodes": Array [],
    +           },
    +         ],
    +         "target": Array [
    +           ".hover\\:text-white[href=\"#\"]:nth-child(3)",
    +         ],
    +       },
    +       Object {
    +         "all": Array [],
    +         "any": Array [
    +           Object {
    +             "data": null,
    +             "id": "has-visible-text",
    +             "impact": "serious",
    +             "message": "Element does not have text that is visible to screen readers",
    +             "relatedNodes": Array [],
    +           },
    +           Object {
    +             "data": null,
    +             "id": "aria-label",
    +             "impact": "serious",
    +             "message": "aria-label attribute does not exist or is empty",
    +             "relatedNodes": Array [],
    +           },
    +           Object {
    +             "data": null,
    +             "id": "aria-labelledby",
    +             "impact": "serious",
    +             "message": "aria-labelledby attribute does not exist, references elements that do not exist or references elements that are empty",
    +             "relatedNodes": Array [],
    +           },
    +           Object {
    +             "data": Object {
    +               "messageKey": "noAttr",
    +             },
    +             "id": "non-empty-title",
    +             "impact": "serious",
    +             "message": "Element has no title attribute",
    +             "relatedNodes": Array [],
    +           },
    +         ],
    +         "failureSummary": "Fix all of the following:
    +   Element is in tab order and does not have accessible text
    +
    + Fix any of the following:
    +   Element does not have text that is visible to screen readers
    +   aria-label attribute does not exist or is empty
    +   aria-labelledby attribute does not exist, references elements that do not exist or references elements that are empty
    +   Element has no title attribute",
    +         "html": "<a href=\"#\" class=\"text-gray-400 hover:text-white transition-colors\">",
    +         "impact": "serious",
    +         "none": Array [
    +           Object {
    +             "data": null,
    +             "id": "focusable-no-name",
    +             "impact": "serious",
    +             "message": "Element is in tab order and does not have accessible text",
    +             "relatedNodes": Array [],
    +           },
    +         ],
    +         "target": Array [
    +           ".hover\\:text-white[href=\"#\"]:nth-child(4)",
    +         ],
    +       },
    +     ],
    +     "tags": Array [
    +       "cat.name-role-value",
    +       "wcag2a",
    +       "wcag244",
    +       "wcag412",
    +       "section508",
    +       "section508.22.a",
    +       "TTv5",
    +       "TT6.a",
    +       "EN-301-549",
    +       "EN-9.2.4.4",
    +       "EN-9.4.1.2",
    +       "ACT",
    +     ],
    +   },
    +   Object {
    +     "description": "Ensure all page content is contained by landmarks",
    +     "help": "All page content should be contained by landmarks",
    +     "helpUrl": "https://dequeuniversity.com/rules/axe/4.10/region?application=playwright",
    +     "id": "region",
    +     "impact": "moderate",
    +     "nodes": Array [
    +       Object {
    +         "all": Array [],
    +         "any": Array [
    +           Object {
    +             "data": Object {
    +               "isIframe": false,
    +             },
    +             "id": "region",
    +             "impact": "moderate",
    +             "message": "Some page content is not contained by landmarks",
    +             "relatedNodes": Array [],
    +           },
    +         ],
    +         "failureSummary": "Fix any of the following:
    +   Some page content is not contained by landmarks",
    +         "html": "<span>+1 (212) 555-0123</span>",
    +         "impact": "moderate",
    +         "none": Array [],
    +         "target": Array [
    +           ".gap-2.items-center.flex:nth-child(1) > span",
    +         ],
    +       },
    +       Object {
    +         "all": Array [],
    +         "any": Array [
    +           Object {
    +             "data": Object {
    +               "isIframe": false,
    +             },
    +             "id": "region",
    +             "impact": "moderate",
    +             "message": "Some page content is not contained by landmarks",
    +             "relatedNodes": Array [],
    +           },
    +         ],
    +         "failureSummary": "Fix any of the following:
    +   Some page content is not contained by landmarks",
    +         "html": "<span>reservations@grandpalacehotel.com</span>",
    +         "impact": "moderate",
    +         "none": Array [],
    +         "target": Array [
    +           ".gap-4 > .gap-2.items-center.flex:nth-child(2) > span",
    +         ],
    +       },
    +       Object {
    +         "all": Array [],
    +         "any": Array [
    +           Object {
    +             "data": Object {
    +               "isIframe": false,
    +             },
    +             "id": "region",
    +             "impact": "moderate",
    +             "message": "Some page content is not contained by landmarks",
    +             "relatedNodes": Array [],
    +           },
    +         ],
    +         "failureSummary": "Fix any of the following:
    +   Some page content is not contained by landmarks",
    +         "html": "<span>1235 Park Avenue, New York, NY 10029</span>",
    +         "impact": "moderate",
    +         "none": Array [],
    +         "target": Array [
    +           ".sm\\:flex-row.flex-col.justify-between > .gap-2.items-center.flex > span",
    +         ],
    +       },
    +       Object {
    +         "all": Array [],
    +         "any": Array [
    +           Object {
    +             "data": Object {
    +               "isIframe": false,
    +             },
    +             "id": "region",
    +             "impact": "moderate",
    +             "message": "Some page content is not contained by landmarks",
    +             "relatedNodes": Array [],
    +           },
    +         ],
    +         "failureSummary": "Fix any of the following:
    +   Some page content is not contained by landmarks",
    +         "html": "<section class=\"pt-20 pb-12 bg-gradient-to-r from-amber-600 to-orange-600 text-white\">",
    +         "impact": "moderate",
    +         "none": Array [],
    +         "target": Array [
    +           ".pt-20",
    +         ],
    +       },
    +       Object {
    +         "all": Array [],
    +         "any": Array [
    +           Object {
    +             "data": Object {
    +               "isIframe": false,
    +             },
    +             "id": "region",
    +             "impact": "moderate",
    +             "message": "Some page content is not contained by landmarks",
    +             "relatedNodes": Array [],
    +           },
    +         ],
    +         "failureSummary": "Fix any of the following:
    +   Some page content is not contained by landmarks",
    +         "html": "<h2 class=\"text-2xl font-bold mb-6\">Send us a Message</h2>",
    +         "impact": "moderate",
    +         "none": Array [],
    +         "target": Array [
    +           ".lg\\:grid-cols-2 > .bg-card.text-card-foreground.shadow-sm > h2",
    +         ],
    +       },
    +       Object {
    +         "all": Array [],
    +         "any": Array [
    +           Object {
    +             "data": Object {
    +               "isIframe": false,
    +             },
    +             "id": "region",
    +             "impact": "moderate",
    +             "message": "Some page content is not contained by landmarks",
    +             "relatedNodes": Array [],
    +           },
    +         ],
    +         "failureSummary": "Fix any of the following:
    +   Some page content is not contained by landmarks",
    +         "html": "<div class=\"grid grid-cols-1 md:grid-cols-2 gap-6\">",
    +         "impact": "moderate",
    +         "none": Array [],
    +         "target": Array [
    +           ".gap-6",
    +         ],
    +       },
    +       Object {
    +         "all": Array [],
    +         "any": Array [
    +           Object {
    +             "data": Object {
    +               "isIframe": false,
    +             },
    +             "id": "region",
    +             "impact": "moderate",
    +             "message": "Some page content is not contained by landmarks",
    +             "relatedNodes": Array [],
    +           },
    +         ],
    +         "failureSummary": "Fix any of the following:
    +   Some page content is not contained by landmarks",
    +         "html": "<div><label class=\"block text-sm font-medium mb-2\">Subject</label><input type=\"text\" class=\"w-full px-4 py-2 border border-gray-300 rounded-lg focus:ring-2 focus:ring-amber-500 focus:border-transparent\" required=\"\" value=\"\"></div>",
    +         "impact": "moderate",
    +         "none": Array [],
    +         "target": Array [
    +           "form > div:nth-child(2)",
    +         ],
    +       },
    +       Object {
    +         "all": Array [],
    +         "any": Array [
    +           Object {
    +             "data": Object {
    +               "isIframe": false,
    +             },
    +             "id": "region",
    +             "impact": "moderate",
    +             "message": "Some page content is not contained by landmarks",
    +             "relatedNodes": Array [],
    +           },
    +         ],
    +         "failureSummary": "Fix any of the following:
    +   Some page content is not contained by landmarks",
    +         "html": "<div><label class=\"block text-sm font-medium mb-2\">Message</label><textarea class=\"w-full px-4 py-2 border border-gray-300 rounded-lg focus:ring-2 focus:ring-amber-500 focus:border-transparent\" rows=\"5\" required=\"\"></textarea></div>",
    +         "impact": "moderate",
    +         "none": Array [],
    +         "target": Array [
    +           "form > div:nth-child(3)",
    +         ],
    +       },
    +       Object {
    +         "all": Array [],
    +         "any": Array [
    +           Object {
    +             "data": Object {
    +               "isIframe": false,
    +             },
    +             "id": "region",
    +             "impact": "moderate",
    +             "message": "Some page content is not contained by landmarks",
    +             "relatedNodes": Array [],
    +           },
    +         ],
    +         "failureSummary": "Fix any of the following:
    +   Some page content is not contained by landmarks",
    +         "html": "<h2 class=\"text-2xl font-bold mb-6\">Get in Touch</h2>",
    +         "impact": "moderate",
    +         "none": Array [],
    +         "target": Array [
    +           ".space-y-8 > .bg-card.text-card-foreground.shadow-sm:nth-child(1) > h2",
    +         ],
    +       },
    +       Object {
    +         "all": Array [],
    +         "any": Array [
    +           Object {
    +             "data": Object {
    +               "isIframe": false,
    +             },
    +             "id": "region",
    +             "impact": "moderate",
    +             "message": "Some page content is not contained by landmarks",
    +             "relatedNodes": Array [],
    +           },
    +         ],
    +         "failureSummary": "Fix any of the following:
    +   Some page content is not contained by landmarks",
    +         "html": "<div><h3 class=\"font-semibold mb-1\">Address</h3><p class=\"text-gray-600\">1235 Park Avenue, New York, NY 10029</p></div>",
    +         "impact": "moderate",
    +         "none": Array [],
    +         "target": Array [
    +           ".items-start.space-x-4.flex:nth-child(1) > div:nth-child(2)",
    +         ],
    +       },
    +       Object {
    +         "all": Array [],
    +         "any": Array [
    +           Object {
    +             "data": Object {
    +               "isIframe": false,
    +             },
    +             "id": "region",
    +             "impact": "moderate",
    +             "message": "Some page content is not contained by landmarks",
    +             "relatedNodes": Array [],
    +           },
    +         ],
    +         "failureSummary": "Fix any of the following:
    +   Some page content is not contained by landmarks",
    +         "html": "<div><h3 class=\"font-semibold mb-1\">Phone</h3><p class=\"text-gray-600\">+1 (212) 555-0123</p></div>",
    +         "impact": "moderate",
    +         "none": Array [],
    +         "target": Array [
    +           ".items-start.space-x-4.flex:nth-child(2) > div:nth-child(2)",
    +         ],
    +       },
    +       Object {
    +         "all": Array [],
    +         "any": Array [
    +           Object {
    +             "data": Object {
    +               "isIframe": false,
    +             },
    +             "id": "region",
    +             "impact": "moderate",
    +             "message": "Some page content is not contained by landmarks",
    +             "relatedNodes": Array [],
    +           },
    +         ],
    +         "failureSummary": "Fix any of the following:
    +   Some page content is not contained by landmarks",
    +         "html": "<div><h3 class=\"font-semibold mb-1\">Email</h3><p class=\"text-gray-600\">reservations@grandpalacehotel.com</p></div>",
    +         "impact": "moderate",
    +         "none": Array [],
    +         "target": Array [
    +           ".items-start.space-x-4.flex:nth-child(3) > div:nth-child(2)",
    +         ],
    +       },
    +       Object {
    +         "all": Array [],
    +         "any": Array [
    +           Object {
    +             "data": Object {
    +               "isIframe": false,
    +             },
    +             "id": "region",
    +             "impact": "moderate",
    +             "message": "Some page content is not contained by landmarks",
    +             "relatedNodes": Array [],
    +           },
    +         ],
    +         "failureSummary": "Fix any of the following:
    +   Some page content is not contained by landmarks",
    +         "html": "<div><h3 class=\"font-semibold mb-1\">Hours</h3><p class=\"text-gray-600\">Check-in: 3:00 PM<br>Check-out: 11:00 AM<br>Front Desk: 24/7</p></div>",
    +         "impact": "moderate",
    +         "none": Array [],
    +         "target": Array [
    +           ".items-start.space-x-4.flex:nth-child(4) > div:nth-child(2)",
    +         ],
    +       },
    +       Object {
    +         "all": Array [],
    +         "any": Array [
    +           Object {
    +             "data": Object {
    +               "isIframe": false,
    +             },
    +             "id": "region",
    +             "impact": "moderate",
    +             "message": "Some page content is not contained by landmarks",
    +             "relatedNodes": Array [],
    +           },
    +         ],
    +         "failureSummary": "Fix any of the following:
    +   Some page content is not contained by landmarks",
    +         "html": "<h2 class=\"text-2xl font-bold mb-6\">Location</h2>",
    +         "impact": "moderate",
    +         "none": Array [],
    +         "target": Array [
    +           ".bg-card.text-card-foreground.shadow-sm:nth-child(2) > h2",
    +         ],
    +       },
    +       Object {
    +         "all": Array [],
    +         "any": Array [
    +           Object {
    +             "data": Object {
    +               "isIframe": false,
    +             },
    +             "id": "region",
    +             "impact": "moderate",
    +             "message": "Some page content is not contained by landmarks",
    +             "relatedNodes": Array [],
    +           },
    +         ],
    +         "failureSummary": "Fix any of the following:
    +   Some page content is not contained by landmarks",
    +         "html": "<p class=\"text-sm text-gray-600 mt-4\">Located in the heart of Manhattan, Grand Palace Hotel offers easy access to Central Park, Times Square, and other iconic NYC attractions.</p>",
    +         "impact": "moderate",
    +         "none": Array [],
    +         "target": Array [
    +           ".mt-4.text-gray-600.text-sm",
    +         ],
    +       },
    +       Object {
    +         "all": Array [],
    +         "any": Array [
    +           Object {
    +             "data": Object {
    +               "isIframe": false,
    +             },
    +             "id": "region",
    +             "impact": "moderate",
    +             "message": "Some page content is not contained by landmarks",
    +             "relatedNodes": Array [],
    +           },
    +         ],
    +         "failureSummary": "Fix any of the following:
    +   Some page content is not contained by landmarks",
    +         "html": "<section class=\"mt-16\">",
    +         "impact": "moderate",
    +         "none": Array [],
    +         "target": Array [
    +           ".mt-16",
    +         ],
    +       },
    +     ],
    +     "tags": Array [
    +       "cat.keyboard",
    +       "best-practice",
    +     ],
    +   },
    + ]

      25 |     const accessibilityScanResults = await new AxeBuilder({ page }).analyze();
      26 |     
    > 27 |     expect(accessibilityScanResults.violations).toEqual([]);
         |                                                 ^
      28 |   });
      29 |
      30 |   test('Navigation should be keyboard accessible', async ({ page }) => {
        at /Users/asithalakmal/Documents/web/SmartHotel/tests/e2e/accessibility.spec.ts:27:49

    attachment #1: screenshot (image/png) ──────────────────────────────────────────────────────────
    ../../test-results/accessibility-Accessibilit-b4625-t-page-should-be-accessible-Mobile-Chrome/test-failed-1.png
    ────────────────────────────────────────────────────────────────────────────────────────────────

    attachment #2: video (video/webm) ──────────────────────────────────────────────────────────────
    ../../test-results/accessibility-Accessibilit-b4625-t-page-should-be-accessible-Mobile-Chrome/video-1.webm
    ────────────────────────────────────────────────────────────────────────────────────────────────

    attachment #3: video (video/webm) ──────────────────────────────────────────────────────────────
    ../../test-results/accessibility-Accessibilit-b4625-t-page-should-be-accessible-Mobile-Chrome/video.webm
    ────────────────────────────────────────────────────────────────────────────────────────────────

    Error Context: ../../test-results/accessibility-Accessibilit-b4625-t-page-should-be-accessible-Mobile-Chrome/error-context.md
]]>
</failure>
<system-out>
<![CDATA[
[[ATTACHMENT|accessibility-Accessibilit-b4625-t-page-should-be-accessible-Mobile-Chrome/test-failed-1.png]]

[[ATTACHMENT|accessibility-Accessibilit-b4625-t-page-should-be-accessible-Mobile-Chrome/video-1.webm]]

[[ATTACHMENT|accessibility-Accessibilit-b4625-t-page-should-be-accessible-Mobile-Chrome/video.webm]]

[[ATTACHMENT|accessibility-Accessibilit-b4625-t-page-should-be-accessible-Mobile-Chrome/error-context.md]]
]]>
</system-out>
</testcase>
<testcase name="Accessibility Tests › Navigation should be keyboard accessible" classname="accessibility.spec.ts" time="18.905">
</testcase>
<testcase name="Accessibility Tests › Forms should have proper labels" classname="accessibility.spec.ts" time="10.656">
</testcase>
<testcase name="Accessibility Tests › Images should have alt text" classname="accessibility.spec.ts" time="11.23">
</testcase>
<testcase name="Accessibility Tests › Color contrast should meet WCAG standards" classname="accessibility.spec.ts" time="23.417">
<failure message="accessibility.spec.ts:67:7 Color contrast should meet WCAG standards" type="FAILURE">
<![CDATA[  [Mobile Chrome] › accessibility.spec.ts:67:7 › Accessibility Tests › Color contrast should meet WCAG standards 

    Error: expect(received).toEqual(expected) // deep equality

    - Expected  -   1
    + Received  + 856

    - Array []
    + Array [
    +   Object {
    +     "description": "Ensure buttons have discernible text",
    +     "help": "Buttons must have discernible text",
    +     "helpUrl": "https://dequeuniversity.com/rules/axe/4.10/button-name?application=playwright",
    +     "id": "button-name",
    +     "impact": "critical",
    +     "nodes": Array [
    +       Object {
    +         "all": Array [],
    +         "any": Array [
    +           Object {
    +             "data": null,
    +             "id": "button-has-visible-text",
    +             "impact": "critical",
    +             "message": "Element does not have inner text that is visible to screen readers",
    +             "relatedNodes": Array [],
    +           },
    +           Object {
    +             "data": null,
    +             "id": "aria-label",
    +             "impact": "critical",
    +             "message": "aria-label attribute does not exist or is empty",
    +             "relatedNodes": Array [],
    +           },
    +           Object {
    +             "data": null,
    +             "id": "aria-labelledby",
    +             "impact": "critical",
    +             "message": "aria-labelledby attribute does not exist, references elements that do not exist or references elements that are empty",
    +             "relatedNodes": Array [],
    +           },
    +           Object {
    +             "data": Object {
    +               "messageKey": "noAttr",
    +             },
    +             "id": "non-empty-title",
    +             "impact": "critical",
    +             "message": "Element has no title attribute",
    +             "relatedNodes": Array [],
    +           },
    +           Object {
    +             "data": null,
    +             "id": "implicit-label",
    +             "impact": "critical",
    +             "message": "Element does not have an implicit (wrapped) <label>",
    +             "relatedNodes": Array [],
    +           },
    +           Object {
    +             "data": null,
    +             "id": "explicit-label",
    +             "impact": "critical",
    +             "message": "Element does not have an explicit <label>",
    +             "relatedNodes": Array [],
    +           },
    +           Object {
    +             "data": null,
    +             "id": "presentational-role",
    +             "impact": "critical",
    +             "message": "Element's default semantics were not overridden with role=\"none\" or role=\"presentation\"",
    +             "relatedNodes": Array [],
    +           },
    +         ],
    +         "failureSummary": "Fix any of the following:
    +   Element does not have inner text that is visible to screen readers
    +   aria-label attribute does not exist or is empty
    +   aria-labelledby attribute does not exist, references elements that do not exist or references elements that are empty
    +   Element has no title attribute
    +   Element does not have an implicit (wrapped) <label>
    +   Element does not have an explicit <label>
    +   Element's default semantics were not overridden with role=\"none\" or role=\"presentation\"",
    +         "html": "<button class=\"md:hidden p-2 rounded-md text-gray-700 hover:text-amber-600\">",
    +         "impact": "critical",
    +         "none": Array [],
    +         "target": Array [
    +           ".md\\:hidden",
    +         ],
    +       },
    +     ],
    +     "tags": Array [
    +       "cat.name-role-value",
    +       "wcag2a",
    +       "wcag412",
    +       "section508",
    +       "section508.22.a",
    +       "TTv5",
    +       "TT6.a",
    +       "EN-301-549",
    +       "EN-9.4.1.2",
    +       "ACT",
    +     ],
    +   },
    +   Object {
    +     "description": "Ensure the contrast between foreground and background colors meets WCAG 2 AA minimum contrast ratio thresholds",
    +     "help": "Elements must meet minimum color contrast ratio thresholds",
    +     "helpUrl": "https://dequeuniversity.com/rules/axe/4.10/color-contrast?application=playwright",
    +     "id": "color-contrast",
    +     "impact": "serious",
    +     "nodes": Array [
    +       Object {
    +         "all": Array [],
    +         "any": Array [
    +           Object {
    +             "data": Object {
    +               "bgColor": "#d97706",
    +               "contrastRatio": 3.18,
    +               "expectedContrastRatio": "4.5:1",
    +               "fgColor": "#ffffff",
    +               "fontSize": "10.5pt (14px)",
    +               "fontWeight": "normal",
    +               "messageKey": null,
    +             },
    +             "id": "color-contrast",
    +             "impact": "serious",
    +             "message": "Element has insufficient color contrast of 3.18 (foreground color: #ffffff, background color: #d97706, font size: 10.5pt (14px), font weight: normal). Expected contrast ratio of 4.5:1",
    +             "relatedNodes": Array [
    +               Object {
    +                 "html": "<div class=\"bg-amber-600 text-white py-2\">",
    +                 "target": Array [
    +                   "body > .py-2.bg-amber-600.text-white",
    +                 ],
    +               },
    +             ],
    +           },
    +         ],
    +         "failureSummary": "Fix any of the following:
    +   Element has insufficient color contrast of 3.18 (foreground color: #ffffff, background color: #d97706, font size: 10.5pt (14px), font weight: normal). Expected contrast ratio of 4.5:1",
    +         "html": "<span>+1 (212) 555-0123</span>",
    +         "impact": "serious",
    +         "none": Array [],
    +         "target": Array [
    +           ".gap-2.items-center.flex:nth-child(1) > span",
    +         ],
    +       },
    +       Object {
    +         "all": Array [],
    +         "any": Array [
    +           Object {
    +             "data": Object {
    +               "bgColor": "#d97706",
    +               "contrastRatio": 3.18,
    +               "expectedContrastRatio": "4.5:1",
    +               "fgColor": "#ffffff",
    +               "fontSize": "10.5pt (14px)",
    +               "fontWeight": "normal",
    +               "messageKey": null,
    +             },
    +             "id": "color-contrast",
    +             "impact": "serious",
    +             "message": "Element has insufficient color contrast of 3.18 (foreground color: #ffffff, background color: #d97706, font size: 10.5pt (14px), font weight: normal). Expected contrast ratio of 4.5:1",
    +             "relatedNodes": Array [
    +               Object {
    +                 "html": "<div class=\"bg-amber-600 text-white py-2\">",
    +                 "target": Array [
    +                   "body > .py-2.bg-amber-600.text-white",
    +                 ],
    +               },
    +             ],
    +           },
    +         ],
    +         "failureSummary": "Fix any of the following:
    +   Element has insufficient color contrast of 3.18 (foreground color: #ffffff, background color: #d97706, font size: 10.5pt (14px), font weight: normal). Expected contrast ratio of 4.5:1",
    +         "html": "<span>reservations@grandpalacehotel.com</span>",
    +         "impact": "serious",
    +         "none": Array [],
    +         "target": Array [
    +           ".sm\\:mb-0 > .gap-2.items-center.flex:nth-child(2) > span",
    +         ],
    +       },
    +       Object {
    +         "all": Array [],
    +         "any": Array [
    +           Object {
    +             "data": Object {
    +               "bgColor": "#d97706",
    +               "contrastRatio": 3.18,
    +               "expectedContrastRatio": "4.5:1",
    +               "fgColor": "#ffffff",
    +               "fontSize": "10.5pt (14px)",
    +               "fontWeight": "normal",
    +               "messageKey": null,
    +             },
    +             "id": "color-contrast",
    +             "impact": "serious",
    +             "message": "Element has insufficient color contrast of 3.18 (foreground color: #ffffff, background color: #d97706, font size: 10.5pt (14px), font weight: normal). Expected contrast ratio of 4.5:1",
    +             "relatedNodes": Array [
    +               Object {
    +                 "html": "<div class=\"bg-amber-600 text-white py-2\">",
    +                 "target": Array [
    +                   "body > .py-2.bg-amber-600.text-white",
    +                 ],
    +               },
    +             ],
    +           },
    +         ],
    +         "failureSummary": "Fix any of the following:
    +   Element has insufficient color contrast of 3.18 (foreground color: #ffffff, background color: #d97706, font size: 10.5pt (14px), font weight: normal). Expected contrast ratio of 4.5:1",
    +         "html": "<span>1235 Park Avenue, New York, NY 10029</span>",
    +         "impact": "serious",
    +         "none": Array [],
    +         "target": Array [
    +           ".sm\\:flex-row.flex-col.justify-between > .gap-2.items-center.flex > span",
    +         ],
    +       },
    +       Object {
    +         "all": Array [],
    +         "any": Array [
    +           Object {
    +             "data": Object {
    +               "bgColor": "#d97706",
    +               "contrastRatio": 3.18,
    +               "expectedContrastRatio": "4.5:1",
    +               "fgColor": "#ffffff",
    +               "fontSize": "13.5pt (18px)",
    +               "fontWeight": "normal",
    +               "messageKey": null,
    +             },
    +             "id": "color-contrast",
    +             "impact": "serious",
    +             "message": "Element has insufficient color contrast of 3.18 (foreground color: #ffffff, background color: #d97706, font size: 13.5pt (18px), font weight: normal). Expected contrast ratio of 4.5:1",
    +             "relatedNodes": Array [
    +               Object {
    +                 "html": "<button class=\"inline-flex items-center justify-center transition-colors focus-visible:outline-none focus-visible:ring-2 focus-visible:ring-ring focus-visible:ring-offset-2 disabled:opacity-50 disabled:pointer-events-none ring-offset-background h-11 rounded-md bg-amber-600 hover:bg-amber-700 text-white px-8 py-4 text-lg font-semibold\">",
    +                 "target": Array [
    +                   "a[href$=\"booking\"] > .h-11.focus-visible\\:outline-none.focus-visible\\:ring-2",
    +                 ],
    +               },
    +             ],
    +           },
    +         ],
    +         "failureSummary": "Fix any of the following:
    +   Element has insufficient color contrast of 3.18 (foreground color: #ffffff, background color: #d97706, font size: 13.5pt (18px), font weight: normal). Expected contrast ratio of 4.5:1",
    +         "html": "<button class=\"inline-flex items-center justify-center transition-colors focus-visible:outline-none focus-visible:ring-2 focus-visible:ring-ring focus-visible:ring-offset-2 disabled:opacity-50 disabled:pointer-events-none ring-offset-background h-11 rounded-md bg-amber-600 hover:bg-amber-700 text-white px-8 py-4 text-lg font-semibold\">",
    +         "impact": "serious",
    +         "none": Array [],
    +         "target": Array [
    +           "a[href$=\"booking\"] > .h-11.focus-visible\\:outline-none.focus-visible\\:ring-2",
    +         ],
    +       },
    +       Object {
    +         "all": Array [],
    +         "any": Array [
    +           Object {
    +             "data": Object {
    +               "bgColor": "#d97706",
    +               "contrastRatio": 3.18,
    +               "expectedContrastRatio": "4.5:1",
    +               "fgColor": "#ffffff",
    +               "fontSize": "12.0pt (16px)",
    +               "fontWeight": "normal",
    +               "messageKey": null,
    +             },
    +             "id": "color-contrast",
    +             "impact": "serious",
    +             "message": "Element has insufficient color contrast of 3.18 (foreground color: #ffffff, background color: #d97706, font size: 12.0pt (16px), font weight: normal). Expected contrast ratio of 4.5:1",
    +             "relatedNodes": Array [
    +               Object {
    +                 "html": "<a class=\"inline-flex items-center gap-2 bg-amber-600 hover:bg-amber-700 text-white px-8 py-4 rounded-lg font-medium transition-colors\" href=\"/rooms\">",
    +                 "target": Array [
    +                   ".inline-flex.gap-2[href$=\"rooms\"]",
    +                 ],
    +               },
    +             ],
    +           },
    +         ],
    +         "failureSummary": "Fix any of the following:
    +   Element has insufficient color contrast of 3.18 (foreground color: #ffffff, background color: #d97706, font size: 12.0pt (16px), font weight: normal). Expected contrast ratio of 4.5:1",
    +         "html": "<a class=\"inline-flex items-center gap-2 bg-amber-600 hover:bg-amber-700 text-white px-8 py-4 rounded-lg font-medium transition-colors\" href=\"/rooms\">",
    +         "impact": "serious",
    +         "none": Array [],
    +         "target": Array [
    +           ".inline-flex.gap-2[href$=\"rooms\"]",
    +         ],
    +       },
    +       Object {
    +         "all": Array [],
    +         "any": Array [
    +           Object {
    +             "data": Object {
    +               "bgColor": "#d97706",
    +               "contrastRatio": 3.18,
    +               "expectedContrastRatio": "4.5:1",
    +               "fgColor": "#ffffff",
    +               "fontSize": "12.0pt (16px)",
    +               "fontWeight": "normal",
    +               "messageKey": null,
    +             },
    +             "id": "color-contrast",
    +             "impact": "serious",
    +             "message": "Element has insufficient color contrast of 3.18 (foreground color: #ffffff, background color: #d97706, font size: 12.0pt (16px), font weight: normal). Expected contrast ratio of 4.5:1",
    +             "relatedNodes": Array [
    +               Object {
    +                 "html": "<a class=\"inline-flex items-center gap-2 bg-amber-600 hover:bg-amber-700 text-white px-8 py-4 rounded-lg font-medium transition-colors\" href=\"/order\">",
    +                 "target": Array [
    +                   ".inline-flex.gap-2[href$=\"order\"]",
    +                 ],
    +               },
    +             ],
    +           },
    +         ],
    +         "failureSummary": "Fix any of the following:
    +   Element has insufficient color contrast of 3.18 (foreground color: #ffffff, background color: #d97706, font size: 12.0pt (16px), font weight: normal). Expected contrast ratio of 4.5:1",
    +         "html": "<a class=\"inline-flex items-center gap-2 bg-amber-600 hover:bg-amber-700 text-white px-8 py-4 rounded-lg font-medium transition-colors\" href=\"/order\">",
    +         "impact": "serious",
    +         "none": Array [],
    +         "target": Array [
    +           ".inline-flex.gap-2[href$=\"order\"]",
    +         ],
    +       },
    +       Object {
    +         "all": Array [],
    +         "any": Array [
    +           Object {
    +             "data": Object {
    +               "bgColor": "#ffffff",
    +               "contrastRatio": 3.18,
    +               "expectedContrastRatio": "4.5:1",
    +               "fgColor": "#d97706",
    +               "fontSize": "12.0pt (16px)",
    +               "fontWeight": "normal",
    +               "messageKey": null,
    +             },
    +             "id": "color-contrast",
    +             "impact": "serious",
    +             "message": "Element has insufficient color contrast of 3.18 (foreground color: #d97706, background color: #ffffff, font size: 12.0pt (16px), font weight: normal). Expected contrast ratio of 4.5:1",
    +             "relatedNodes": Array [
    +               Object {
    +                 "html": "<a class=\"bg-white text-amber-600 hover:bg-gray-100 px-8 py-4 rounded-lg font-medium transition-colors\" href=\"/booking\">Book Now</a>",
    +                 "target": Array [
    +                   ".hover\\:bg-gray-100",
    +                 ],
    +               },
    +             ],
    +           },
    +         ],
    +         "failureSummary": "Fix any of the following:
    +   Element has insufficient color contrast of 3.18 (foreground color: #d97706, background color: #ffffff, font size: 12.0pt (16px), font weight: normal). Expected contrast ratio of 4.5:1",
    +         "html": "<a class=\"bg-white text-amber-600 hover:bg-gray-100 px-8 py-4 rounded-lg font-medium transition-colors\" href=\"/booking\">Book Now</a>",
    +         "impact": "serious",
    +         "none": Array [],
    +         "target": Array [
    +           ".hover\\:bg-gray-100",
    +         ],
    +       },
    +     ],
    +     "tags": Array [
    +       "cat.color",
    +       "wcag2aa",
    +       "wcag143",
    +       "TTv5",
    +       "TT13.c",
    +       "EN-301-549",
    +       "EN-9.1.4.3",
    +       "ACT",
    +     ],
    +   },
    +   Object {
    +     "description": "Ensure every form element has a label",
    +     "help": "Form elements must have labels",
    +     "helpUrl": "https://dequeuniversity.com/rules/axe/4.10/label?application=playwright",
    +     "id": "label",
    +     "impact": "critical",
    +     "nodes": Array [
    +       Object {
    +         "all": Array [],
    +         "any": Array [
    +           Object {
    +             "data": null,
    +             "id": "implicit-label",
    +             "impact": "critical",
    +             "message": "Element does not have an implicit (wrapped) <label>",
    +             "relatedNodes": Array [],
    +           },
    +           Object {
    +             "data": null,
    +             "id": "explicit-label",
    +             "impact": "critical",
    +             "message": "Element does not have an explicit <label>",
    +             "relatedNodes": Array [],
    +           },
    +           Object {
    +             "data": null,
    +             "id": "aria-label",
    +             "impact": "critical",
    +             "message": "aria-label attribute does not exist or is empty",
    +             "relatedNodes": Array [],
    +           },
    +           Object {
    +             "data": null,
    +             "id": "aria-labelledby",
    +             "impact": "critical",
    +             "message": "aria-labelledby attribute does not exist, references elements that do not exist or references elements that are empty",
    +             "relatedNodes": Array [],
    +           },
    +           Object {
    +             "data": Object {
    +               "messageKey": "noAttr",
    +             },
    +             "id": "non-empty-title",
    +             "impact": "critical",
    +             "message": "Element has no title attribute",
    +             "relatedNodes": Array [],
    +           },
    +           Object {
    +             "data": Object {
    +               "messageKey": "noAttr",
    +             },
    +             "id": "non-empty-placeholder",
    +             "impact": "critical",
    +             "message": "Element has no placeholder attribute",
    +             "relatedNodes": Array [],
    +           },
    +           Object {
    +             "data": null,
    +             "id": "presentational-role",
    +             "impact": "critical",
    +             "message": "Element's default semantics were not overridden with role=\"none\" or role=\"presentation\"",
    +             "relatedNodes": Array [],
    +           },
    +         ],
    +         "failureSummary": "Fix any of the following:
    +   Element does not have an implicit (wrapped) <label>
    +   Element does not have an explicit <label>
    +   aria-label attribute does not exist or is empty
    +   aria-labelledby attribute does not exist, references elements that do not exist or references elements that are empty
    +   Element has no title attribute
    +   Element has no placeholder attribute
    +   Element's default semantics were not overridden with role=\"none\" or role=\"presentation\"",
    +         "html": "<input type=\"date\" class=\"w-full px-4 py-3 border border-gray-300 rounded-lg focus:ring-2 focus:ring-amber-500 focus:border-transparent\" value=\"\">",
    +         "impact": "critical",
    +         "none": Array [],
    +         "target": Array [
    +           "div:nth-child(1) > input",
    +         ],
    +       },
    +       Object {
    +         "all": Array [],
    +         "any": Array [
    +           Object {
    +             "data": null,
    +             "id": "implicit-label",
    +             "impact": "critical",
    +             "message": "Element does not have an implicit (wrapped) <label>",
    +             "relatedNodes": Array [],
    +           },
    +           Object {
    +             "data": null,
    +             "id": "explicit-label",
    +             "impact": "critical",
    +             "message": "Element does not have an explicit <label>",
    +             "relatedNodes": Array [],
    +           },
    +           Object {
    +             "data": null,
    +             "id": "aria-label",
    +             "impact": "critical",
    +             "message": "aria-label attribute does not exist or is empty",
    +             "relatedNodes": Array [],
    +           },
    +           Object {
    +             "data": null,
    +             "id": "aria-labelledby",
    +             "impact": "critical",
    +             "message": "aria-labelledby attribute does not exist, references elements that do not exist or references elements that are empty",
    +             "relatedNodes": Array [],
    +           },
    +           Object {
    +             "data": Object {
    +               "messageKey": "noAttr",
    +             },
    +             "id": "non-empty-title",
    +             "impact": "critical",
    +             "message": "Element has no title attribute",
    +             "relatedNodes": Array [],
    +           },
    +           Object {
    +             "data": Object {
    +               "messageKey": "noAttr",
    +             },
    +             "id": "non-empty-placeholder",
    +             "impact": "critical",
    +             "message": "Element has no placeholder attribute",
    +             "relatedNodes": Array [],
    +           },
    +           Object {
    +             "data": null,
    +             "id": "presentational-role",
    +             "impact": "critical",
    +             "message": "Element's default semantics were not overridden with role=\"none\" or role=\"presentation\"",
    +             "relatedNodes": Array [],
    +           },
    +         ],
    +         "failureSummary": "Fix any of the following:
    +   Element does not have an implicit (wrapped) <label>
    +   Element does not have an explicit <label>
    +   aria-label attribute does not exist or is empty
    +   aria-labelledby attribute does not exist, references elements that do not exist or references elements that are empty
    +   Element has no title attribute
    +   Element has no placeholder attribute
    +   Element's default semantics were not overridden with role=\"none\" or role=\"presentation\"",
    +         "html": "<input type=\"date\" class=\"w-full px-4 py-3 border border-gray-300 rounded-lg focus:ring-2 focus:ring-amber-500 focus:border-transparent\" value=\"\">",
    +         "impact": "critical",
    +         "none": Array [],
    +         "target": Array [
    +           "div:nth-child(2) > input",
    +         ],
    +       },
    +     ],
    +     "tags": Array [
    +       "cat.forms",
    +       "wcag2a",
    +       "wcag412",
    +       "section508",
    +       "section508.22.n",
    +       "TTv5",
    +       "TT5.c",
    +       "EN-301-549",
    +       "EN-9.4.1.2",
    +       "ACT",
    +     ],
    +   },
    +   Object {
    +     "description": "Ensure links have discernible text",
    +     "help": "Links must have discernible text",
    +     "helpUrl": "https://dequeuniversity.com/rules/axe/4.10/link-name?application=playwright",
    +     "id": "link-name",
    +     "impact": "serious",
    +     "nodes": Array [
    +       Object {
    +         "all": Array [],
    +         "any": Array [
    +           Object {
    +             "data": null,
    +             "id": "has-visible-text",
    +             "impact": "serious",
    +             "message": "Element does not have text that is visible to screen readers",
    +             "relatedNodes": Array [],
    +           },
    +           Object {
    +             "data": null,
    +             "id": "aria-label",
    +             "impact": "serious",
    +             "message": "aria-label attribute does not exist or is empty",
    +             "relatedNodes": Array [],
    +           },
    +           Object {
    +             "data": null,
    +             "id": "aria-labelledby",
    +             "impact": "serious",
    +             "message": "aria-labelledby attribute does not exist, references elements that do not exist or references elements that are empty",
    +             "relatedNodes": Array [],
    +           },
    +           Object {
    +             "data": Object {
    +               "messageKey": "noAttr",
    +             },
    +             "id": "non-empty-title",
    +             "impact": "serious",
    +             "message": "Element has no title attribute",
    +             "relatedNodes": Array [],
    +           },
    +         ],
    +         "failureSummary": "Fix all of the following:
    +   Element is in tab order and does not have accessible text
    +
    + Fix any of the following:
    +   Element does not have text that is visible to screen readers
    +   aria-label attribute does not exist or is empty
    +   aria-labelledby attribute does not exist, references elements that do not exist or references elements that are empty
    +   Element has no title attribute",
    +         "html": "<a href=\"#\" class=\"text-gray-400 hover:text-white transition-colors\">",
    +         "impact": "serious",
    +         "none": Array [
    +           Object {
    +             "data": null,
    +             "id": "focusable-no-name",
    +             "impact": "serious",
    +             "message": "Element is in tab order and does not have accessible text",
    +             "relatedNodes": Array [],
    +           },
    +         ],
    +         "target": Array [
    +           ".hover\\:text-white[href=\"#\"]:nth-child(1)",
    +         ],
    +       },
    +       Object {
    +         "all": Array [],
    +         "any": Array [
    +           Object {
    +             "data": null,
    +             "id": "has-visible-text",
    +             "impact": "serious",
    +             "message": "Element does not have text that is visible to screen readers",
    +             "relatedNodes": Array [],
    +           },
    +           Object {
    +             "data": null,
    +             "id": "aria-label",
    +             "impact": "serious",
    +             "message": "aria-label attribute does not exist or is empty",
    +             "relatedNodes": Array [],
    +           },
    +           Object {
    +             "data": null,
    +             "id": "aria-labelledby",
    +             "impact": "serious",
    +             "message": "aria-labelledby attribute does not exist, references elements that do not exist or references elements that are empty",
    +             "relatedNodes": Array [],
    +           },
    +           Object {
    +             "data": Object {
    +               "messageKey": "noAttr",
    +             },
    +             "id": "non-empty-title",
    +             "impact": "serious",
    +             "message": "Element has no title attribute",
    +             "relatedNodes": Array [],
    +           },
    +         ],
    +         "failureSummary": "Fix all of the following:
    +   Element is in tab order and does not have accessible text
    +
    + Fix any of the following:
    +   Element does not have text that is visible to screen readers
    +   aria-label attribute does not exist or is empty
    +   aria-labelledby attribute does not exist, references elements that do not exist or references elements that are empty
    +   Element has no title attribute",
    +         "html": "<a href=\"#\" class=\"text-gray-400 hover:text-white transition-colors\">",
    +         "impact": "serious",
    +         "none": Array [
    +           Object {
    +             "data": null,
    +             "id": "focusable-no-name",
    +             "impact": "serious",
    +             "message": "Element is in tab order and does not have accessible text",
    +             "relatedNodes": Array [],
    +           },
    +         ],
    +         "target": Array [
    +           ".hover\\:text-white[href=\"#\"]:nth-child(2)",
    +         ],
    +       },
    +       Object {
    +         "all": Array [],
    +         "any": Array [
    +           Object {
    +             "data": null,
    +             "id": "has-visible-text",
    +             "impact": "serious",
    +             "message": "Element does not have text that is visible to screen readers",
    +             "relatedNodes": Array [],
    +           },
    +           Object {
    +             "data": null,
    +             "id": "aria-label",
    +             "impact": "serious",
    +             "message": "aria-label attribute does not exist or is empty",
    +             "relatedNodes": Array [],
    +           },
    +           Object {
    +             "data": null,
    +             "id": "aria-labelledby",
    +             "impact": "serious",
    +             "message": "aria-labelledby attribute does not exist, references elements that do not exist or references elements that are empty",
    +             "relatedNodes": Array [],
    +           },
    +           Object {
    +             "data": Object {
    +               "messageKey": "noAttr",
    +             },
    +             "id": "non-empty-title",
    +             "impact": "serious",
    +             "message": "Element has no title attribute",
    +             "relatedNodes": Array [],
    +           },
    +         ],
    +         "failureSummary": "Fix all of the following:
    +   Element is in tab order and does not have accessible text
    +
    + Fix any of the following:
    +   Element does not have text that is visible to screen readers
    +   aria-label attribute does not exist or is empty
    +   aria-labelledby attribute does not exist, references elements that do not exist or references elements that are empty
    +   Element has no title attribute",
    +         "html": "<a href=\"#\" class=\"text-gray-400 hover:text-white transition-colors\">",
    +         "impact": "serious",
    +         "none": Array [
    +           Object {
    +             "data": null,
    +             "id": "focusable-no-name",
    +             "impact": "serious",
    +             "message": "Element is in tab order and does not have accessible text",
    +             "relatedNodes": Array [],
    +           },
    +         ],
    +         "target": Array [
    +           ".hover\\:text-white[href=\"#\"]:nth-child(3)",
    +         ],
    +       },
    +       Object {
    +         "all": Array [],
    +         "any": Array [
    +           Object {
    +             "data": null,
    +             "id": "has-visible-text",
    +             "impact": "serious",
    +             "message": "Element does not have text that is visible to screen readers",
    +             "relatedNodes": Array [],
    +           },
    +           Object {
    +             "data": null,
    +             "id": "aria-label",
    +             "impact": "serious",
    +             "message": "aria-label attribute does not exist or is empty",
    +             "relatedNodes": Array [],
    +           },
    +           Object {
    +             "data": null,
    +             "id": "aria-labelledby",
    +             "impact": "serious",
    +             "message": "aria-labelledby attribute does not exist, references elements that do not exist or references elements that are empty",
    +             "relatedNodes": Array [],
    +           },
    +           Object {
    +             "data": Object {
    +               "messageKey": "noAttr",
    +             },
    +             "id": "non-empty-title",
    +             "impact": "serious",
    +             "message": "Element has no title attribute",
    +             "relatedNodes": Array [],
    +           },
    +         ],
    +         "failureSummary": "Fix all of the following:
    +   Element is in tab order and does not have accessible text
    +
    + Fix any of the following:
    +   Element does not have text that is visible to screen readers
    +   aria-label attribute does not exist or is empty
    +   aria-labelledby attribute does not exist, references elements that do not exist or references elements that are empty
    +   Element has no title attribute",
    +         "html": "<a href=\"#\" class=\"text-gray-400 hover:text-white transition-colors\">",
    +         "impact": "serious",
    +         "none": Array [
    +           Object {
    +             "data": null,
    +             "id": "focusable-no-name",
    +             "impact": "serious",
    +             "message": "Element is in tab order and does not have accessible text",
    +             "relatedNodes": Array [],
    +           },
    +         ],
    +         "target": Array [
    +           ".hover\\:text-white[href=\"#\"]:nth-child(4)",
    +         ],
    +       },
    +     ],
    +     "tags": Array [
    +       "cat.name-role-value",
    +       "wcag2a",
    +       "wcag244",
    +       "wcag412",
    +       "section508",
    +       "section508.22.a",
    +       "TTv5",
    +       "TT6.a",
    +       "EN-301-549",
    +       "EN-9.2.4.4",
    +       "EN-9.4.1.2",
    +       "ACT",
    +     ],
    +   },
    +   Object {
    +     "description": "Ensure select element has an accessible name",
    +     "help": "Select element must have an accessible name",
    +     "helpUrl": "https://dequeuniversity.com/rules/axe/4.10/select-name?application=playwright",
    +     "id": "select-name",
    +     "impact": "critical",
    +     "nodes": Array [
    +       Object {
    +         "all": Array [],
    +         "any": Array [
    +           Object {
    +             "data": null,
    +             "id": "implicit-label",
    +             "impact": "critical",
    +             "message": "Element does not have an implicit (wrapped) <label>",
    +             "relatedNodes": Array [],
    +           },
    +           Object {
    +             "data": null,
    +             "id": "explicit-label",
    +             "impact": "critical",
    +             "message": "Element does not have an explicit <label>",
    +             "relatedNodes": Array [],
    +           },
    +           Object {
    +             "data": null,
    +             "id": "aria-label",
    +             "impact": "critical",
    +             "message": "aria-label attribute does not exist or is empty",
    +             "relatedNodes": Array [],
    +           },
    +           Object {
    +             "data": null,
    +             "id": "aria-labelledby",
    +             "impact": "critical",
    +             "message": "aria-labelledby attribute does not exist, references elements that do not exist or references elements that are empty",
    +             "relatedNodes": Array [],
    +           },
    +           Object {
    +             "data": Object {
    +               "messageKey": "noAttr",
    +             },
    +             "id": "non-empty-title",
    +             "impact": "critical",
    +             "message": "Element has no title attribute",
    +             "relatedNodes": Array [],
    +           },
    +           Object {
    +             "data": null,
    +             "id": "presentational-role",
    +             "impact": "critical",
    +             "message": "Element's default semantics were not overridden with role=\"none\" or role=\"presentation\"",
    +             "relatedNodes": Array [],
    +           },
    +         ],
    +         "failureSummary": "Fix any of the following:
    +   Element does not have an implicit (wrapped) <label>
    +   Element does not have an explicit <label>
    +   aria-label attribute does not exist or is empty
    +   aria-labelledby attribute does not exist, references elements that do not exist or references elements that are empty
    +   Element has no title attribute
    +   Element's default semantics were not overridden with role=\"none\" or role=\"presentation\"",
    +         "html": "<select class=\"w-full px-4 py-3 border border-gray-300 rounded-lg focus:ring-2 focus:ring-amber-500 focus:border-transparent\">",
    +         "impact": "critical",
    +         "none": Array [],
    +         "target": Array [
    +           "select",
    +         ],
    +       },
    +     ],
    +     "tags": Array [
    +       "cat.forms",
    +       "wcag2a",
    +       "wcag412",
    +       "section508",
    +       "section508.22.n",
    +       "TTv5",
    +       "TT5.c",
    +       "EN-301-549",
    +       "EN-9.4.1.2",
    +       "ACT",
    +     ],
    +   },
    + ]

      72 |       .analyze();
      73 |     
    > 74 |     expect(accessibilityScanResults.violations).toEqual([]);
         |                                                 ^
      75 |   });
      76 | });
      77 |
        at /Users/asithalakmal/Documents/web/SmartHotel/tests/e2e/accessibility.spec.ts:74:49

    attachment #1: screenshot (image/png) ──────────────────────────────────────────────────────────
    ../../test-results/accessibility-Accessibilit-b1c7e--should-meet-WCAG-standards-Mobile-Chrome/test-failed-1.png
    ────────────────────────────────────────────────────────────────────────────────────────────────

    attachment #2: video (video/webm) ──────────────────────────────────────────────────────────────
    ../../test-results/accessibility-Accessibilit-b1c7e--should-meet-WCAG-standards-Mobile-Chrome/video-1.webm
    ────────────────────────────────────────────────────────────────────────────────────────────────

    attachment #3: video (video/webm) ──────────────────────────────────────────────────────────────
    ../../test-results/accessibility-Accessibilit-b1c7e--should-meet-WCAG-standards-Mobile-Chrome/video.webm
    ────────────────────────────────────────────────────────────────────────────────────────────────

    Error Context: ../../test-results/accessibility-Accessibilit-b1c7e--should-meet-WCAG-standards-Mobile-Chrome/error-context.md
]]>
</failure>
<system-out>
<![CDATA[
[[ATTACHMENT|accessibility-Accessibilit-b1c7e--should-meet-WCAG-standards-Mobile-Chrome/test-failed-1.png]]

[[ATTACHMENT|accessibility-Accessibilit-b1c7e--should-meet-WCAG-standards-Mobile-Chrome/video-1.webm]]

[[ATTACHMENT|accessibility-Accessibilit-b1c7e--should-meet-WCAG-standards-Mobile-Chrome/video.webm]]

[[ATTACHMENT|accessibility-Accessibilit-b1c7e--should-meet-WCAG-standards-Mobile-Chrome/error-context.md]]
]]>
</system-out>
</testcase>
</testsuite>
<testsuite name="accessibility.spec.ts" timestamp="2025-10-28T21:16:54.206Z" hostname="Mobile Safari" tests="7" failures="7" skipped="0" time="5.149" errors="0">
<testcase name="Accessibility Tests › Homepage should be accessible" classname="accessibility.spec.ts" time="0.972">
<failure message="accessibility.spec.ts:5:7 Homepage should be accessible" type="FAILURE">
<![CDATA[  [Mobile Safari] › accessibility.spec.ts:5:7 › Accessibility Tests › Homepage should be accessible 

    Error: browserContext.newPage: Protocol error (Emulation.setOrientationOverride): 'Emulation.setOrientationOverride' was not found
]]>
</failure>
</testcase>
<testcase name="Accessibility Tests › Booking page should be accessible" classname="accessibility.spec.ts" time="0.816">
<failure message="accessibility.spec.ts:14:7 Booking page should be accessible" type="FAILURE">
<![CDATA[  [Mobile Safari] › accessibility.spec.ts:14:7 › Accessibility Tests › Booking page should be accessible 

    Error: browserContext.newPage: Protocol error (Emulation.setOrientationOverride): 'Emulation.setOrientationOverride' was not found
]]>
</failure>
</testcase>
<testcase name="Accessibility Tests › Contact page should be accessible" classname="accessibility.spec.ts" time="0.702">
<failure message="accessibility.spec.ts:22:7 Contact page should be accessible" type="FAILURE">
<![CDATA[  [Mobile Safari] › accessibility.spec.ts:22:7 › Accessibility Tests › Contact page should be accessible 

    Error: browserContext.newPage: Protocol error (Emulation.setOrientationOverride): 'Emulation.setOrientationOverride' was not found
]]>
</failure>
</testcase>
<testcase name="Accessibility Tests › Navigation should be keyboard accessible" classname="accessibility.spec.ts" time="0.604">
<failure message="accessibility.spec.ts:30:7 Navigation should be keyboard accessible" type="FAILURE">
<![CDATA[  [Mobile Safari] › accessibility.spec.ts:30:7 › Accessibility Tests › Navigation should be keyboard accessible 

    Error: browserContext.newPage: Protocol error (Emulation.setOrientationOverride): 'Emulation.setOrientationOverride' was not found
]]>
</failure>
</testcase>
<testcase name="Accessibility Tests › Forms should have proper labels" classname="accessibility.spec.ts" time="0.711">
<failure message="accessibility.spec.ts:43:7 Forms should have proper labels" type="FAILURE">
<![CDATA[  [Mobile Safari] › accessibility.spec.ts:43:7 › Accessibility Tests › Forms should have proper labels 

    Error: browserContext.newPage: Protocol error (Emulation.setOrientationOverride): 'Emulation.setOrientationOverride' was not found
]]>
</failure>
</testcase>
<testcase name="Accessibility Tests › Images should have alt text" classname="accessibility.spec.ts" time="0.572">
<failure message="accessibility.spec.ts:57:7 Images should have alt text" type="FAILURE">
<![CDATA[  [Mobile Safari] › accessibility.spec.ts:57:7 › Accessibility Tests › Images should have alt text ─

    Error: browserContext.newPage: Protocol error (Emulation.setOrientationOverride): 'Emulation.setOrientationOverride' was not found
]]>
</failure>
</testcase>
<testcase name="Accessibility Tests › Color contrast should meet WCAG standards" classname="accessibility.spec.ts" time="0.772">
<failure message="accessibility.spec.ts:67:7 Color contrast should meet WCAG standards" type="FAILURE">
<![CDATA[  [Mobile Safari] › accessibility.spec.ts:67:7 › Accessibility Tests › Color contrast should meet WCAG standards 

    Error: browserContext.newPage: Protocol error (Emulation.setOrientationOverride): 'Emulation.setOrientationOverride' was not found
]]>
</failure>
</testcase>
</testsuite>
</testsuites>